2026-02-24 16:08:34,698 [INFO] [INIT] relay_1 / HID @ XFw/XEhJRCNWSURfMTZDMCZQSURfMDVERiM4JjIwZDg3NDJmJjAmMDAwMCN7NGQxZTU1YjItZjE2Zi0xMWNmLTg4Y2ItMDAxMTExMDAwMDMwfQ==
2026-02-24 16:08:39,618 [INFO] Relay connected via HID: b'\\\\?\\HID#VID_16C0&PID_05DF#8&20d8742f&0&0000#{4d1e55b2-f16f-11cf-88cb-001111000030}'
2026-02-24 16:08:46,529 [INFO] Relay 8 -> ON (Command: [0, 255, 8])
2026-02-24 16:08:47,693 [INFO] Relay 7 -> ON (Command: [0, 255, 7])
2026-02-24 16:09:05,500 [INFO] Relay 8 -> OFF (Command: [0, 253, 8])
2026-02-24 16:09:06,645 [INFO] Relay 7 -> OFF (Command: [0, 253, 7])
2026-02-24 16:09:16,526 [INFO] Relay 8 -> ON (Command: [0, 255, 8])
2026-02-24 16:09:17,688 [INFO] Relay 7 -> ON (Command: [0, 255, 7])
2026-02-24 16:09:36,870 [INFO] Relay 8 -> OFF (Command: [0, 253, 8])
2026-02-24 16:09:38,022 [INFO] Relay 7 -> OFF (Command: [0, 253, 7])
2026-02-24 16:13:49,631 [INFO] [INIT] relay_1 / HID @ XFw/XEhJRCNWSURfMTZDMCZQSURfMDVERiM4JjIwZDg3NDJmJjAmMDAwMCN7NGQxZTU1YjItZjE2Zi0xMWNmLTg4Y2ItMDAxMTExMDAwMDMwfQ==
2026-02-24 16:13:54,618 [INFO] Relay connected via HID: b'\\\\?\\HID#VID_16C0&PID_05DF#8&20d8742f&0&0000#{4d1e55b2-f16f-11cf-88cb-001111000030}'
2026-02-24 16:14:01,500 [INFO] Relay 8 -> ON (Command: [0, 255, 8])
2026-02-24 16:14:02,630 [INFO] Relay 7 -> ON (Command: [0, 255, 7])
2026-02-24 16:14:20,272 [INFO] Relay 8 -> OFF (Command: [0, 253, 8])
2026-02-24 16:14:21,477 [INFO] Relay 7 -> OFF (Command: [0, 253, 7])
2026-02-24 16:14:31,417 [INFO] Relay 8 -> ON (Command: [0, 255, 8])
2026-02-24 16:14:32,578 [INFO] Relay 7 -> ON (Command: [0, 255, 7])
2026-02-24 16:14:50,183 [INFO] Relay 7 -> OFF (Command: [0, 253, 7])
2026-02-24 16:14:51,353 [INFO] Relay 8 -> OFF (Command: [0, 253, 8])
2026-02-24 16:16:02,209 [INFO] Relay 1 -> ON (Command: [0, 255, 1])
2026-02-24 16:16:03,336 [INFO] Relay 2 -> ON (Command: [0, 255, 2])
2026-02-24 16:16:58,142 [INFO] Relay 1 -> OFF (Command: [0, 253, 1])
2026-02-24 16:16:59,270 [INFO] Relay 2 -> OFF (Command: [0, 253, 2])
2026-02-24 16:17:00,417 [INFO] Relay 4 -> ON (Command: [0, 255, 4])
2026-02-24 16:17:01,532 [INFO] Relay 3 -> ON (Command: [0, 255, 3])
2026-02-24 16:17:46,099 [INFO] Relay 4 -> OFF (Command: [0, 253, 4])
2026-02-24 16:17:47,230 [INFO] Relay 3 -> OFF (Command: [0, 253, 3])
2026-02-24 16:18:09,672 [INFO] Relay HID connection closed.
2026-02-24 16:18:56,600 [INFO] [INIT] relay_1 / HID @ XFw/XEhJRCNWSURfMTZDMCZQSURfMDVERiM4JjIwZDg3NDJmJjAmMDAwMCN7NGQxZTU1YjItZjE2Zi0xMWNmLTg4Y2ItMDAxMTExMDAwMDMwfQ==
2026-02-24 16:19:52,068 [INFO] Relay connected via HID: b'\\\\?\\HID#VID_16C0&PID_05DF#8&20d8742f&0&0000#{4d1e55b2-f16f-11cf-88cb-001111000030}'
2026-02-24 16:19:58,921 [INFO] Relay 8 -> ON (Command: [0, 255, 8])
2026-02-24 16:20:00,225 [INFO] Relay 7 -> ON (Command: [0, 255, 7])
2026-02-24 16:20:18,169 [INFO] Relay 7 -> OFF (Command: [0, 253, 7])
2026-02-24 16:20:19,428 [INFO] Relay 8 -> OFF (Command: [0, 253, 8])
2026-02-24 16:20:29,498 [INFO] Relay 7 -> ON (Command: [0, 255, 7])
2026-02-24 16:20:32,406 [INFO] Relay 8 -> ON (Command: [0, 255, 8])
2026-02-24 16:20:48,498 [INFO] Relay 7 -> OFF (Command: [0, 253, 7])
2026-02-24 16:20:51,334 [INFO] Relay 8 -> OFF (Command: [0, 253, 8])
2026-02-24 16:22:01,035 [INFO] Relay 2 -> ON (Command: [0, 255, 2])
2026-02-24 16:22:02,309 [INFO] Relay 1 -> ON (Command: [0, 255, 1])
2026-02-24 16:23:19,395 [INFO] Relay 1 -> OFF (Command: [0, 253, 1])
2026-02-24 16:23:20,636 [INFO] Relay 2 -> OFF (Command: [0, 253, 2])
2026-02-24 16:23:21,720 [INFO] Relay 4 -> ON (Command: [0, 255, 4])
2026-02-24 16:23:22,945 [INFO] Relay 3 -> ON (Command: [0, 255, 3])
2026-02-24 16:24:08,064 [INFO] Relay 3 -> OFF (Command: [0, 253, 3])
2026-02-24 16:24:09,450 [INFO] Relay 4 -> OFF (Command: [0, 253, 4])
2026-02-24 16:24:33,546 [INFO] Relay HID connection closed.
2026-02-24 16:33:58,536 [INFO] [INIT] relay_1 / HID @ XFw/XEhJRCNWSURfMTZDMCZQSURfMDVERiM4JjIwZDg3NDJmJjAmMDAwMCN7NGQxZTU1YjItZjE2Zi0xMWNmLTg4Y2ItMDAxMTExMDAwMDMwfQ==
2026-02-24 16:36:02,717 [INFO] [INIT] relay_1 / HID @ XFw/XEhJRCNWSURfMTZDMCZQSURfMDVERiM4JjIwZDg3NDJmJjAmMDAwMCN7NGQxZTU1YjItZjE2Zi0xMWNmLTg4Y2ItMDAxMTExMDAwMDMwfQ==
2026-02-24 17:09:17,906 [INFO] [INIT] relay_1 / HID @ XFw/XEhJRCNWSURfMTZDMCZQSURfMDVERiM4JjIwZDg3NDJmJjAmMDAwMCN7NGQxZTU1YjItZjE2Zi0xMWNmLTg4Y2ItMDAxMTExMDAwMDMwfQ==
2026-02-24 17:40:36,581 [INFO] [INIT] relay_1 / HID @ XFw/XEhJRCNWSURfMTZDMCZQSURfMDVERiM4JjIwZDg3NDJmJjAmMDAwMCN7NGQxZTU1YjItZjE2Zi0xMWNmLTg4Y2ItMDAxMTExMDAwMDMwfQ==
2026-02-24 17:56:33,412 [INFO] [INIT] relay_1 / HID @ XFw/XEhJRCNWSURfMTZDMCZQSURfMDVERiM4JjIwZDg3NDJmJjAmMDAwMCN7NGQxZTU1YjItZjE2Zi0xMWNmLTg4Y2ItMDAxMTExMDAwMDMwfQ==
2026-02-24 18:00:07,744 [INFO] [INIT] relay_1 / HID @ XFw/XEhJRCNWSURfMTZDMCZQSURfMDVERiM4JjIwZDg3NDJmJjAmMDAwMCN7NGQxZTU1YjItZjE2Zi0xMWNmLTg4Y2ItMDAxMTExMDAwMDMwfQ==
2026-02-24 18:00:46,093 [INFO] Relay connected via HID: b'\\\\?\\HID#VID_16C0&PID_05DF#8&20d8742f&0&0000#{4d1e55b2-f16f-11cf-88cb-001111000030}'
2026-02-24 18:00:53,187 [INFO] Relay 7 -> ON (Command: [0, 255, 7])
2026-02-24 18:00:54,288 [INFO] Relay 8 -> ON (Command: [0, 255, 8])
2026-02-24 18:01:12,321 [INFO] Relay 8 -> OFF (Command: [0, 253, 8])
2026-02-24 18:01:15,327 [INFO] Relay 7 -> OFF (Command: [0, 253, 7])
2026-02-24 18:01:25,326 [INFO] Relay 7 -> ON (Command: [0, 255, 7])
2026-02-24 18:01:26,551 [INFO] Relay 8 -> ON (Command: [0, 255, 8])
2026-02-24 18:01:44,472 [INFO] Relay 8 -> OFF (Command: [0, 253, 8])
2026-02-24 18:01:45,601 [INFO] Relay 7 -> OFF (Command: [0, 253, 7])
2026-02-24 18:04:48,403 [INFO] [INIT] relay_1 / HID @ XFw/XEhJRCNWSURfMTZDMCZQSURfMDVERiM4JjIwZDg3NDJmJjAmMDAwMCN7NGQxZTU1YjItZjE2Zi0xMWNmLTg4Y2ItMDAxMTExMDAwMDMwfQ==
2026-02-24 18:05:27,820 [INFO] Relay connected via HID: b'\\\\?\\HID#VID_16C0&PID_05DF#8&20d8742f&0&0000#{4d1e55b2-f16f-11cf-88cb-001111000030}'
2026-02-24 18:05:35,230 [INFO] Relay 8 -> ON (Command: [0, 255, 8])
2026-02-24 18:05:38,107 [INFO] Relay 7 -> ON (Command: [0, 255, 7])
2026-02-24 18:05:54,069 [INFO] Relay 7 -> OFF (Command: [0, 253, 7])
2026-02-24 18:05:55,179 [INFO] Relay 8 -> OFF (Command: [0, 253, 8])
2026-02-24 18:06:15,700 [INFO] Relay 7 -> ON (Command: [0, 255, 7])
2026-02-24 18:06:16,832 [INFO] Relay 8 -> ON (Command: [0, 255, 8])
2026-02-24 18:06:36,281 [INFO] Relay 7 -> OFF (Command: [0, 253, 7])
2026-02-24 18:06:37,413 [INFO] Relay 8 -> OFF (Command: [0, 253, 8])
2026-02-24 18:07:50,196 [INFO] Relay 1 -> ON (Command: [0, 255, 1])
2026-02-24 18:07:51,361 [INFO] Relay 2 -> ON (Command: [0, 255, 2])
2026-02-24 18:09:08,948 [INFO] Relay 2 -> OFF (Command: [0, 253, 2])
2026-02-24 18:09:10,256 [INFO] Relay 1 -> OFF (Command: [0, 253, 1])
2026-02-24 18:09:11,541 [INFO] Relay 3 -> ON (Command: [0, 255, 3])
2026-02-24 18:09:12,771 [INFO] Relay 4 -> ON (Command: [0, 255, 4])
2026-02-24 18:09:58,296 [INFO] Relay 4 -> OFF (Command: [0, 253, 4])
2026-02-24 18:09:59,568 [INFO] Relay 3 -> OFF (Command: [0, 253, 3])
2026-02-24 18:10:20,993 [INFO] Relay HID connection closed.
2026-02-24 19:30:47,316 [INFO] [INIT] relay_1 / HID @ XFw/XEhJRCNWSURfMTZDMCZQSURfMDVERiM4JjIwZDg3NDJmJjAmMDAwMCN7NGQxZTU1YjItZjE2Zi0xMWNmLTg4Y2ItMDAxMTExMDAwMDMwfQ==
2026-02-24 19:32:25,911 [INFO] Relay connected via HID: b'\\\\?\\HID#VID_16C0&PID_05DF#8&20d8742f&0&0000#{4d1e55b2-f16f-11cf-88cb-001111000030}'
2026-02-24 19:32:32,923 [INFO] Relay 7 -> ON (Command: [0, 255, 7])
2026-02-24 19:32:36,026 [INFO] Relay 8 -> ON (Command: [0, 255, 8])
2026-02-24 19:32:52,121 [INFO] Relay 7 -> OFF (Command: [0, 253, 7])
2026-02-24 19:32:53,393 [INFO] Relay 8 -> OFF (Command: [0, 253, 8])
2026-02-24 19:33:05,600 [INFO] Relay 8 -> ON (Command: [0, 255, 8])
2026-02-24 19:33:06,834 [INFO] Relay 7 -> ON (Command: [0, 255, 7])
2026-02-24 19:33:27,272 [INFO] Relay 7 -> OFF (Command: [0, 253, 7])
2026-02-24 19:33:28,440 [INFO] Relay 8 -> OFF (Command: [0, 253, 8])
2026-02-24 19:34:44,081 [INFO] Relay 1 -> ON (Command: [0, 255, 1])
2026-02-24 19:34:45,247 [INFO] Relay 2 -> ON (Command: [0, 255, 2])
2026-02-24 19:35:59,228 [INFO] Relay 2 -> OFF (Command: [0, 253, 2])
2026-02-24 19:36:00,487 [INFO] Relay 1 -> OFF (Command: [0, 253, 1])
2026-02-24 19:36:01,800 [INFO] Relay 4 -> ON (Command: [0, 255, 4])
2026-02-24 19:36:03,022 [INFO] Relay 3 -> ON (Command: [0, 255, 3])
2026-02-24 19:36:48,427 [INFO] Relay 3 -> OFF (Command: [0, 253, 3])
2026-02-24 19:36:49,615 [INFO] Relay 4 -> OFF (Command: [0, 253, 4])
2026-02-24 19:37:11,192 [INFO] Relay HID connection closed.
2026-02-24 19:38:41,440 [INFO] Relay connected via HID: b'\\\\?\\HID#VID_16C0&PID_05DF#8&20d8742f&0&0000#{4d1e55b2-f16f-11cf-88cb-001111000030}'
2026-02-24 19:38:49,021 [INFO] Relay 7 -> ON (Command: [0, 255, 7])
2026-02-24 19:38:50,281 [INFO] Relay 8 -> ON (Command: [0, 255, 8])
2026-02-24 19:39:10,075 [INFO] Relay 7 -> OFF (Command: [0, 253, 7])
2026-02-24 19:39:11,361 [INFO] Relay 8 -> OFF (Command: [0, 253, 8])
2026-02-24 19:39:19,918 [INFO] Relay 8 -> ON (Command: [0, 255, 8])
2026-02-24 19:39:21,092 [INFO] Relay 7 -> ON (Command: [0, 255, 7])
2026-02-24 19:39:40,577 [INFO] Relay 7 -> OFF (Command: [0, 253, 7])
2026-02-24 19:39:41,755 [INFO] Relay 8 -> OFF (Command: [0, 253, 8])
2026-02-24 19:40:57,462 [INFO] Relay 1 -> ON (Command: [0, 255, 1])
2026-02-24 19:40:58,966 [INFO] Relay 2 -> ON (Command: [0, 255, 2])
2026-02-24 19:42:14,371 [INFO] Relay 1 -> OFF (Command: [0, 253, 1])
2026-02-24 19:42:15,529 [INFO] Relay 2 -> OFF (Command: [0, 253, 2])
2026-02-24 19:42:16,799 [INFO] Relay 4 -> ON (Command: [0, 255, 4])
2026-02-24 19:42:17,989 [INFO] Relay 3 -> ON (Command: [0, 255, 3])
2026-02-24 19:43:03,209 [INFO] Relay 4 -> OFF (Command: [0, 253, 4])
2026-02-24 19:43:04,551 [INFO] Relay 3 -> OFF (Command: [0, 253, 3])
2026-02-24 19:43:26,212 [INFO] Relay HID connection closed.
2026-02-24 19:50:32,989 [INFO] [INIT] relay_1 / HID @ XFw/XEhJRCNWSURfMTZDMCZQSURfMDVERiM4JjIwZDg3NDJmJjAmMDAwMCN7NGQxZTU1YjItZjE2Zi0xMWNmLTg4Y2ItMDAxMTExMDAwMDMwfQ==
2026-02-24 19:51:21,613 [INFO] Relay connected via HID: b'\\\\?\\HID#VID_16C0&PID_05DF#8&20d8742f&0&0000#{4d1e55b2-f16f-11cf-88cb-001111000030}'
2026-02-24 19:51:28,900 [INFO] Relay 8 -> ON (Command: [0, 255, 8])
2026-02-24 19:51:30,138 [INFO] Relay 7 -> ON (Command: [0, 255, 7])
2026-02-24 19:51:47,963 [INFO] Relay 7 -> OFF (Command: [0, 253, 7])
2026-02-24 19:51:49,182 [INFO] Relay 8 -> OFF (Command: [0, 253, 8])
2026-02-24 19:52:00,837 [INFO] Relay 7 -> ON (Command: [0, 255, 7])
2026-02-24 19:52:02,041 [INFO] Relay 8 -> ON (Command: [0, 255, 8])
2026-02-24 19:52:19,758 [INFO] Relay 7 -> OFF (Command: [0, 253, 7])
2026-02-24 19:52:21,013 [INFO] Relay 8 -> OFF (Command: [0, 253, 8])
2026-02-24 19:53:30,543 [INFO] Relay 1 -> ON (Command: [0, 255, 1])
2026-02-24 19:53:31,892 [INFO] Relay 2 -> ON (Command: [0, 255, 2])
2026-02-24 19:54:41,585 [INFO] Relay 1 -> OFF (Command: [0, 253, 1])
2026-02-24 19:54:42,766 [INFO] Relay 2 -> OFF (Command: [0, 253, 2])
2026-02-24 19:54:43,958 [INFO] Relay 4 -> ON (Command: [0, 255, 4])
2026-02-24 19:54:45,214 [INFO] Relay 3 -> ON (Command: [0, 255, 3])
2026-02-24 19:55:30,666 [INFO] Relay 4 -> OFF (Command: [0, 253, 4])
2026-02-24 19:55:31,845 [INFO] Relay 3 -> OFF (Command: [0, 253, 3])
2026-02-24 19:55:52,067 [INFO] Relay HID connection closed.
2026-02-24 20:59:14,772 [INFO] [INIT] relay_1 / HID @ XFw/XEhJRCNWSURfMTZDMCZQSURfMDVERiM4JjIwZDg3NDJmJjAmMDAwMCN7NGQxZTU1YjItZjE2Zi0xMWNmLTg4Y2ItMDAxMTExMDAwMDMwfQ==
2026-02-24 21:00:28,761 [INFO] Relay connected via HID: b'\\\\?\\HID#VID_16C0&PID_05DF#8&20d8742f&0&0000#{4d1e55b2-f16f-11cf-88cb-001111000030}'
2026-02-24 21:00:35,615 [INFO] Relay 8 -> ON (Command: [0, 255, 8])
2026-02-24 21:00:38,475 [INFO] Relay 7 -> ON (Command: [0, 255, 7])
2026-02-24 21:00:54,552 [INFO] Relay 7 -> OFF (Command: [0, 253, 7])
2026-02-24 21:00:55,769 [INFO] Relay 8 -> OFF (Command: [0, 253, 8])
2026-02-24 21:01:06,208 [INFO] Relay 7 -> ON (Command: [0, 255, 7])
2026-02-24 21:01:07,463 [INFO] Relay 8 -> ON (Command: [0, 255, 8])
2026-02-24 21:01:26,997 [INFO] Relay 8 -> OFF (Command: [0, 253, 8])
2026-02-24 21:01:28,183 [INFO] Relay 7 -> OFF (Command: [0, 253, 7])
2026-02-24 21:02:44,712 [INFO] Relay 1 -> ON (Command: [0, 255, 1])
2026-02-24 21:02:45,853 [INFO] Relay 2 -> ON (Command: [0, 255, 2])
2026-02-24 21:04:01,167 [INFO] Relay 1 -> OFF (Command: [0, 253, 1])
2026-02-24 21:04:02,662 [INFO] Relay 2 -> OFF (Command: [0, 253, 2])
2026-02-24 21:04:03,832 [INFO] Relay 4 -> ON (Command: [0, 255, 4])
2026-02-24 21:04:05,068 [INFO] Relay 3 -> ON (Command: [0, 255, 3])
2026-02-24 21:04:50,023 [INFO] Relay 4 -> OFF (Command: [0, 253, 4])
2026-02-24 21:04:51,190 [INFO] Relay 3 -> OFF (Command: [0, 253, 3])
2026-02-24 21:05:16,907 [INFO] Relay HID connection closed.
2026-02-25 16:03:33,782 [INFO] [INIT] relay_1 / HID @ XFw/XEhJRCNWSURfMTZDMCZQSURfMDVERiM4JjIwZDg3NDJmJjAmMDAwMCN7NGQxZTU1YjItZjE2Zi0xMWNmLTg4Y2ItMDAxMTExMDAwMDMwfQ==
2026-02-25 16:04:48,593 [INFO] Relay connected via HID: b'\\\\?\\HID#VID_16C0&PID_05DF#8&20d8742f&0&0000#{4d1e55b2-f16f-11cf-88cb-001111000030}'
2026-02-25 16:07:36,540 [INFO] Relay connected via HID: b'\\\\?\\HID#VID_16C0&PID_05DF#8&20d8742f&0&0000#{4d1e55b2-f16f-11cf-88cb-001111000030}'
2026-02-25 16:07:44,725 [INFO] Relay 8 -> ON (Command: [0, 255, 8])
2026-02-25 16:07:45,962 [INFO] Relay 7 -> ON (Command: [0, 255, 7])
2026-02-25 16:08:02,056 [INFO] Relay 8 -> OFF (Command: [0, 253, 8])
2026-02-25 16:08:04,957 [INFO] Relay 7 -> OFF (Command: [0, 253, 7])
2026-02-25 17:10:21,928 [INFO] [INIT] relay_1 / HID @ XFw/XEhJRCNWSURfMTZDMCZQSURfMDVERiM4JjIwZDg3NDJmJjAmMDAwMCN7NGQxZTU1YjItZjE2Zi0xMWNmLTg4Y2ItMDAxMTExMDAwMDMwfQ==
2026-02-25 17:10:56,801 [INFO] Relay connected via HID: b'\\\\?\\HID#VID_16C0&PID_05DF#8&20d8742f&0&0000#{4d1e55b2-f16f-11cf-88cb-001111000030}'
2026-02-25 17:11:04,232 [INFO] Relay 8 -> ON (Command: [0, 255, 8])
2026-02-25 17:11:07,162 [INFO] Relay 7 -> ON (Command: [0, 255, 7])
2026-02-25 17:11:23,241 [INFO] Relay 7 -> OFF (Command: [0, 253, 7])
2026-02-25 17:11:24,562 [INFO] Relay 8 -> OFF (Command: [0, 253, 8])
2026-02-25 17:11:36,338 [INFO] Relay 8 -> ON (Command: [0, 255, 8])
2026-02-25 17:11:37,612 [INFO] Relay 7 -> ON (Command: [0, 255, 7])
2026-02-25 17:11:55,380 [INFO] Relay 7 -> OFF (Command: [0, 253, 7])
2026-02-25 17:11:56,560 [INFO] Relay 8 -> OFF (Command: [0, 253, 8])
2026-02-25 17:13:06,010 [INFO] Relay 2 -> ON (Command: [0, 255, 2])
2026-02-25 17:13:07,156 [INFO] Relay 1 -> ON (Command: [0, 255, 1])
2026-02-25 17:14:21,904 [INFO] Relay 1 -> OFF (Command: [0, 253, 1])
2026-02-25 17:14:23,031 [INFO] Relay 2 -> OFF (Command: [0, 253, 2])
2026-02-25 17:14:24,271 [INFO] Relay 3 -> ON (Command: [0, 255, 3])
2026-02-25 17:14:25,527 [INFO] Relay 4 -> ON (Command: [0, 255, 4])
2026-02-25 17:15:10,613 [INFO] Relay 3 -> OFF (Command: [0, 253, 3])
2026-02-25 17:15:11,805 [INFO] Relay 4 -> OFF (Command: [0, 253, 4])
2026-02-25 17:15:35,555 [INFO] Relay HID connection closed.
2026-02-25 17:43:17,113 [INFO] [INIT] relay_1 / HID @ XFw/XEhJRCNWSURfMTZDMCZQSURfMDVERiM4JjIwZDg3NDJmJjAmMDAwMCN7NGQxZTU1YjItZjE2Zi0xMWNmLTg4Y2ItMDAxMTExMDAwMDMwfQ==
2026-02-25 17:46:13,372 [INFO] Relay connected via HID: b'\\\\?\\HID#VID_16C0&PID_05DF#8&20d8742f&0&0000#{4d1e55b2-f16f-11cf-88cb-001111000030}'
2026-02-25 17:46:18,453 [INFO] Relay HID connection closed.
2026-02-25 17:47:26,736 [INFO] [INIT] relay_1 / HID @ XFw/XEhJRCNWSURfMTZDMCZQSURfMDVERiM4JjIwZDg3NDJmJjAmMDAwMCN7NGQxZTU1YjItZjE2Zi0xMWNmLTg4Y2ItMDAxMTExMDAwMDMwfQ==
2026-02-25 19:11:20,530 [INFO] [INIT] relay_1 / HID @ XFw/XEhJRCNWSURfMTZDMCZQSURfMDVERiM4JjIwZDg3NDJmJjAmMDAwMCN7NGQxZTU1YjItZjE2Zi0xMWNmLTg4Y2ItMDAxMTExMDAwMDMwfQ==
2026-02-25 19:21:07,461 [INFO] Relay connected via HID: b'\\\\?\\HID#VID_16C0&PID_05DF#8&20d8742f&0&0000#{4d1e55b2-f16f-11cf-88cb-001111000030}'
2026-02-25 19:21:15,460 [INFO] Relay 8 -> ON (Command: [0, 255, 8])
2026-02-25 19:21:16,751 [INFO] Relay 7 -> ON (Command: [0, 255, 7])
2026-02-25 19:21:36,225 [INFO] Relay 7 -> OFF (Command: [0, 253, 7])
2026-02-25 19:21:37,400 [INFO] Relay 8 -> OFF (Command: [0, 253, 8])
2026-02-25 19:23:58,935 [INFO] [INIT] relay_1 / HID @ XFw/XEhJRCNWSURfMTZDMCZQSURfMDVERiM4JjIwZDg3NDJmJjAmMDAwMCN7NGQxZTU1YjItZjE2Zi0xMWNmLTg4Y2ItMDAxMTExMDAwMDMwfQ==
2026-02-25 19:24:39,537 [INFO] Relay connected via HID: b'\\\\?\\HID#VID_16C0&PID_05DF#8&20d8742f&0&0000#{4d1e55b2-f16f-11cf-88cb-001111000030}'
2026-02-25 19:24:46,427 [INFO] Relay 8 -> ON (Command: [0, 255, 8])
2026-02-25 19:24:47,575 [INFO] Relay 7 -> ON (Command: [0, 255, 7])
2026-02-25 19:25:05,334 [INFO] Relay 8 -> OFF (Command: [0, 253, 8])
2026-02-25 19:25:06,479 [INFO] Relay 7 -> OFF (Command: [0, 253, 7])
2026-02-25 19:26:58,740 [INFO] [INIT] relay_1 / HID @ XFw/XEhJRCNWSURfMTZDMCZQSURfMDVERiM4JjIwZDg3NDJmJjAmMDAwMCN7NGQxZTU1YjItZjE2Zi0xMWNmLTg4Y2ItMDAxMTExMDAwMDMwfQ==
2026-02-25 19:27:41,644 [INFO] Relay connected via HID: b'\\\\?\\HID#VID_16C0&PID_05DF#8&20d8742f&0&0000#{4d1e55b2-f16f-11cf-88cb-001111000030}'
2026-02-25 19:27:48,392 [INFO] Relay 8 -> ON (Command: [0, 255, 8])
2026-02-25 19:27:49,590 [INFO] Relay 7 -> ON (Command: [0, 255, 7])
2026-02-25 19:28:54,443 [INFO] [INIT] relay_1 / HID @ XFw/XEhJRCNWSURfMTZDMCZQSURfMDVERiM4JjIwZDg3NDJmJjAmMDAwMCN7NGQxZTU1YjItZjE2Zi0xMWNmLTg4Y2ItMDAxMTExMDAwMDMwfQ==
2026-02-25 19:28:58,951 [INFO] Relay connected via HID: b'\\\\?\\HID#VID_16C0&PID_05DF#8&20d8742f&0&0000#{4d1e55b2-f16f-11cf-88cb-001111000030}'
2026-02-25 19:29:05,467 [INFO] Relay 8 -> ON (Command: [0, 255, 8])
2026-02-25 19:29:06,599 [INFO] Relay 7 -> ON (Command: [0, 255, 7])
2026-02-25 19:29:25,922 [INFO] Relay 7 -> OFF (Command: [0, 253, 7])
2026-02-25 19:29:27,111 [INFO] Relay 8 -> OFF (Command: [0, 253, 8])
2026-02-25 19:29:34,908 [INFO] Relay 7 -> ON (Command: [0, 255, 7])
2026-02-25 19:29:36,057 [INFO] Relay 8 -> ON (Command: [0, 255, 8])
2026-02-25 19:29:53,711 [INFO] Relay 8 -> OFF (Command: [0, 253, 8])
2026-02-25 19:29:56,581 [INFO] Relay 7 -> OFF (Command: [0, 253, 7])
2026-02-25 19:30:34,292 [INFO] Relay HID connection closed.
2026-02-25 19:32:36,087 [INFO] [INIT] relay_1 / HID @ XFw/XEhJRCNWSURfMTZDMCZQSURfMDVERiM4JjIwZDg3NDJmJjAmMDAwMCN7NGQxZTU1YjItZjE2Zi0xMWNmLTg4Y2ItMDAxMTExMDAwMDMwfQ==
2026-02-25 19:32:40,720 [INFO] Relay connected via HID: b'\\\\?\\HID#VID_16C0&PID_05DF#8&20d8742f&0&0000#{4d1e55b2-f16f-11cf-88cb-001111000030}'
2026-02-25 19:32:47,436 [INFO] Relay 8 -> ON (Command: [0, 255, 8])
2026-02-25 19:32:48,567 [INFO] Relay 7 -> ON (Command: [0, 255, 7])
2026-02-25 19:33:06,231 [INFO] Relay 7 -> OFF (Command: [0, 253, 7])
2026-02-25 19:33:07,402 [INFO] Relay 8 -> OFF (Command: [0, 253, 8])
2026-02-25 19:33:16,800 [INFO] Relay 7 -> ON (Command: [0, 255, 7])
2026-02-25 19:33:18,025 [INFO] Relay 8 -> ON (Command: [0, 255, 8])
2026-02-25 19:33:37,304 [INFO] Relay 7 -> OFF (Command: [0, 253, 7])
2026-02-25 19:33:38,468 [INFO] Relay 8 -> OFF (Command: [0, 253, 8])
2026-02-25 19:34:48,402 [INFO] Relay 2 -> ON (Command: [0, 255, 2])
2026-02-25 19:34:49,569 [INFO] Relay 1 -> ON (Command: [0, 255, 1])
2026-02-25 19:35:43,857 [INFO] Relay 2 -> OFF (Command: [0, 253, 2])
2026-02-25 19:35:45,050 [INFO] Relay 1 -> OFF (Command: [0, 253, 1])
2026-02-25 19:35:46,231 [INFO] Relay 3 -> ON (Command: [0, 255, 3])
2026-02-25 19:35:47,397 [INFO] Relay 4 -> ON (Command: [0, 255, 4])
2026-02-25 19:36:32,101 [INFO] Relay 3 -> OFF (Command: [0, 253, 3])
2026-02-25 19:36:33,235 [INFO] Relay 4 -> OFF (Command: [0, 253, 4])
2026-02-25 19:36:53,395 [INFO] Relay HID connection closed.
2026-02-26 16:42:22,299 [INFO] [INIT] relay_1 / HID @ XFw/XEhJRCNWSURfMTZDMCZQSURfMDVERiM4JjIwZDg3NDJmJjAmMDAwMCN7NGQxZTU1YjItZjE2Zi0xMWNmLTg4Y2ItMDAxMTExMDAwMDMwfQ==
2026-02-26 16:44:42,323 [INFO] [INIT] relay_1 / HID @ XFw/XEhJRCNWSURfMTZDMCZQSURfMDVERiM4JjIwZDg3NDJmJjAmMDAwMCN7NGQxZTU1YjItZjE2Zi0xMWNmLTg4Y2ItMDAxMTExMDAwMDMwfQ==
2026-02-26 16:45:56,620 [INFO] [INIT] relay_1 / HID @ XFw/XEhJRCNWSURfMTZDMCZQSURfMDVERiM4JjIwZDg3NDJmJjAmMDAwMCN7NGQxZTU1YjItZjE2Zi0xMWNmLTg4Y2ItMDAxMTExMDAwMDMwfQ==
2026-02-26 16:46:28,913 [INFO] [INIT] relay_1 / HID @ XFw/XEhJRCNWSURfMTZDMCZQSURfMDVERiM4JjIwZDg3NDJmJjAmMDAwMCN7NGQxZTU1YjItZjE2Zi0xMWNmLTg4Y2ItMDAxMTExMDAwMDMwfQ==
2026-02-26 16:51:36,408 [INFO] [INIT] relay_1 / HID @ XFw/XEhJRCNWSURfMTZDMCZQSURfMDVERiM4JjIwZDg3NDJmJjAmMDAwMCN7NGQxZTU1YjItZjE2Zi0xMWNmLTg4Y2ItMDAxMTExMDAwMDMwfQ==
2026-02-26 16:59:07,396 [INFO] [INIT] relay_1 / HID @ XFw/XEhJRCNWSURfMTZDMCZQSURfMDVERiM4JjIwZDg3NDJmJjAmMDAwMCN7NGQxZTU1YjItZjE2Zi0xMWNmLTg4Y2ItMDAxMTExMDAwMDMwfQ==
2026-02-26 17:02:45,831 [INFO] Relay connected via HID: b'\\\\?\\HID#VID_16C0&PID_05DF#8&20d8742f&0&0000#{4d1e55b2-f16f-11cf-88cb-001111000030}'
2026-02-26 17:02:51,008 [INFO] Relay HID connection closed.
2026-02-26 17:47:55,624 [INFO] [INIT] relay_1 / HID @ XFw/XEhJRCNWSURfMTZDMCZQSURfMDVERiM4JjIwZDg3NDJmJjAmMDAwMCN7NGQxZTU1YjItZjE2Zi0xMWNmLTg4Y2ItMDAxMTExMDAwMDMwfQ==
2026-02-26 17:48:55,647 [INFO] Relay connected via HID: b'\\\\?\\HID#VID_16C0&PID_05DF#8&20d8742f&0&0000#{4d1e55b2-f16f-11cf-88cb-001111000030}'
2026-02-26 17:49:00,726 [INFO] Relay HID connection closed.
2026-02-26 18:44:29,140 [INFO] [INIT] relay_1 / HID @ XFw/XEhJRCNWSURfMTZDMCZQSURfMDVERiM4JjIwZDg3NDJmJjAmMDAwMCN7NGQxZTU1YjItZjE2Zi0xMWNmLTg4Y2ItMDAxMTExMDAwMDMwfQ==
2026-02-26 18:45:21,562 [INFO] Relay connected via HID: b'\\\\?\\HID#VID_16C0&PID_05DF#8&20d8742f&0&0000#{4d1e55b2-f16f-11cf-88cb-001111000030}'
2026-02-26 18:45:28,054 [INFO] Relay 8 -> ON (Command: [0, 255, 8])
2026-02-26 18:45:29,107 [INFO] Relay 7 -> ON (Command: [0, 255, 7])
2026-02-26 18:45:32,664 [INFO] Relay 7 -> OFF (Command: [0, 253, 7])
2026-02-26 18:45:33,718 [INFO] Relay 8 -> OFF (Command: [0, 253, 8])
2026-02-26 18:45:37,275 [INFO] Relay 8 -> ON (Command: [0, 255, 8])
2026-02-26 18:45:38,327 [INFO] Relay 7 -> ON (Command: [0, 255, 7])
2026-02-26 18:45:43,388 [INFO] Relay 8 -> OFF (Command: [0, 253, 8])
2026-02-26 18:45:44,441 [INFO] Relay 7 -> OFF (Command: [0, 253, 7])
2026-02-26 18:46:33,217 [INFO] Relay 2 -> ON (Command: [0, 255, 2])
2026-02-26 18:46:34,270 [INFO] Relay 1 -> ON (Command: [0, 255, 1])
2026-02-26 18:46:43,174 [INFO] Relay 2 -> OFF (Command: [0, 253, 2])
2026-02-26 18:46:44,226 [INFO] Relay 1 -> OFF (Command: [0, 253, 1])
2026-02-26 18:46:45,278 [INFO] Relay 3 -> ON (Command: [0, 255, 3])
2026-02-26 18:46:46,331 [INFO] Relay 4 -> ON (Command: [0, 255, 4])
2026-02-26 18:46:49,704 [INFO] Relay HID connection closed.
2026-02-26 19:05:41,164 [INFO] [INIT] relay_1 / HID @ XFw/XEhJRCNWSURfMTZDMCZQSURfMDVERiM4JjIwZDg3NDJmJjAmMDAwMCN7NGQxZTU1YjItZjE2Zi0xMWNmLTg4Y2ItMDAxMTExMDAwMDMwfQ==
2026-02-26 19:07:59,512 [INFO] Relay connected via HID: b'\\\\?\\HID#VID_16C0&PID_05DF#8&20d8742f&0&0000#{4d1e55b2-f16f-11cf-88cb-001111000030}'
2026-02-26 19:08:06,243 [INFO] Relay 7 -> ON (Command: [0, 255, 7])
2026-02-26 19:08:08,939 [INFO] Relay 8 -> ON (Command: [0, 255, 8])
2026-02-26 19:08:24,987 [INFO] Relay 8 -> OFF (Command: [0, 253, 8])
2026-02-26 19:08:27,734 [INFO] Relay 7 -> OFF (Command: [0, 253, 7])
2026-02-26 19:15:05,035 [INFO] [INIT] relay_1 / HID @ XFw/XEhJRCNWSURfMTZDMCZQSURfMDVERiM4JjIwZDg3NDJmJjAmMDAwMCN7NGQxZTU1YjItZjE2Zi0xMWNmLTg4Y2ItMDAxMTExMDAwMDMwfQ==
2026-02-26 19:15:15,726 [INFO] [INIT] relay_1 / HID @ XFw/XEhJRCNWSURfMTZDMCZQSURfMDVERiM4JjIwZDg3NDJmJjAmMDAwMCN7NGQxZTU1YjItZjE2Zi0xMWNmLTg4Y2ItMDAxMTExMDAwMDMwfQ==
2026-02-26 19:17:02,466 [INFO] [INIT] relay_1 / HID @ XFw/XEhJRCNWSURfMTZDMCZQSURfMDVERiM4JjIwZDg3NDJmJjAmMDAwMCN7NGQxZTU1YjItZjE2Zi0xMWNmLTg4Y2ItMDAxMTExMDAwMDMwfQ==
2026-02-26 19:18:10,384 [INFO] Relay connected via HID: b'\\\\?\\HID#VID_16C0&PID_05DF#8&20d8742f&0&0000#{4d1e55b2-f16f-11cf-88cb-001111000030}'
2026-02-26 19:18:24,438 [INFO] Relay 8 -> ON (Command: [0, 255, 8])
2026-02-26 19:18:31,002 [INFO] Relay 7 -> ON (Command: [0, 255, 7])
2026-02-26 19:18:59,752 [INFO] Relay 8 -> OFF (Command: [0, 253, 8])
2026-02-26 19:19:05,897 [INFO] Relay 7 -> OFF (Command: [0, 253, 7])
2026-02-26 19:22:04,824 [INFO] [INIT] relay_1 / HID @ XFw/XEhJRCNWSURfMTZDMCZQSURfMDVERiM4JjIwZDg3NDJmJjAmMDAwMCN7NGQxZTU1YjItZjE2Zi0xMWNmLTg4Y2ItMDAxMTExMDAwMDMwfQ==
2026-02-26 19:23:03,115 [INFO] Relay connected via HID: b'\\\\?\\HID#VID_16C0&PID_05DF#8&20d8742f&0&0000#{4d1e55b2-f16f-11cf-88cb-001111000030}'
2026-02-26 19:23:12,229 [INFO] Relay 8 -> ON (Command: [0, 255, 8])
2026-02-26 19:23:13,425 [INFO] Relay 7 -> ON (Command: [0, 255, 7])
2026-02-26 19:23:57,724 [INFO] Relay 8 -> OFF (Command: [0, 253, 8])
2026-02-26 19:24:00,808 [INFO] Relay 7 -> OFF (Command: [0, 253, 7])
2026-02-26 19:27:06,530 [INFO] [INIT] relay_1 / HID @ XFw/XEhJRCNWSURfMTZDMCZQSURfMDVERiM4JjIwZDg3NDJmJjAmMDAwMCN7NGQxZTU1YjItZjE2Zi0xMWNmLTg4Y2ItMDAxMTExMDAwMDMwfQ==
2026-02-26 19:27:37,865 [INFO] Relay connected via HID: b'\\\\?\\HID#VID_16C0&PID_05DF#8&20d8742f&0&0000#{4d1e55b2-f16f-11cf-88cb-001111000030}'
2026-02-26 19:27:45,006 [INFO] Relay 8 -> ON (Command: [0, 255, 8])
2026-02-26 19:27:46,315 [INFO] Relay 7 -> ON (Command: [0, 255, 7])
2026-02-26 19:28:04,215 [INFO] Relay 7 -> OFF (Command: [0, 253, 7])
2026-02-26 19:28:07,298 [INFO] Relay 8 -> OFF (Command: [0, 253, 8])
2026-02-26 19:28:37,504 [INFO] [INIT] relay_1 / HID @ XFw/XEhJRCNWSURfMTZDMCZQSURfMDVERiM4JjIwZDg3NDJmJjAmMDAwMCN7NGQxZTU1YjItZjE2Zi0xMWNmLTg4Y2ItMDAxMTExMDAwMDMwfQ==
2026-02-26 19:30:14,892 [INFO] Relay connected via HID: b'\\\\?\\HID#VID_16C0&PID_05DF#8&20d8742f&0&0000#{4d1e55b2-f16f-11cf-88cb-001111000030}'
2026-02-26 19:30:22,116 [INFO] Relay 8 -> ON (Command: [0, 255, 8])
2026-02-26 19:30:25,240 [INFO] Relay 7 -> ON (Command: [0, 255, 7])
2026-02-26 19:30:45,678 [INFO] Relay 7 -> OFF (Command: [0, 253, 7])
2026-02-26 19:30:53,531 [INFO] Relay 8 -> OFF (Command: [0, 253, 8])
2026-02-26 19:31:19,537 [INFO] Relay 7 -> ON (Command: [0, 255, 7])
2026-02-26 19:31:21,013 [INFO] Relay 8 -> ON (Command: [0, 255, 8])
2026-02-26 19:31:38,793 [INFO] Relay 8 -> OFF (Command: [0, 253, 8])
2026-02-26 19:31:41,838 [INFO] Relay 7 -> OFF (Command: [0, 253, 7])
2026-02-26 19:32:57,371 [INFO] [INIT] relay_1 / HID @ XFw/XEhJRCNWSURfMTZDMCZQSURfMDVERiM4JjIwZDg3NDJmJjAmMDAwMCN7NGQxZTU1YjItZjE2Zi0xMWNmLTg4Y2ItMDAxMTExMDAwMDMwfQ==
2026-02-26 19:33:33,751 [INFO] Relay connected via HID: b'\\\\?\\HID#VID_16C0&PID_05DF#8&20d8742f&0&0000#{4d1e55b2-f16f-11cf-88cb-001111000030}'
2026-02-26 19:33:41,002 [INFO] Relay 8 -> ON (Command: [0, 255, 8])
2026-02-26 19:33:43,855 [INFO] Relay 7 -> ON (Command: [0, 255, 7])
2026-02-26 19:33:59,974 [INFO] Relay 7 -> OFF (Command: [0, 253, 7])
2026-02-26 19:34:01,137 [INFO] Relay 8 -> OFF (Command: [0, 253, 8])
2026-02-26 19:34:10,508 [INFO] Relay 7 -> ON (Command: [0, 255, 7])
2026-02-26 19:34:11,738 [INFO] Relay 8 -> ON (Command: [0, 255, 8])
2026-02-26 19:34:29,361 [INFO] Relay 8 -> OFF (Command: [0, 253, 8])
2026-02-26 19:34:32,168 [INFO] Relay 7 -> OFF (Command: [0, 253, 7])
2026-02-26 19:35:42,388 [INFO] Relay 2 -> ON (Command: [0, 255, 2])
2026-02-26 19:35:43,567 [INFO] Relay 1 -> ON (Command: [0, 255, 1])
2026-02-26 19:36:58,786 [INFO] Relay 1 -> OFF (Command: [0, 253, 1])
2026-02-26 19:36:59,919 [INFO] Relay 2 -> OFF (Command: [0, 253, 2])
2026-02-26 19:37:01,192 [INFO] Relay 4 -> ON (Command: [0, 255, 4])
2026-02-26 19:37:02,341 [INFO] Relay 3 -> ON (Command: [0, 255, 3])
2026-02-26 19:37:48,419 [INFO] Relay 4 -> OFF (Command: [0, 253, 4])
2026-02-26 19:37:49,853 [INFO] Relay 3 -> OFF (Command: [0, 253, 3])
2026-02-26 19:38:12,529 [INFO] Relay HID connection closed.
2026-02-26 19:39:05,806 [INFO] [INIT] relay_1 / HID @ XFw/XEhJRCNWSURfMTZDMCZQSURfMDVERiM4JjIwZDg3NDJmJjAmMDAwMCN7NGQxZTU1YjItZjE2Zi0xMWNmLTg4Y2ItMDAxMTExMDAwMDMwfQ==
2026-02-26 20:00:45,461 [INFO] [INIT] relay_1 / HID @ XFw/XEhJRCNWSURfMTZDMCZQSURfMDVERiM4JjIwZDg3NDJmJjAmMDAwMCN7NGQxZTU1YjItZjE2Zi0xMWNmLTg4Y2ItMDAxMTExMDAwMDMwfQ==
2026-02-26 20:03:56,463 [INFO] [INIT] relay_1 / HID @ XFw/XEhJRCNWSURfMTZDMCZQSURfMDVERiM4JjIwZDg3NDJmJjAmMDAwMCN7NGQxZTU1YjItZjE2Zi0xMWNmLTg4Y2ItMDAxMTExMDAwMDMwfQ==
2026-02-26 20:04:55,216 [INFO] [INIT] relay_1 / HID @ XFw/XEhJRCNWSURfMTZDMCZQSURfMDVERiM4JjIwZDg3NDJmJjAmMDAwMCN7NGQxZTU1YjItZjE2Zi0xMWNmLTg4Y2ItMDAxMTExMDAwMDMwfQ==
2026-02-26 20:05:26,355 [INFO] Relay connected via HID: b'\\\\?\\HID#VID_16C0&PID_05DF#8&20d8742f&0&0000#{4d1e55b2-f16f-11cf-88cb-001111000030}'
2026-02-26 20:05:33,809 [INFO] Relay 8 -> ON (Command: [0, 255, 8])
2026-02-26 20:05:34,925 [INFO] Relay 7 -> ON (Command: [0, 255, 7])
2026-02-26 20:06:28,131 [INFO] [INIT] relay_1 / HID @ XFw/XEhJRCNWSURfMTZDMCZQSURfMDVERiM4JjIwZDg3NDJmJjAmMDAwMCN7NGQxZTU1YjItZjE2Zi0xMWNmLTg4Y2ItMDAxMTExMDAwMDMwfQ==
2026-02-26 20:10:20,964 [INFO] [INIT] relay_1 / HID @ XFw/XEhJRCNWSURfMTZDMCZQSURfMDVERiM4JjIwZDg3NDJmJjAmMDAwMCN7NGQxZTU1YjItZjE2Zi0xMWNmLTg4Y2ItMDAxMTExMDAwMDMwfQ==
2026-02-26 20:11:12,119 [INFO] Relay connected via HID: b'\\\\?\\HID#VID_16C0&PID_05DF#8&20d8742f&0&0000#{4d1e55b2-f16f-11cf-88cb-001111000030}'
2026-02-26 20:11:20,701 [INFO] Relay 8 -> ON (Command: [0, 255, 8])
2026-02-26 20:11:21,939 [INFO] Relay 7 -> ON (Command: [0, 255, 7])
2026-02-26 20:13:30,635 [INFO] [INIT] relay_1 / HID @ XFw/XEhJRCNWSURfMTZDMCZQSURfMDVERiM4JjIwZDg3NDJmJjAmMDAwMCN7NGQxZTU1YjItZjE2Zi0xMWNmLTg4Y2ItMDAxMTExMDAwMDMwfQ==
2026-02-26 20:14:05,409 [INFO] [INIT] relay_1 / HID @ XFw/XEhJRCNWSURfMTZDMCZQSURfMDVERiM4JjIwZDg3NDJmJjAmMDAwMCN7NGQxZTU1YjItZjE2Zi0xMWNmLTg4Y2ItMDAxMTExMDAwMDMwfQ==
2026-02-26 20:14:55,239 [INFO] [INIT] relay_1 / HID @ XFw/XEhJRCNWSURfMTZDMCZQSURfMDVERiM4JjIwZDg3NDJmJjAmMDAwMCN7NGQxZTU1YjItZjE2Zi0xMWNmLTg4Y2ItMDAxMTExMDAwMDMwfQ==
2026-02-26 20:15:39,160 [INFO] [INIT] relay_1 / HID @ XFw/XEhJRCNWSURfMTZDMCZQSURfMDVERiM4JjIwZDg3NDJmJjAmMDAwMCN7NGQxZTU1YjItZjE2Zi0xMWNmLTg4Y2ItMDAxMTExMDAwMDMwfQ==
2026-02-26 20:16:28,802 [INFO] Relay connected via HID: b'\\\\?\\HID#VID_16C0&PID_05DF#8&20d8742f&0&0000#{4d1e55b2-f16f-11cf-88cb-001111000030}'
2026-02-26 20:16:36,817 [INFO] Relay 8 -> ON (Command: [0, 255, 8])
2026-02-26 20:16:37,944 [INFO] Relay 7 -> ON (Command: [0, 255, 7])
2026-02-26 20:16:55,762 [INFO] Relay 7 -> OFF (Command: [0, 253, 7])
2026-02-26 20:16:56,992 [INFO] Relay 8 -> OFF (Command: [0, 253, 8])
2026-02-27 04:07:09,941 [INFO] [INIT] relay_1 / HID @ XFw/XEhJRCNWSURfMTZDMCZQSURfMDVERiM4JjIwZDg3NDJmJjAmMDAwMCN7NGQxZTU1YjItZjE2Zi0xMWNmLTg4Y2ItMDAxMTExMDAwMDMwfQ==
2026-03-02 17:29:12,864 [INFO] [INIT] relay_1 / HID @ XFw/XEhJRCNWSURfMTZDMCZQSURfMDVERiM4JjIwZDg3NDJmJjAmMDAwMCN7NGQxZTU1YjItZjE2Zi0xMWNmLTg4Y2ItMDAxMTExMDAwMDMwfQ==
2026-03-02 17:30:03,227 [INFO] [INIT] relay_1 / HID @ XFw/XEhJRCNWSURfMTZDMCZQSURfMDVERiM4JjIwZDg3NDJmJjAmMDAwMCN7NGQxZTU1YjItZjE2Zi0xMWNmLTg4Y2ItMDAxMTExMDAwMDMwfQ==
2026-03-02 17:35:58,921 [INFO] [INIT] relay_1 / HID @ XFw/XEhJRCNWSURfMTZDMCZQSURfMDVERiM4JjIwZDg3NDJmJjAmMDAwMCN7NGQxZTU1YjItZjE2Zi0xMWNmLTg4Y2ItMDAxMTExMDAwMDMwfQ==
2026-03-02 17:36:06,460 [INFO] Relay connected via HID: b'\\\\?\\HID#VID_16C0&PID_05DF#8&20d8742f&0&0000#{4d1e55b2-f16f-11cf-88cb-001111000030}'
2026-03-02 17:36:11,706 [INFO] Relay 7 -> ON (Command: [0, 255, 7])
2026-03-02 17:36:12,900 [INFO] Relay 8 -> ON (Command: [0, 255, 8])
2026-03-02 17:36:30,578 [INFO] Relay 7 -> OFF (Command: [0, 253, 7])
2026-03-02 17:36:31,723 [INFO] Relay 8 -> OFF (Command: [0, 253, 8])
2026-03-02 17:36:41,092 [INFO] Relay 8 -> ON (Command: [0, 255, 8])
2026-03-02 17:36:42,251 [INFO] Relay 7 -> ON (Command: [0, 255, 7])
2026-03-02 17:36:58,267 [INFO] Relay 7 -> OFF (Command: [0, 253, 7])
2026-03-02 17:36:59,428 [INFO] Relay 8 -> OFF (Command: [0, 253, 8])
2026-03-02 17:38:09,435 [INFO] Relay 1 -> ON (Command: [0, 255, 1])
2026-03-02 17:38:10,601 [INFO] Relay 2 -> ON (Command: [0, 255, 2])
2026-03-02 17:39:06,012 [INFO] Relay 1 -> OFF (Command: [0, 253, 1])
2026-03-02 17:39:07,143 [INFO] Relay 2 -> OFF (Command: [0, 253, 2])
2026-03-02 17:39:08,291 [INFO] Relay 4 -> ON (Command: [0, 255, 4])
2026-03-02 17:39:09,465 [INFO] Relay 3 -> ON (Command: [0, 255, 3])
2026-03-02 17:39:54,377 [INFO] Relay 3 -> OFF (Command: [0, 253, 3])
2026-03-02 17:39:55,632 [INFO] Relay 4 -> OFF (Command: [0, 253, 4])
2026-03-02 17:42:40,849 [INFO] [INIT] relay_1 / HID @ XFw/XEhJRCNWSURfMTZDMCZQSURfMDVERiM4JjIwZDg3NDJmJjAmMDAwMCN7NGQxZTU1YjItZjE2Zi0xMWNmLTg4Y2ItMDAxMTExMDAwMDMwfQ==
2026-03-02 17:43:21,801 [INFO] Relay connected via HID: b'\\\\?\\HID#VID_16C0&PID_05DF#8&20d8742f&0&0000#{4d1e55b2-f16f-11cf-88cb-001111000030}'
2026-03-02 17:43:22,935 [INFO] Relay 8 -> ON (Command: [0, 255, 8])
2026-03-02 17:43:25,678 [INFO] Relay 7 -> ON (Command: [0, 255, 7])
2026-03-02 17:43:41,691 [INFO] Relay 7 -> OFF (Command: [0, 253, 7])
2026-03-02 17:43:42,981 [INFO] Relay 8 -> OFF (Command: [0, 253, 8])
2026-03-02 17:43:50,885 [INFO] Relay 7 -> ON (Command: [0, 255, 7])
2026-03-02 17:43:53,717 [INFO] Relay 8 -> ON (Command: [0, 255, 8])
2026-03-02 17:44:09,824 [INFO] Relay 8 -> OFF (Command: [0, 253, 8])
2026-03-02 17:44:11,016 [INFO] Relay 7 -> OFF (Command: [0, 253, 7])
2026-03-02 17:45:20,936 [INFO] Relay 2 -> ON (Command: [0, 255, 2])
2026-03-02 17:45:22,100 [INFO] Relay 1 -> ON (Command: [0, 255, 1])
2026-03-02 17:46:45,617 [INFO] Relay 2 -> OFF (Command: [0, 253, 2])
2026-03-02 17:46:46,795 [INFO] Relay 1 -> OFF (Command: [0, 253, 1])
2026-03-02 17:46:48,006 [INFO] Relay 4 -> ON (Command: [0, 255, 4])
2026-03-02 17:46:49,243 [INFO] Relay 3 -> ON (Command: [0, 255, 3])
2026-03-02 17:47:34,306 [INFO] Relay 4 -> OFF (Command: [0, 253, 4])
2026-03-02 17:47:35,710 [INFO] Relay 3 -> OFF (Command: [0, 253, 3])
2026-03-03 11:45:31,351 [INFO] [INIT] relay_1 / HID @ XFw/XEhJRCNWSURfMTZDMCZQSURfMDVERiM4JjIwZDg3NDJmJjAmMDAwMCN7NGQxZTU1YjItZjE2Zi0xMWNmLTg4Y2ItMDAxMTExMDAwMDMwfQ==
2026-03-03 12:02:54,186 [INFO] [INIT] relay_1 / HID @ XFw/XEhJRCNWSURfMTZDMCZQSURfMDVERiM4JjIwZDg3NDJmJjAmMDAwMCN7NGQxZTU1YjItZjE2Zi0xMWNmLTg4Y2ItMDAxMTExMDAwMDMwfQ==
2026-03-03 15:55:54,176 [INFO] [INIT] relay_1 / HID @ XFw/XEhJRCNWSURfMTZDMCZQSURfMDVERiM4JjIwZDg3NDJmJjAmMDAwMCN7NGQxZTU1YjItZjE2Zi0xMWNmLTg4Y2ItMDAxMTExMDAwMDMwfQ==
2026-03-03 16:15:14,237 [INFO] [INIT] relay_1 / HID @ XFw/XEhJRCNWSURfMTZDMCZQSURfMDVERiM4JjIwZDg3NDJmJjAmMDAwMCN7NGQxZTU1YjItZjE2Zi0xMWNmLTg4Y2ItMDAxMTExMDAwMDMwfQ==
2026-03-03 16:15:21,622 [INFO] Relay connected via HID: b'\\\\?\\HID#VID_16C0&PID_05DF#8&20d8742f&0&0000#{4d1e55b2-f16f-11cf-88cb-001111000030}'
2026-03-03 16:15:26,903 [INFO] Relay 7 -> ON (Command: [0, 255, 7])
2026-03-03 16:15:28,045 [INFO] Relay 8 -> ON (Command: [0, 255, 8])
2026-03-03 16:15:45,634 [INFO] Relay 7 -> OFF (Command: [0, 253, 7])
2026-03-03 16:15:46,760 [INFO] Relay 8 -> OFF (Command: [0, 253, 8])
2026-03-03 16:15:54,481 [INFO] Relay 8 -> ON (Command: [0, 255, 8])
2026-03-03 16:15:57,232 [INFO] Relay 7 -> ON (Command: [0, 255, 7])
2026-03-03 16:16:13,218 [INFO] Relay 7 -> OFF (Command: [0, 253, 7])
2026-03-03 16:16:14,398 [INFO] Relay 8 -> OFF (Command: [0, 253, 8])
2026-03-03 16:17:24,117 [INFO] Relay 1 -> ON (Command: [0, 255, 1])
2026-03-03 16:17:25,280 [INFO] Relay 2 -> ON (Command: [0, 255, 2])
2026-03-03 16:18:20,062 [INFO] Relay 1 -> OFF (Command: [0, 253, 1])
2026-03-03 16:18:21,185 [INFO] Relay 2 -> OFF (Command: [0, 253, 2])
2026-03-03 16:18:22,316 [INFO] Relay 3 -> ON (Command: [0, 255, 3])
2026-03-03 16:18:23,493 [INFO] Relay 4 -> ON (Command: [0, 255, 4])
2026-03-03 16:19:08,033 [INFO] Relay 4 -> OFF (Command: [0, 253, 4])
2026-03-03 16:19:09,196 [INFO] Relay 3 -> OFF (Command: [0, 253, 3])
2026-03-03 17:05:20,819 [INFO] [INIT] relay_1 / HID @ XFw/XEhJRCNWSURfMTZDMCZQSURfMDVERiM4JjIwZDg3NDJmJjAmMDAwMCN7NGQxZTU1YjItZjE2Zi0xMWNmLTg4Y2ItMDAxMTExMDAwMDMwfQ==
2026-03-03 17:06:23,034 [INFO] [INIT] relay_1 / HID @ XFw/XEhJRCNWSURfMTZDMCZQSURfMDVERiM4JjIwZDg3NDJmJjAmMDAwMCN7NGQxZTU1YjItZjE2Zi0xMWNmLTg4Y2ItMDAxMTExMDAwMDMwfQ==
2026-03-04 11:59:33,136 [INFO] [INIT] relay_1 / HID @ XFw/XEhJRCNWSURfMTZDMCZQSURfMDVERiM4JjIwZDg3NDJmJjAmMDAwMCN7NGQxZTU1YjItZjE2Zi0xMWNmLTg4Y2ItMDAxMTExMDAwMDMwfQ==
2026-03-04 11:59:59,427 [INFO] [INIT] relay_1 / HID @ XFw/XEhJRCNWSURfMTZDMCZQSURfMDVERiM4JjIwZDg3NDJmJjAmMDAwMCN7NGQxZTU1YjItZjE2Zi0xMWNmLTg4Y2ItMDAxMTExMDAwMDMwfQ==
2026-03-04 12:00:54,647 [INFO] [INIT] relay_1 / HID @ XFw/XEhJRCNWSURfMTZDMCZQSURfMDVERiM4JjIwZDg3NDJmJjAmMDAwMCN7NGQxZTU1YjItZjE2Zi0xMWNmLTg4Y2ItMDAxMTExMDAwMDMwfQ==
2026-03-04 15:53:07,869 [INFO] [INIT] relay_1 / HID @ XFw/XEhJRCNWSURfMTZDMCZQSURfMDVERiM4JjIwZDg3NDJmJjAmMDAwMCN7NGQxZTU1YjItZjE2Zi0xMWNmLTg4Y2ItMDAxMTExMDAwMDMwfQ==
2026-03-04 15:53:43,841 [INFO] [INIT] relay_1 / HID @ XFw/XEhJRCNWSURfMTZDMCZQSURfMDVERiM4JjIwZDg3NDJmJjAmMDAwMCN7NGQxZTU1YjItZjE2Zi0xMWNmLTg4Y2ItMDAxMTExMDAwMDMwfQ==
2026-03-04 15:54:50,347 [INFO] [INIT] relay_1 / HID @ XFw/XEhJRCNWSURfMTZDMCZQSURfMDVERiM4JjIwZDg3NDJmJjAmMDAwMCN7NGQxZTU1YjItZjE2Zi0xMWNmLTg4Y2ItMDAxMTExMDAwMDMwfQ==
2026-03-04 15:58:13,966 [INFO] [INIT] relay_1 / HID @ XFw/XEhJRCNWSURfMTZDMCZQSURfMDVERiM4JjIwZDg3NDJmJjAmMDAwMCN7NGQxZTU1YjItZjE2Zi0xMWNmLTg4Y2ItMDAxMTExMDAwMDMwfQ==
2026-03-04 16:00:13,087 [INFO] [INIT] relay_1 / HID @ XFw/XEhJRCNWSURfMTZDMCZQSURfMDVERiM4JjIwZDg3NDJmJjAmMDAwMCN7NGQxZTU1YjItZjE2Zi0xMWNmLTg4Y2ItMDAxMTExMDAwMDMwfQ==
2026-03-04 16:00:19,988 [INFO] Relay connected via HID: b'\\\\?\\HID#VID_16C0&PID_05DF#8&20d8742f&0&0000#{4d1e55b2-f16f-11cf-88cb-001111000030}'
2026-03-04 16:00:25,253 [INFO] Relay 7 -> ON (Command: [0, 255, 7])
2026-03-04 16:00:26,408 [INFO] Relay 8 -> ON (Command: [0, 255, 8])
2026-03-04 16:00:44,128 [INFO] Relay 7 -> OFF (Command: [0, 253, 7])
2026-03-04 16:00:45,307 [INFO] Relay 8 -> OFF (Command: [0, 253, 8])
2026-03-04 16:00:54,664 [INFO] Relay 7 -> ON (Command: [0, 255, 7])
2026-03-04 16:00:55,852 [INFO] Relay 8 -> ON (Command: [0, 255, 8])
2026-03-04 16:01:11,909 [INFO] Relay 7 -> OFF (Command: [0, 253, 7])
2026-03-04 16:01:13,058 [INFO] Relay 8 -> OFF (Command: [0, 253, 8])
2026-03-04 16:19:52,613 [INFO] [INIT] relay_1 / HID @ XFw/XEhJRCNWSURfMTZDMCZQSURfMDVERiM4JjIwZDg3NDJmJjAmMDAwMCN7NGQxZTU1YjItZjE2Zi0xMWNmLTg4Y2ItMDAxMTExMDAwMDMwfQ==
2026-03-04 16:20:06,268 [INFO] [INIT] relay_1 / HID @ XFw/XEhJRCNWSURfMTZDMCZQSURfMDVERiM4JjIwZDg3NDJmJjAmMDAwMCN7NGQxZTU1YjItZjE2Zi0xMWNmLTg4Y2ItMDAxMTExMDAwMDMwfQ==
2026-03-04 16:20:15,072 [INFO] Relay connected via HID: b'\\\\?\\HID#VID_16C0&PID_05DF#8&20d8742f&0&0000#{4d1e55b2-f16f-11cf-88cb-001111000030}'
2026-03-04 16:20:19,312 [INFO] Relay 8 -> ON (Command: [0, 255, 8])
2026-03-04 16:20:20,508 [INFO] Relay 7 -> ON (Command: [0, 255, 7])
2026-03-04 16:20:38,182 [INFO] Relay 7 -> OFF (Command: [0, 253, 7])
2026-03-04 16:20:39,309 [INFO] Relay 8 -> OFF (Command: [0, 253, 8])
2026-03-04 16:20:47,159 [INFO] Relay 8 -> ON (Command: [0, 255, 8])
2026-03-04 16:20:48,285 [INFO] Relay 7 -> ON (Command: [0, 255, 7])
2026-03-04 16:21:05,912 [INFO] Relay 7 -> OFF (Command: [0, 253, 7])
2026-03-04 16:21:07,090 [INFO] Relay 8 -> OFF (Command: [0, 253, 8])
2026-03-04 16:22:17,388 [INFO] Relay 2 -> ON (Command: [0, 255, 2])
2026-03-04 16:22:18,625 [INFO] Relay 1 -> ON (Command: [0, 255, 1])
2026-03-04 16:23:17,914 [INFO] Relay 2 -> OFF (Command: [0, 253, 2])
2026-03-04 16:23:19,043 [INFO] Relay 1 -> OFF (Command: [0, 253, 1])
2026-03-04 16:23:20,233 [INFO] Relay 3 -> ON (Command: [0, 255, 3])
2026-03-04 16:23:21,440 [INFO] Relay 4 -> ON (Command: [0, 255, 4])
2026-03-04 16:24:06,152 [INFO] Relay 3 -> OFF (Command: [0, 253, 3])
2026-03-04 16:24:07,311 [INFO] Relay 4 -> OFF (Command: [0, 253, 4])
2026-03-04 16:24:41,016 [INFO] Relay connected via HID: b'\\\\?\\HID#VID_16C0&PID_05DF#8&20d8742f&0&0000#{4d1e55b2-f16f-11cf-88cb-001111000030}'
2026-03-04 16:24:45,332 [INFO] Relay 8 -> ON (Command: [0, 255, 8])
2026-03-04 16:24:48,308 [INFO] Relay 7 -> ON (Command: [0, 255, 7])
2026-03-04 16:25:04,340 [INFO] Relay 7 -> OFF (Command: [0, 253, 7])
2026-03-04 16:25:05,563 [INFO] Relay 8 -> OFF (Command: [0, 253, 8])
2026-03-04 16:26:21,410 [INFO] Relay 2 -> ON (Command: [0, 255, 2])
2026-03-04 16:26:22,599 [INFO] Relay 1 -> ON (Command: [0, 255, 1])
2026-03-04 16:27:22,067 [INFO] Relay 1 -> OFF (Command: [0, 253, 1])
2026-03-04 16:27:23,308 [INFO] Relay 2 -> OFF (Command: [0, 253, 2])
2026-03-04 16:27:24,623 [INFO] Relay 3 -> ON (Command: [0, 255, 3])
2026-03-04 16:27:25,845 [INFO] Relay 4 -> ON (Command: [0, 255, 4])
2026-03-04 16:28:10,301 [INFO] Relay 4 -> OFF (Command: [0, 253, 4])
2026-03-04 16:28:11,509 [INFO] Relay 3 -> OFF (Command: [0, 253, 3])
2026-03-04 17:11:21,324 [INFO] [INIT] relay_1 / HID @ XFw/XEhJRCNWSURfMTZDMCZQSURfMDVERiM4JjIwZDg3NDJmJjAmMDAwMCN7NGQxZTU1YjItZjE2Zi0xMWNmLTg4Y2ItMDAxMTExMDAwMDMwfQ==
2026-03-04 18:05:14,475 [INFO] [INIT] relay_1 / HID @ XFw/XEhJRCNWSURfMTZDMCZQSURfMDVERiM4JjIwZDg3NDJmJjAmMDAwMCN7NGQxZTU1YjItZjE2Zi0xMWNmLTg4Y2ItMDAxMTExMDAwMDMwfQ==
2026-03-04 18:06:24,827 [INFO] [INIT] relay_1 / HID @ XFw/XEhJRCNWSURfMTZDMCZQSURfMDVERiM4JjIwZDg3NDJmJjAmMDAwMCN7NGQxZTU1YjItZjE2Zi0xMWNmLTg4Y2ItMDAxMTExMDAwMDMwfQ==
2026-03-04 18:07:15,456 [INFO] [INIT] relay_1 / HID @ XFw/XEhJRCNWSURfMTZDMCZQSURfMDVERiM4JjIwZDg3NDJmJjAmMDAwMCN7NGQxZTU1YjItZjE2Zi0xMWNmLTg4Y2ItMDAxMTExMDAwMDMwfQ==
2026-03-04 18:08:51,985 [INFO] [INIT] relay_1 / HID @ XFw/XEhJRCNWSURfMTZDMCZQSURfMDVERiM4JjIwZDg3NDJmJjAmMDAwMCN7NGQxZTU1YjItZjE2Zi0xMWNmLTg4Y2ItMDAxMTExMDAwMDMwfQ==
2026-03-04 18:39:33,724 [INFO] [INIT] relay_1 / HID @ XFw/XEhJRCNWSURfMTZDMCZQSURfMDVERiM4JjIwZDg3NDJmJjAmMDAwMCN7NGQxZTU1YjItZjE2Zi0xMWNmLTg4Y2ItMDAxMTExMDAwMDMwfQ==
2026-03-04 18:40:30,815 [INFO] [INIT] relay_1 / HID @ XFw/XEhJRCNWSURfMTZDMCZQSURfMDVERiM4JjIwZDg3NDJmJjAmMDAwMCN7NGQxZTU1YjItZjE2Zi0xMWNmLTg4Y2ItMDAxMTExMDAwMDMwfQ==
2026-03-04 18:41:56,860 [INFO] [INIT] relay_1 / HID @ XFw/XEhJRCNWSURfMTZDMCZQSURfMDVERiM4JjIwZDg3NDJmJjAmMDAwMCN7NGQxZTU1YjItZjE2Zi0xMWNmLTg4Y2ItMDAxMTExMDAwMDMwfQ==
2026-03-04 18:42:03,062 [INFO] Relay connected via HID: b'\\\\?\\HID#VID_16C0&PID_05DF#8&20d8742f&0&0000#{4d1e55b2-f16f-11cf-88cb-001111000030}'
2026-03-04 18:42:09,942 [INFO] Relay 7 -> ON (Command: [0, 255, 7])
2026-03-04 18:42:11,123 [INFO] Relay 8 -> ON (Command: [0, 255, 8])
2026-03-04 19:12:23,376 [INFO] [INIT] relay_1 / HID @ XFw/XEhJRCNWSURfMTZDMCZQSURfMDVERiM4JjIwZDg3NDJmJjAmMDAwMCN7NGQxZTU1YjItZjE2Zi0xMWNmLTg4Y2ItMDAxMTExMDAwMDMwfQ==
2026-03-04 19:12:30,108 [INFO] Relay connected via HID: b'\\\\?\\HID#VID_16C0&PID_05DF#8&20d8742f&0&0000#{4d1e55b2-f16f-11cf-88cb-001111000030}'
2026-03-04 19:12:37,328 [INFO] Relay 7 -> ON (Command: [0, 255, 7])
2026-03-04 19:12:38,458 [INFO] Relay 8 -> ON (Command: [0, 255, 8])
2026-03-04 19:12:56,146 [INFO] Relay 7 -> OFF (Command: [0, 253, 7])
2026-03-04 19:12:57,321 [INFO] Relay 8 -> OFF (Command: [0, 253, 8])
2026-03-04 19:13:06,649 [INFO] Relay 7 -> ON (Command: [0, 255, 7])
2026-03-04 19:13:07,811 [INFO] Relay 8 -> ON (Command: [0, 255, 8])
2026-03-04 19:13:23,833 [INFO] Relay 7 -> OFF (Command: [0, 253, 7])
2026-03-04 19:13:24,976 [INFO] Relay 8 -> OFF (Command: [0, 253, 8])
2026-03-04 19:14:56,472 [INFO] [INIT] relay_1 / HID @ XFw/XEhJRCNWSURfMTZDMCZQSURfMDVERiM4JjIwZDg3NDJmJjAmMDAwMCN7NGQxZTU1YjItZjE2Zi0xMWNmLTg4Y2ItMDAxMTExMDAwMDMwfQ==
2026-03-04 19:15:02,336 [INFO] Relay connected via HID: b'\\\\?\\HID#VID_16C0&PID_05DF#8&20d8742f&0&0000#{4d1e55b2-f16f-11cf-88cb-001111000030}'
2026-03-04 19:15:09,295 [INFO] Relay 8 -> ON (Command: [0, 255, 8])
2026-03-04 19:15:10,519 [INFO] Relay 7 -> ON (Command: [0, 255, 7])
2026-03-04 19:15:28,231 [INFO] Relay 7 -> OFF (Command: [0, 253, 7])
2026-03-04 19:15:29,473 [INFO] Relay 8 -> OFF (Command: [0, 253, 8])
2026-03-04 19:15:37,256 [INFO] Relay 7 -> ON (Command: [0, 255, 7])
2026-03-04 19:15:38,588 [INFO] Relay 8 -> ON (Command: [0, 255, 8])
2026-03-04 19:15:56,482 [INFO] Relay 7 -> OFF (Command: [0, 253, 7])
2026-03-04 19:15:57,644 [INFO] Relay 8 -> OFF (Command: [0, 253, 8])
2026-03-04 19:50:17,902 [INFO] [INIT] relay_1 / HID @ XFw/XEhJRCNWSURfMTZDMCZQSURfMDVERiM4JjIwZDg3NDJmJjAmMDAwMCN7NGQxZTU1YjItZjE2Zi0xMWNmLTg4Y2ItMDAxMTExMDAwMDMwfQ==
2026-03-04 19:52:34,196 [INFO] [INIT] relay_1 / HID @ XFw/XEhJRCNWSURfMTZDMCZQSURfMDVERiM4JjIwZDg3NDJmJjAmMDAwMCN7NGQxZTU1YjItZjE2Zi0xMWNmLTg4Y2ItMDAxMTExMDAwMDMwfQ==
2026-03-04 19:55:46,745 [INFO] [INIT] relay_1 / HID @ XFw/XEhJRCNWSURfMTZDMCZQSURfMDVERiM4JjIwZDg3NDJmJjAmMDAwMCN7NGQxZTU1YjItZjE2Zi0xMWNmLTg4Y2ItMDAxMTExMDAwMDMwfQ==
2026-03-04 19:56:27,265 [INFO] [INIT] relay_1 / HID @ XFw/XEhJRCNWSURfMTZDMCZQSURfMDVERiM4JjIwZDg3NDJmJjAmMDAwMCN7NGQxZTU1YjItZjE2Zi0xMWNmLTg4Y2ItMDAxMTExMDAwMDMwfQ==
2026-03-04 19:56:27,265 [INFO] [INIT] relay_1 / HID @ XFw/XEhJRCNWSURfMTZDMCZQSURfMDVERiM4JjIwZDg3NDJmJjAmMDAwMCN7NGQxZTU1YjItZjE2Zi0xMWNmLTg4Y2ItMDAxMTExMDAwMDMwfQ==
2026-03-04 19:57:17,154 [INFO] [INIT] relay_1 / HID @ XFw/XEhJRCNWSURfMTZDMCZQSURfMDVERiM4JjIwZDg3NDJmJjAmMDAwMCN7NGQxZTU1YjItZjE2Zi0xMWNmLTg4Y2ItMDAxMTExMDAwMDMwfQ==
2026-03-04 19:58:00,123 [INFO] [INIT] relay_1 / HID @ XFw/XEhJRCNWSURfMTZDMCZQSURfMDVERiM4JjIwZDg3NDJmJjAmMDAwMCN7NGQxZTU1YjItZjE2Zi0xMWNmLTg4Y2ItMDAxMTExMDAwMDMwfQ==
2026-03-04 19:58:00,123 [INFO] [INIT] relay_1 / HID @ XFw/XEhJRCNWSURfMTZDMCZQSURfMDVERiM4JjIwZDg3NDJmJjAmMDAwMCN7NGQxZTU1YjItZjE2Zi0xMWNmLTg4Y2ItMDAxMTExMDAwMDMwfQ==
2026-03-04 19:59:47,838 [INFO] [INIT] relay_1 / HID @ XFw/XEhJRCNWSURfMTZDMCZQSURfMDVERiM4JjIwZDg3NDJmJjAmMDAwMCN7NGQxZTU1YjItZjE2Zi0xMWNmLTg4Y2ItMDAxMTExMDAwMDMwfQ==
2026-03-04 20:00:34,898 [INFO] Relay connected via HID: b'\\\\?\\HID#VID_16C0&PID_05DF#8&20d8742f&0&0000#{4d1e55b2-f16f-11cf-88cb-001111000030}'
2026-03-04 20:00:41,088 [INFO] Relay 7 -> ON (Command: [0, 255, 7])
2026-03-04 20:00:43,904 [INFO] Relay 8 -> ON (Command: [0, 255, 8])
2026-03-04 20:01:00,136 [INFO] Relay 7 -> OFF (Command: [0, 253, 7])
2026-03-04 20:01:01,297 [INFO] Relay 8 -> OFF (Command: [0, 253, 8])
2026-03-04 20:01:09,213 [INFO] Relay 7 -> ON (Command: [0, 255, 7])
2026-03-04 20:01:10,594 [INFO] Relay 8 -> ON (Command: [0, 255, 8])
2026-03-04 20:01:28,522 [INFO] Relay 8 -> OFF (Command: [0, 253, 8])
2026-03-04 20:01:29,889 [INFO] Relay 7 -> OFF (Command: [0, 253, 7])
2026-03-04 20:02:40,187 [INFO] Relay 1 -> ON (Command: [0, 255, 1])
2026-03-04 20:02:41,456 [INFO] Relay 2 -> ON (Command: [0, 255, 2])
2026-03-04 20:03:56,350 [INFO] Relay 2 -> OFF (Command: [0, 253, 2])
2026-03-04 20:03:57,498 [INFO] Relay 1 -> OFF (Command: [0, 253, 1])
2026-03-04 20:03:58,836 [INFO] Relay 4 -> ON (Command: [0, 255, 4])
2026-03-04 20:04:00,045 [INFO] Relay 3 -> ON (Command: [0, 255, 3])
2026-03-04 20:04:45,493 [INFO] Relay 4 -> OFF (Command: [0, 253, 4])
2026-03-04 20:04:46,733 [INFO] Relay 3 -> OFF (Command: [0, 253, 3])
2026-03-04 20:05:21,476 [INFO] Relay connected via HID: b'\\\\?\\HID#VID_16C0&PID_05DF#8&20d8742f&0&0000#{4d1e55b2-f16f-11cf-88cb-001111000030}'
2026-03-04 20:05:22,351 [INFO] Relay connected via HID: b'\\\\?\\HID#VID_16C0&PID_05DF#8&20d8742f&0&0000#{4d1e55b2-f16f-11cf-88cb-001111000030}'
2026-03-04 20:05:28,405 [INFO] Relay 7 -> ON (Command: [0, 255, 7])
2026-03-04 20:05:28,813 [INFO] Relay 7 -> ON (Command: [0, 255, 7])
2026-03-04 20:05:29,973 [INFO] Relay 8 -> ON (Command: [0, 255, 8])
2026-03-04 20:05:31,271 [INFO] Relay 8 -> ON (Command: [0, 255, 8])
2026-03-04 20:05:47,412 [INFO] Relay 7 -> OFF (Command: [0, 253, 7])
2026-03-04 20:05:48,044 [INFO] Relay 8 -> OFF (Command: [0, 253, 8])
2026-03-04 20:05:48,806 [INFO] Relay 8 -> OFF (Command: [0, 253, 8])
2026-03-04 20:05:49,395 [INFO] Relay 7 -> OFF (Command: [0, 253, 7])
2026-03-04 20:07:05,340 [INFO] Relay 2 -> ON (Command: [0, 255, 2])
2026-03-04 20:07:05,849 [INFO] Relay 1 -> ON (Command: [0, 255, 1])
2026-03-04 20:07:06,610 [INFO] Relay 1 -> ON (Command: [0, 255, 1])
2026-03-04 20:07:07,036 [INFO] Relay 2 -> ON (Command: [0, 255, 2])
2026-03-04 20:08:41,700 [INFO] Relay 2 -> OFF (Command: [0, 253, 2])
2026-03-04 20:08:43,100 [INFO] Relay 1 -> OFF (Command: [0, 253, 1])
2026-03-04 20:08:44,291 [INFO] Relay 4 -> ON (Command: [0, 255, 4])
2026-03-04 20:08:45,655 [INFO] Relay 3 -> ON (Command: [0, 255, 3])
2026-03-04 20:08:47,972 [INFO] Relay 1 -> OFF (Command: [0, 253, 1])
2026-03-04 20:08:49,098 [INFO] Relay 2 -> OFF (Command: [0, 253, 2])
2026-03-04 20:08:50,241 [INFO] Relay 4 -> ON (Command: [0, 255, 4])
2026-03-04 20:08:51,354 [INFO] Relay 3 -> ON (Command: [0, 255, 3])
2026-03-05 17:51:30,019 [INFO] [INIT] relay_1 / HID @ XFw/XEhJRCNWSURfMTZDMCZQSURfMDVERiM4JjIwZDg3NDJmJjAmMDAwMCN7NGQxZTU1YjItZjE2Zi0xMWNmLTg4Y2ItMDAxMTExMDAwMDMwfQ==
2026-03-05 17:52:53,189 [INFO] Relay connected via HID: b'\\\\?\\HID#VID_16C0&PID_05DF#8&20d8742f&0&0000#{4d1e55b2-f16f-11cf-88cb-001111000030}'
2026-03-05 17:52:57,334 [INFO] Relay 7 -> ON (Command: [0, 255, 7])
2026-03-05 17:52:58,521 [INFO] Relay 8 -> ON (Command: [0, 255, 8])
2026-03-05 17:53:16,604 [INFO] Relay 8 -> OFF (Command: [0, 253, 8])
2026-03-05 17:53:18,141 [INFO] Relay 7 -> OFF (Command: [0, 253, 7])
2026-03-05 17:53:26,304 [INFO] Relay 7 -> ON (Command: [0, 255, 7])
2026-03-05 17:53:27,445 [INFO] Relay 8 -> ON (Command: [0, 255, 8])
2026-03-05 17:53:45,574 [INFO] Relay 7 -> OFF (Command: [0, 253, 7])
2026-03-05 17:53:46,853 [INFO] Relay 8 -> OFF (Command: [0, 253, 8])
2026-03-05 17:54:58,161 [INFO] Relay 2 -> ON (Command: [0, 255, 2])
2026-03-05 17:54:59,300 [INFO] Relay 1 -> ON (Command: [0, 255, 1])
2026-03-05 17:56:36,853 [INFO] Relay 2 -> OFF (Command: [0, 253, 2])
2026-03-05 17:56:38,174 [INFO] Relay 1 -> OFF (Command: [0, 253, 1])
2026-03-05 17:56:39,429 [INFO] Relay 3 -> ON (Command: [0, 255, 3])
2026-03-05 17:56:40,747 [INFO] Relay 4 -> ON (Command: [0, 255, 4])
2026-03-05 17:57:26,908 [INFO] Relay 4 -> OFF (Command: [0, 253, 4])
2026-03-05 17:57:28,620 [INFO] Relay 3 -> OFF (Command: [0, 253, 3])
2026-03-05 17:59:49,016 [INFO] Relay connected via HID: b'\\\\?\\HID#VID_16C0&PID_05DF#8&20d8742f&0&0000#{4d1e55b2-f16f-11cf-88cb-001111000030}'
2026-03-05 17:59:51,398 [INFO] Relay 7 -> ON (Command: [0, 255, 7])
2026-03-05 17:59:52,801 [INFO] Relay 8 -> ON (Command: [0, 255, 8])
2026-03-05 18:00:12,205 [INFO] Relay 7 -> OFF (Command: [0, 253, 7])
2026-03-05 18:00:13,636 [INFO] Relay 8 -> OFF (Command: [0, 253, 8])
2026-03-05 18:01:30,441 [INFO] Relay 1 -> ON (Command: [0, 255, 1])
2026-03-05 18:01:31,708 [INFO] Relay 2 -> ON (Command: [0, 255, 2])
2026-03-05 18:02:41,636 [INFO] Relay 1 -> OFF (Command: [0, 253, 1])
2026-03-05 18:02:43,094 [INFO] Relay 2 -> OFF (Command: [0, 253, 2])
2026-03-05 18:02:44,520 [INFO] Relay 4 -> ON (Command: [0, 255, 4])
2026-03-05 18:02:45,853 [INFO] Relay 3 -> ON (Command: [0, 255, 3])
2026-03-05 18:03:31,336 [INFO] Relay 4 -> OFF (Command: [0, 253, 4])
2026-03-05 18:03:32,534 [INFO] Relay 3 -> OFF (Command: [0, 253, 3])
2026-03-05 18:04:22,767 [INFO] Relay connected via HID: b'\\\\?\\HID#VID_16C0&PID_05DF#8&20d8742f&0&0000#{4d1e55b2-f16f-11cf-88cb-001111000030}'
2026-03-05 18:04:30,446 [INFO] Relay 7 -> ON (Command: [0, 255, 7])
2026-03-05 18:04:31,795 [INFO] Relay 8 -> ON (Command: [0, 255, 8])
2026-03-05 18:04:49,785 [INFO] Relay 7 -> OFF (Command: [0, 253, 7])
2026-03-05 18:04:51,027 [INFO] Relay 8 -> OFF (Command: [0, 253, 8])
2026-03-05 18:07:32,126 [INFO] [INIT] relay_1 / HID @ XFw/XEhJRCNWSURfMTZDMCZQSURfMDVERiM4JjIwZDg3NDJmJjAmMDAwMCN7NGQxZTU1YjItZjE2Zi0xMWNmLTg4Y2ItMDAxMTExMDAwMDMwfQ==
2026-03-05 18:08:54,420 [INFO] Relay connected via HID: b'\\\\?\\HID#VID_16C0&PID_05DF#8&20d8742f&0&0000#{4d1e55b2-f16f-11cf-88cb-001111000030}'
2026-03-05 18:09:02,238 [INFO] Relay 8 -> ON (Command: [0, 255, 8])
2026-03-05 18:09:03,396 [INFO] Relay 7 -> ON (Command: [0, 255, 7])
2026-03-05 18:09:21,126 [INFO] Relay 7 -> OFF (Command: [0, 253, 7])
2026-03-05 18:09:22,352 [INFO] Relay 8 -> OFF (Command: [0, 253, 8])
2026-03-05 18:09:30,250 [INFO] Relay 7 -> ON (Command: [0, 255, 7])
2026-03-05 18:09:31,507 [INFO] Relay 8 -> ON (Command: [0, 255, 8])
2026-03-05 18:09:49,529 [INFO] Relay 8 -> OFF (Command: [0, 253, 8])
2026-03-05 18:09:50,684 [INFO] Relay 7 -> OFF (Command: [0, 253, 7])
2026-03-05 18:11:01,238 [INFO] Relay 1 -> ON (Command: [0, 255, 1])
2026-03-05 18:11:02,405 [INFO] Relay 2 -> ON (Command: [0, 255, 2])
2026-03-05 18:12:14,606 [INFO] Relay 1 -> OFF (Command: [0, 253, 1])
2026-03-05 18:12:15,788 [INFO] Relay 2 -> OFF (Command: [0, 253, 2])
2026-03-05 18:12:17,090 [INFO] Relay 4 -> ON (Command: [0, 255, 4])
2026-03-05 18:12:18,251 [INFO] Relay 3 -> ON (Command: [0, 255, 3])
2026-03-05 18:13:03,752 [INFO] Relay 4 -> OFF (Command: [0, 253, 4])
2026-03-05 18:13:05,170 [INFO] Relay 3 -> OFF (Command: [0, 253, 3])
2026-03-05 18:13:41,686 [INFO] Relay connected via HID: b'\\\\?\\HID#VID_16C0&PID_05DF#8&20d8742f&0&0000#{4d1e55b2-f16f-11cf-88cb-001111000030}'
2026-03-05 18:13:43,257 [INFO] Relay connected via HID: b'\\\\?\\HID#VID_16C0&PID_05DF#8&20d8742f&0&0000#{4d1e55b2-f16f-11cf-88cb-001111000030}'
2026-03-05 18:13:48,744 [INFO] Relay 8 -> ON (Command: [0, 255, 8])
2026-03-05 18:13:49,378 [INFO] Relay 8 -> ON (Command: [0, 255, 8])
2026-03-05 18:13:50,016 [INFO] Relay 7 -> ON (Command: [0, 255, 7])
2026-03-05 18:13:50,791 [INFO] Relay 7 -> ON (Command: [0, 255, 7])
2026-03-05 18:14:06,827 [INFO] Relay 7 -> OFF (Command: [0, 253, 7])
2026-03-05 18:14:07,783 [INFO] Relay 7 -> OFF (Command: [0, 253, 7])
2026-03-05 18:14:08,277 [INFO] Relay 8 -> OFF (Command: [0, 253, 8])
2026-03-05 18:14:09,169 [INFO] Relay 8 -> OFF (Command: [0, 253, 8])
2026-03-05 18:15:30,017 [INFO] [INIT] relay_1 / HID @ XFw/XEhJRCNWSURfMTZDMCZQSURfMDVERiM4JjIwZDg3NDJmJjAmMDAwMCN7NGQxZTU1YjItZjE2Zi0xMWNmLTg4Y2ItMDAxMTExMDAwMDMwfQ==
2026-03-05 18:16:07,739 [INFO] Relay connected via HID: b'\\\\?\\HID#VID_16C0&PID_05DF#8&20d8742f&0&0000#{4d1e55b2-f16f-11cf-88cb-001111000030}'
2026-03-05 18:16:13,499 [INFO] Relay 8 -> ON (Command: [0, 255, 8])
2026-03-05 18:16:16,394 [INFO] Relay 7 -> ON (Command: [0, 255, 7])
2026-03-05 18:16:32,603 [INFO] Relay 8 -> OFF (Command: [0, 253, 8])
2026-03-05 18:16:33,882 [INFO] Relay 7 -> OFF (Command: [0, 253, 7])
2026-03-05 18:16:42,114 [INFO] Relay 7 -> ON (Command: [0, 255, 7])
2026-03-05 18:16:43,271 [INFO] Relay 8 -> ON (Command: [0, 255, 8])
2026-03-05 18:17:01,190 [INFO] Relay 7 -> OFF (Command: [0, 253, 7])
2026-03-05 18:17:02,477 [INFO] Relay 8 -> OFF (Command: [0, 253, 8])
2026-03-05 18:18:12,789 [INFO] Relay 2 -> ON (Command: [0, 255, 2])
2026-03-05 18:18:14,032 [INFO] Relay 1 -> ON (Command: [0, 255, 1])
2026-03-05 18:19:38,296 [INFO] Relay 2 -> OFF (Command: [0, 253, 2])
2026-03-05 18:19:39,685 [INFO] Relay 1 -> OFF (Command: [0, 253, 1])
2026-03-05 18:19:40,947 [INFO] Relay 3 -> ON (Command: [0, 255, 3])
2026-03-05 18:19:42,191 [INFO] Relay 4 -> ON (Command: [0, 255, 4])
2026-03-05 18:20:27,517 [INFO] Relay 4 -> OFF (Command: [0, 253, 4])
2026-03-05 18:20:28,698 [INFO] Relay 3 -> OFF (Command: [0, 253, 3])
2026-03-05 18:21:05,067 [INFO] Relay connected via HID: b'\\\\?\\HID#VID_16C0&PID_05DF#8&20d8742f&0&0000#{4d1e55b2-f16f-11cf-88cb-001111000030}'
2026-03-05 18:21:06,631 [INFO] Relay connected via HID: b'\\\\?\\HID#VID_16C0&PID_05DF#8&20d8742f&0&0000#{4d1e55b2-f16f-11cf-88cb-001111000030}'
2026-03-05 18:21:12,154 [INFO] Relay 7 -> ON (Command: [0, 255, 7])
2026-03-05 18:21:12,934 [INFO] Relay 8 -> ON (Command: [0, 255, 8])
2026-03-05 18:21:13,570 [INFO] Relay 8 -> ON (Command: [0, 255, 8])
2026-03-05 18:21:14,272 [INFO] Relay 7 -> ON (Command: [0, 255, 7])
2026-03-05 18:21:30,588 [INFO] Relay 8 -> OFF (Command: [0, 253, 8])
2026-03-05 18:21:31,653 [INFO] Relay 7 -> OFF (Command: [0, 253, 7])
2026-03-05 18:21:32,243 [INFO] Relay 7 -> OFF (Command: [0, 253, 7])
2026-03-05 18:21:32,897 [INFO] Relay 8 -> OFF (Command: [0, 253, 8])
2026-03-05 18:22:48,722 [INFO] Relay 1 -> ON (Command: [0, 255, 1])
2026-03-05 18:22:48,913 [INFO] Relay 1 -> ON (Command: [0, 255, 1])
2026-03-05 18:22:49,920 [INFO] Relay 2 -> ON (Command: [0, 255, 2])
2026-03-05 18:22:50,079 [INFO] Relay 2 -> ON (Command: [0, 255, 2])
2026-03-05 18:24:56,118 [INFO] Relay 1 -> OFF (Command: [0, 253, 1])
2026-03-05 18:24:57,394 [INFO] Relay 2 -> OFF (Command: [0, 253, 2])
2026-03-05 18:24:58,831 [INFO] Relay 4 -> ON (Command: [0, 255, 4])
2026-03-05 18:25:00,060 [INFO] Relay 3 -> ON (Command: [0, 255, 3])
2026-03-05 18:25:02,140 [INFO] Relay 1 -> OFF (Command: [0, 253, 1])
2026-03-05 18:25:03,270 [INFO] Relay 2 -> OFF (Command: [0, 253, 2])
2026-03-05 18:25:04,389 [INFO] Relay 3 -> ON (Command: [0, 255, 3])
2026-03-05 18:25:05,521 [INFO] Relay 4 -> ON (Command: [0, 255, 4])
2026-03-05 18:25:41,239 [INFO] Relay connected via HID: b'\\\\?\\HID#VID_16C0&PID_05DF#8&20d8742f&0&0000#{4d1e55b2-f16f-11cf-88cb-001111000030}'
2026-03-05 18:25:41,301 [INFO] Relay connected via HID: b'\\\\?\\HID#VID_16C0&PID_05DF#8&20d8742f&0&0000#{4d1e55b2-f16f-11cf-88cb-001111000030}'
2026-03-05 18:25:45,409 [INFO] Relay 7 -> ON (Command: [0, 255, 7])
2026-03-05 18:25:47,516 [INFO] Relay 7 -> ON (Command: [0, 255, 7])
2026-03-05 18:25:48,185 [INFO] Relay 8 -> ON (Command: [0, 255, 8])
2026-03-05 18:25:48,785 [INFO] Relay 8 -> ON (Command: [0, 255, 8])
2026-03-05 18:25:50,199 [INFO] Relay 4 -> OFF (Command: [0, 253, 4])
2026-03-05 18:25:51,364 [INFO] Relay 3 -> OFF (Command: [0, 253, 3])
2026-03-05 18:26:04,250 [INFO] Relay 7 -> OFF (Command: [0, 253, 7])
2026-03-05 18:26:04,883 [INFO] Relay 7 -> OFF (Command: [0, 253, 7])
2026-03-05 18:26:05,406 [INFO] Relay 8 -> OFF (Command: [0, 253, 8])
2026-03-05 18:26:06,047 [INFO] Relay 8 -> OFF (Command: [0, 253, 8])
2026-03-05 18:26:13,259 [INFO] Relay connected via HID: b'\\\\?\\HID#VID_16C0&PID_05DF#8&20d8742f&0&0000#{4d1e55b2-f16f-11cf-88cb-001111000030}'
2026-03-05 18:26:13,431 [INFO] Relay 8 -> ON (Command: [0, 255, 8])
2026-03-05 18:26:15,080 [INFO] Relay 7 -> ON (Command: [0, 255, 7])
2026-03-05 18:46:25,187 [INFO] [INIT] relay_1 / HID @ XFw/XEhJRCNWSURfMTZDMCZQSURfMDVERiM4JjIwZDg3NDJmJjAmMDAwMCN7NGQxZTU1YjItZjE2Zi0xMWNmLTg4Y2ItMDAxMTExMDAwMDMwfQ==
2026-03-05 18:48:14,763 [INFO] Relay connected via HID: b'\\\\?\\HID#VID_16C0&PID_05DF#8&20d8742f&0&0000#{4d1e55b2-f16f-11cf-88cb-001111000030}'
2026-03-05 18:48:21,877 [INFO] Relay 7 -> ON (Command: [0, 255, 7])
2026-03-05 18:48:24,713 [INFO] Relay 8 -> ON (Command: [0, 255, 8])
2026-03-05 18:48:40,808 [INFO] Relay 7 -> OFF (Command: [0, 253, 7])
2026-03-05 18:48:42,018 [INFO] Relay 8 -> OFF (Command: [0, 253, 8])
2026-03-05 18:48:49,788 [INFO] Relay 8 -> ON (Command: [0, 255, 8])
2026-03-05 18:48:50,950 [INFO] Relay 7 -> ON (Command: [0, 255, 7])
2026-03-05 18:49:08,699 [INFO] Relay 8 -> OFF (Command: [0, 253, 8])
2026-03-05 18:49:09,902 [INFO] Relay 7 -> OFF (Command: [0, 253, 7])
2026-03-05 18:50:20,319 [INFO] Relay 1 -> ON (Command: [0, 255, 1])
2026-03-05 18:50:21,732 [INFO] Relay 2 -> ON (Command: [0, 255, 2])
2026-03-05 18:52:01,234 [INFO] Relay 1 -> OFF (Command: [0, 253, 1])
2026-03-05 18:52:02,383 [INFO] Relay 2 -> OFF (Command: [0, 253, 2])
2026-03-05 18:52:03,498 [INFO] Relay 3 -> ON (Command: [0, 255, 3])
2026-03-05 18:52:04,675 [INFO] Relay 4 -> ON (Command: [0, 255, 4])
2026-03-05 18:52:49,751 [INFO] Relay 4 -> OFF (Command: [0, 253, 4])
2026-03-05 18:52:51,156 [INFO] Relay 3 -> OFF (Command: [0, 253, 3])
2026-03-05 18:53:25,739 [INFO] Relay connected via HID: b'\\\\?\\HID#VID_16C0&PID_05DF#8&20d8742f&0&0000#{4d1e55b2-f16f-11cf-88cb-001111000030}'
2026-03-05 18:53:26,646 [INFO] Relay connected via HID: b'\\\\?\\HID#VID_16C0&PID_05DF#8&20d8742f&0&0000#{4d1e55b2-f16f-11cf-88cb-001111000030}'
2026-03-05 18:53:34,913 [INFO] Relay 7 -> ON (Command: [0, 255, 7])
2026-03-05 18:53:35,883 [INFO] Relay 7 -> ON (Command: [0, 255, 7])
2026-03-05 18:53:36,122 [INFO] Relay 8 -> ON (Command: [0, 255, 8])
2026-03-05 18:53:37,079 [INFO] Relay 8 -> ON (Command: [0, 255, 8])
2026-03-05 19:00:36,116 [INFO] [INIT] relay_1 / HID @ XFw/XEhJRCNWSURfMTZDMCZQSURfMDVERiM4JjIwZDg3NDJmJjAmMDAwMCN7NGQxZTU1YjItZjE2Zi0xMWNmLTg4Y2ItMDAxMTExMDAwMDMwfQ==
2026-03-05 19:01:25,005 [INFO] Relay connected via HID: b'\\\\?\\HID#VID_16C0&PID_05DF#8&20d8742f&0&0000#{4d1e55b2-f16f-11cf-88cb-001111000030}'
2026-03-05 19:01:30,839 [INFO] Relay 7 -> ON (Command: [0, 255, 7])
2026-03-05 19:01:33,714 [INFO] Relay 8 -> ON (Command: [0, 255, 8])
2026-03-05 19:01:49,891 [INFO] Relay 8 -> OFF (Command: [0, 253, 8])
2026-03-05 19:01:51,063 [INFO] Relay 7 -> OFF (Command: [0, 253, 7])
2026-03-05 19:01:58,867 [INFO] Relay 7 -> ON (Command: [0, 255, 7])
2026-03-05 19:02:00,076 [INFO] Relay 8 -> ON (Command: [0, 255, 8])
2026-03-05 19:02:17,743 [INFO] Relay 7 -> OFF (Command: [0, 253, 7])
2026-03-05 19:02:19,220 [INFO] Relay 8 -> OFF (Command: [0, 253, 8])
2026-03-05 19:03:29,785 [INFO] Relay 1 -> ON (Command: [0, 255, 1])
2026-03-05 19:03:30,978 [INFO] Relay 2 -> ON (Command: [0, 255, 2])
2026-03-05 19:04:52,552 [INFO] Relay 2 -> OFF (Command: [0, 253, 2])
2026-03-05 19:04:53,834 [INFO] Relay 1 -> OFF (Command: [0, 253, 1])
2026-03-05 19:04:55,012 [INFO] Relay 4 -> ON (Command: [0, 255, 4])
2026-03-05 19:04:56,234 [INFO] Relay 3 -> ON (Command: [0, 255, 3])
2026-03-05 19:05:18,034 [INFO] Relay connected via HID: b'\\\\?\\HID#VID_16C0&PID_05DF#8&20d8742f&0&0000#{4d1e55b2-f16f-11cf-88cb-001111000030}'
2026-03-05 19:05:24,141 [INFO] Relay connected via HID: b'\\\\?\\HID#VID_16C0&PID_05DF#8&20d8742f&0&0000#{4d1e55b2-f16f-11cf-88cb-001111000030}'
2026-03-05 19:05:26,403 [INFO] Relay 8 -> ON (Command: [0, 255, 8])
2026-03-05 19:05:26,993 [INFO] Relay 7 -> ON (Command: [0, 255, 7])
2026-03-05 19:05:27,673 [INFO] Relay 7 -> ON (Command: [0, 255, 7])
2026-03-05 19:05:28,152 [INFO] Relay 8 -> ON (Command: [0, 255, 8])
2026-03-05 19:05:44,273 [INFO] Relay 7 -> OFF (Command: [0, 253, 7])
2026-03-05 19:05:45,410 [INFO] Relay 8 -> OFF (Command: [0, 253, 8])
2026-03-05 19:05:45,411 [INFO] Relay 8 -> OFF (Command: [0, 253, 8])
2026-03-05 19:05:46,630 [INFO] Relay 7 -> OFF (Command: [0, 253, 7])
2026-03-05 19:12:33,983 [INFO] [INIT] relay_1 / HID @ XFw/XEhJRCNWSURfMTZDMCZQSURfMDVERiM4JjIwZDg3NDJmJjAmMDAwMCN7NGQxZTU1YjItZjE2Zi0xMWNmLTg4Y2ItMDAxMTExMDAwMDMwfQ==
2026-03-05 19:13:22,962 [INFO] Relay connected via HID: b'\\\\?\\HID#VID_16C0&PID_05DF#8&20d8742f&0&0000#{4d1e55b2-f16f-11cf-88cb-001111000030}'
2026-03-05 19:13:26,333 [INFO] Relay 8 -> ON (Command: [0, 255, 8])
2026-03-05 19:13:27,749 [INFO] Relay 7 -> ON (Command: [0, 255, 7])
2026-03-05 19:13:45,669 [INFO] Relay 8 -> OFF (Command: [0, 253, 8])
2026-03-05 19:13:46,841 [INFO] Relay 7 -> OFF (Command: [0, 253, 7])
2026-03-05 19:13:54,861 [INFO] Relay 7 -> ON (Command: [0, 255, 7])
2026-03-05 19:13:57,733 [INFO] Relay 8 -> ON (Command: [0, 255, 8])
2026-03-05 19:14:13,724 [INFO] Relay 7 -> OFF (Command: [0, 253, 7])
2026-03-05 19:14:15,152 [INFO] Relay 8 -> OFF (Command: [0, 253, 8])
2026-03-05 19:15:25,521 [INFO] Relay 2 -> ON (Command: [0, 255, 2])
2026-03-05 19:15:26,731 [INFO] Relay 1 -> ON (Command: [0, 255, 1])
2026-03-05 19:16:46,216 [INFO] Relay 1 -> OFF (Command: [0, 253, 1])
2026-03-05 19:16:47,617 [INFO] Relay 2 -> OFF (Command: [0, 253, 2])
2026-03-05 19:16:48,950 [INFO] Relay 4 -> ON (Command: [0, 255, 4])
2026-03-05 19:16:50,145 [INFO] Relay 3 -> ON (Command: [0, 255, 3])
2026-03-05 19:17:35,355 [INFO] Relay 3 -> OFF (Command: [0, 253, 3])
2026-03-05 19:17:36,614 [INFO] Relay 4 -> OFF (Command: [0, 253, 4])
2026-03-05 19:18:12,644 [INFO] Relay connected via HID: b'\\\\?\\HID#VID_16C0&PID_05DF#8&20d8742f&0&0000#{4d1e55b2-f16f-11cf-88cb-001111000030}'
2026-03-05 19:18:17,699 [INFO] Relay connected via HID: b'\\\\?\\HID#VID_16C0&PID_05DF#8&20d8742f&0&0000#{4d1e55b2-f16f-11cf-88cb-001111000030}'
2026-03-05 19:18:18,491 [INFO] Relay 8 -> ON (Command: [0, 255, 8])
2026-03-05 19:18:19,695 [INFO] Relay 7 -> ON (Command: [0, 255, 7])
2026-03-05 19:18:20,239 [INFO] Relay 8 -> ON (Command: [0, 255, 8])
2026-03-05 19:18:21,611 [INFO] Relay 7 -> ON (Command: [0, 255, 7])
2026-03-05 19:18:37,602 [INFO] Relay 8 -> OFF (Command: [0, 253, 8])
2026-03-05 19:18:38,802 [INFO] Relay 7 -> OFF (Command: [0, 253, 7])
2026-03-05 19:18:39,373 [INFO] Relay 7 -> OFF (Command: [0, 253, 7])
2026-03-05 19:18:40,545 [INFO] Relay 8 -> OFF (Command: [0, 253, 8])
2026-03-05 19:21:42,476 [INFO] [INIT] relay_1 / HID @ XFw/XEhJRCNWSURfMTZDMCZQSURfMDVERiM4JjIwZDg3NDJmJjAmMDAwMCN7NGQxZTU1YjItZjE2Zi0xMWNmLTg4Y2ItMDAxMTExMDAwMDMwfQ==
2026-03-05 19:43:32,114 [INFO] [INIT] relay_1 / HID @ XFw/XEhJRCNWSURfMTZDMCZQSURfMDVERiM4JjIwZDg3NDJmJjAmMDAwMCN7NGQxZTU1YjItZjE2Zi0xMWNmLTg4Y2ItMDAxMTExMDAwMDMwfQ==
2026-03-05 19:45:08,923 [INFO] Relay connected via HID: b'\\\\?\\HID#VID_16C0&PID_05DF#8&20d8742f&0&0000#{4d1e55b2-f16f-11cf-88cb-001111000030}'
2026-03-05 19:45:10,061 [INFO] Relay 7 -> ON (Command: [0, 255, 7])
2026-03-05 19:45:13,255 [INFO] Relay 8 -> ON (Command: [0, 255, 8])
2026-03-05 19:45:29,527 [INFO] Relay 7 -> OFF (Command: [0, 253, 7])
2026-03-05 19:45:30,840 [INFO] Relay 8 -> OFF (Command: [0, 253, 8])
2026-03-05 19:45:40,738 [INFO] Relay 8 -> ON (Command: [0, 255, 8])
2026-03-05 19:45:41,946 [INFO] Relay 7 -> ON (Command: [0, 255, 7])
2026-03-05 19:45:58,389 [INFO] Relay 8 -> OFF (Command: [0, 253, 8])
2026-03-05 19:45:59,598 [INFO] Relay 7 -> OFF (Command: [0, 253, 7])
2026-03-05 19:47:11,229 [INFO] Relay 2 -> ON (Command: [0, 255, 2])
2026-03-05 19:47:12,561 [INFO] Relay 1 -> ON (Command: [0, 255, 1])
2026-03-05 19:48:46,200 [INFO] Relay 2 -> OFF (Command: [0, 253, 2])
2026-03-05 19:48:47,779 [INFO] Relay 1 -> OFF (Command: [0, 253, 1])
2026-03-05 19:48:49,074 [INFO] Relay 3 -> ON (Command: [0, 255, 3])
2026-03-05 19:48:50,473 [INFO] Relay 4 -> ON (Command: [0, 255, 4])
2026-03-05 19:49:36,570 [INFO] Relay 4 -> OFF (Command: [0, 253, 4])
2026-03-05 19:49:38,078 [INFO] Relay 3 -> OFF (Command: [0, 253, 3])
2026-03-05 19:50:18,423 [INFO] Relay connected via HID: b'\\\\?\\HID#VID_16C0&PID_05DF#8&20d8742f&0&0000#{4d1e55b2-f16f-11cf-88cb-001111000030}'
2026-03-05 19:50:20,746 [INFO] Relay connected via HID: b'\\\\?\\HID#VID_16C0&PID_05DF#8&20d8742f&0&0000#{4d1e55b2-f16f-11cf-88cb-001111000030}'
2026-03-05 19:50:22,475 [INFO] Relay 8 -> ON (Command: [0, 255, 8])
2026-03-05 19:50:23,761 [INFO] Relay 7 -> ON (Command: [0, 255, 7])
2026-03-05 19:50:23,839 [INFO] Relay 7 -> ON (Command: [0, 255, 7])
2026-03-05 19:50:25,171 [INFO] Relay 8 -> ON (Command: [0, 255, 8])
2026-03-05 19:50:41,459 [INFO] Relay 7 -> OFF (Command: [0, 253, 7])
2026-03-05 19:50:42,281 [INFO] Relay 7 -> OFF (Command: [0, 253, 7])
2026-03-05 19:50:42,644 [INFO] Relay 8 -> OFF (Command: [0, 253, 8])
2026-03-05 19:50:43,562 [INFO] Relay 8 -> OFF (Command: [0, 253, 8])
2026-03-05 19:57:28,158 [INFO] [INIT] relay_1 / HID @ XFw/XEhJRCNWSURfMTZDMCZQSURfMDVERiM4JjIwZDg3NDJmJjAmMDAwMCN7NGQxZTU1YjItZjE2Zi0xMWNmLTg4Y2ItMDAxMTExMDAwMDMwfQ==
2026-03-05 19:58:09,974 [INFO] Relay connected via HID: b'\\\\?\\HID#VID_16C0&PID_05DF#8&20d8742f&0&0000#{4d1e55b2-f16f-11cf-88cb-001111000030}'
2026-03-05 19:58:11,148 [INFO] Relay 7 -> ON (Command: [0, 255, 7])
2026-03-05 19:58:14,253 [INFO] Relay 8 -> ON (Command: [0, 255, 8])
2026-03-05 19:58:30,419 [INFO] Relay 7 -> OFF (Command: [0, 253, 7])
2026-03-05 19:58:31,666 [INFO] Relay 8 -> OFF (Command: [0, 253, 8])
2026-03-05 19:58:39,833 [INFO] Relay 7 -> ON (Command: [0, 255, 7])
2026-03-05 19:58:42,688 [INFO] Relay 8 -> ON (Command: [0, 255, 8])
2026-03-05 19:58:58,683 [INFO] Relay 7 -> OFF (Command: [0, 253, 7])
2026-03-05 19:58:59,840 [INFO] Relay 8 -> OFF (Command: [0, 253, 8])
2026-03-05 20:00:10,252 [INFO] Relay 1 -> ON (Command: [0, 255, 1])
2026-03-05 20:00:11,474 [INFO] Relay 2 -> ON (Command: [0, 255, 2])
2026-03-05 20:01:37,286 [INFO] Relay 2 -> OFF (Command: [0, 253, 2])
2026-03-05 20:01:38,464 [INFO] Relay 1 -> OFF (Command: [0, 253, 1])
2026-03-05 20:01:39,707 [INFO] Relay 3 -> ON (Command: [0, 255, 3])
2026-03-05 20:01:41,013 [INFO] Relay 4 -> ON (Command: [0, 255, 4])
2026-03-05 20:02:26,423 [INFO] Relay 3 -> OFF (Command: [0, 253, 3])
2026-03-05 20:02:27,839 [INFO] Relay 4 -> OFF (Command: [0, 253, 4])
2026-03-05 20:03:03,579 [INFO] Relay connected via HID: b'\\\\?\\HID#VID_16C0&PID_05DF#8&20d8742f&0&0000#{4d1e55b2-f16f-11cf-88cb-001111000030}'
2026-03-05 20:03:09,424 [INFO] Relay connected via HID: b'\\\\?\\HID#VID_16C0&PID_05DF#8&20d8742f&0&0000#{4d1e55b2-f16f-11cf-88cb-001111000030}'
2026-03-05 20:03:10,265 [INFO] Relay 7 -> ON (Command: [0, 255, 7])
2026-03-05 20:03:11,519 [INFO] Relay 8 -> ON (Command: [0, 255, 8])
2026-03-05 20:03:11,692 [INFO] Relay 8 -> ON (Command: [0, 255, 8])
2026-03-05 20:03:12,883 [INFO] Relay 7 -> ON (Command: [0, 255, 7])
2026-03-05 20:03:29,409 [INFO] Relay 7 -> OFF (Command: [0, 253, 7])
2026-03-05 20:03:30,555 [INFO] Relay 8 -> OFF (Command: [0, 253, 8])
2026-03-05 20:03:31,204 [INFO] Relay 7 -> OFF (Command: [0, 253, 7])
2026-03-05 20:03:32,457 [INFO] Relay 8 -> OFF (Command: [0, 253, 8])
2026-03-05 20:06:31,112 [INFO] [INIT] relay_1 / HID @ XFw/XEhJRCNWSURfMTZDMCZQSURfMDVERiM4JjIwZDg3NDJmJjAmMDAwMCN7NGQxZTU1YjItZjE2Zi0xMWNmLTg4Y2ItMDAxMTExMDAwMDMwfQ==
2026-03-05 20:08:38,548 [INFO] Relay connected via HID: b'\\\\?\\HID#VID_16C0&PID_05DF#8&20d8742f&0&0000#{4d1e55b2-f16f-11cf-88cb-001111000030}'
2026-03-05 20:08:51,165 [INFO] Relay 8 -> ON (Command: [0, 255, 8])
2026-03-05 20:08:52,510 [INFO] Relay 7 -> ON (Command: [0, 255, 7])
2026-03-05 20:09:10,569 [INFO] Relay 8 -> OFF (Command: [0, 253, 8])
2026-03-05 20:09:11,682 [INFO] Relay 7 -> OFF (Command: [0, 253, 7])
2026-03-05 20:09:21,313 [INFO] Relay 7 -> ON (Command: [0, 255, 7])
2026-03-05 20:09:22,701 [INFO] Relay 8 -> ON (Command: [0, 255, 8])
2026-03-05 20:09:38,798 [INFO] Relay 7 -> OFF (Command: [0, 253, 7])
2026-03-05 20:09:39,990 [INFO] Relay 8 -> OFF (Command: [0, 253, 8])
2026-03-05 20:10:51,586 [INFO] Relay 1 -> ON (Command: [0, 255, 1])
2026-03-05 20:10:52,783 [INFO] Relay 2 -> ON (Command: [0, 255, 2])
2026-03-05 20:12:13,272 [INFO] Relay 2 -> OFF (Command: [0, 253, 2])
2026-03-05 20:12:14,524 [INFO] Relay 1 -> OFF (Command: [0, 253, 1])
2026-03-05 20:12:15,713 [INFO] Relay 4 -> ON (Command: [0, 255, 4])
2026-03-05 20:12:17,285 [INFO] Relay 3 -> ON (Command: [0, 255, 3])
2026-03-05 20:13:02,769 [INFO] Relay 3 -> OFF (Command: [0, 253, 3])
2026-03-05 20:13:04,072 [INFO] Relay 4 -> OFF (Command: [0, 253, 4])
2026-03-05 20:14:37,560 [INFO] Relay connected via HID: b'\\\\?\\HID#VID_16C0&PID_05DF#8&20d8742f&0&0000#{4d1e55b2-f16f-11cf-88cb-001111000030}'
2026-03-05 20:14:38,988 [INFO] Relay connected via HID: b'\\\\?\\HID#VID_16C0&PID_05DF#8&20d8742f&0&0000#{4d1e55b2-f16f-11cf-88cb-001111000030}'
2026-03-05 20:14:42,626 [INFO] Relay 7 -> ON (Command: [0, 255, 7])
2026-03-05 20:14:43,946 [INFO] Relay 8 -> ON (Command: [0, 255, 8])
2026-03-05 20:14:44,616 [INFO] Relay 8 -> ON (Command: [0, 255, 8])
2026-03-05 20:14:45,993 [INFO] Relay 7 -> ON (Command: [0, 255, 7])
2026-03-05 20:15:02,230 [INFO] Relay 8 -> OFF (Command: [0, 253, 8])
2026-03-05 20:15:02,404 [INFO] Relay 8 -> OFF (Command: [0, 253, 8])
2026-03-05 20:15:03,470 [INFO] Relay 7 -> OFF (Command: [0, 253, 7])
2026-03-05 20:15:03,820 [INFO] Relay 7 -> OFF (Command: [0, 253, 7])
2026-03-05 20:16:20,632 [INFO] Relay 2 -> ON (Command: [0, 255, 2])
2026-03-05 20:16:21,108 [INFO] Relay 2 -> ON (Command: [0, 255, 2])
2026-03-05 20:16:21,904 [INFO] Relay 1 -> ON (Command: [0, 255, 1])
2026-03-05 20:16:22,381 [INFO] Relay 1 -> ON (Command: [0, 255, 1])
2026-03-05 20:18:46,134 [INFO] Relay 2 -> OFF (Command: [0, 253, 2])
2026-03-05 20:18:47,336 [INFO] Relay 1 -> OFF (Command: [0, 253, 1])
2026-03-05 20:18:48,888 [INFO] Relay 4 -> ON (Command: [0, 255, 4])
2026-03-05 20:18:50,177 [INFO] Relay 2 -> OFF (Command: [0, 253, 2])
2026-03-05 20:18:50,400 [INFO] Relay 3 -> ON (Command: [0, 255, 3])
2026-03-05 20:18:51,653 [INFO] Relay 1 -> OFF (Command: [0, 253, 1])
2026-03-05 20:18:52,841 [INFO] Relay 3 -> ON (Command: [0, 255, 3])
2026-03-05 20:18:54,078 [INFO] Relay 4 -> ON (Command: [0, 255, 4])
2026-03-05 20:20:50,026 [INFO] [INIT] relay_1 / HID @ XFw/XEhJRCNWSURfMTZDMCZQSURfMDVERiM4JjIwZDg3NDJmJjAmMDAwMCN7NGQxZTU1YjItZjE2Zi0xMWNmLTg4Y2ItMDAxMTExMDAwMDMwfQ==
2026-03-05 20:21:24,704 [INFO] Relay connected via HID: b'\\\\?\\HID#VID_16C0&PID_05DF#8&20d8742f&0&0000#{4d1e55b2-f16f-11cf-88cb-001111000030}'
2026-03-05 20:21:32,572 [INFO] Relay 7 -> ON (Command: [0, 255, 7])
2026-03-05 20:21:35,585 [INFO] Relay 8 -> ON (Command: [0, 255, 8])
2026-03-05 20:21:51,690 [INFO] Relay 7 -> OFF (Command: [0, 253, 7])
2026-03-05 20:21:52,880 [INFO] Relay 8 -> OFF (Command: [0, 253, 8])
2026-03-05 20:22:00,632 [INFO] Relay 8 -> ON (Command: [0, 255, 8])
2026-03-05 20:22:03,453 [INFO] Relay 7 -> ON (Command: [0, 255, 7])
2026-03-05 20:22:19,713 [INFO] Relay 7 -> OFF (Command: [0, 253, 7])
2026-03-05 20:22:20,873 [INFO] Relay 8 -> OFF (Command: [0, 253, 8])
2026-03-05 20:23:31,442 [INFO] Relay 2 -> ON (Command: [0, 255, 2])
2026-03-05 20:23:32,719 [INFO] Relay 1 -> ON (Command: [0, 255, 1])
2026-03-05 20:24:55,947 [INFO] Relay 2 -> OFF (Command: [0, 253, 2])
2026-03-05 20:24:57,200 [INFO] Relay 1 -> OFF (Command: [0, 253, 1])
2026-03-05 20:24:58,395 [INFO] Relay 3 -> ON (Command: [0, 255, 3])
2026-03-05 20:24:59,619 [INFO] Relay 4 -> ON (Command: [0, 255, 4])
2026-03-05 20:25:45,745 [INFO] Relay 3 -> OFF (Command: [0, 253, 3])
2026-03-05 20:25:47,042 [INFO] Relay 4 -> OFF (Command: [0, 253, 4])
2026-03-05 20:26:20,882 [INFO] Relay connected via HID: b'\\\\?\\HID#VID_16C0&PID_05DF#8&20d8742f&0&0000#{4d1e55b2-f16f-11cf-88cb-001111000030}'
2026-03-05 20:26:25,755 [INFO] Relay connected via HID: b'\\\\?\\HID#VID_16C0&PID_05DF#8&20d8742f&0&0000#{4d1e55b2-f16f-11cf-88cb-001111000030}'
2026-03-05 20:28:38,782 [INFO] [INIT] relay_1 / HID @ XFw/XEhJRCNWSURfMTZDMCZQSURfMDVERiM4JjIwZDg3NDJmJjAmMDAwMCN7NGQxZTU1YjItZjE2Zi0xMWNmLTg4Y2ItMDAxMTExMDAwMDMwfQ==
2026-03-05 20:30:23,412 [INFO] Relay connected via HID: b'\\\\?\\HID#VID_16C0&PID_05DF#8&20d8742f&0&0000#{4d1e55b2-f16f-11cf-88cb-001111000030}'
2026-03-05 20:30:26,914 [INFO] Relay connected via HID: b'\\\\?\\HID#VID_16C0&PID_05DF#8&20d8742f&0&0000#{4d1e55b2-f16f-11cf-88cb-001111000030}'
2026-03-05 20:31:07,627 [INFO] [INIT] relay_1 / HID @ XFw/XEhJRCNWSURfMTZDMCZQSURfMDVERiM4JjIwZDg3NDJmJjAmMDAwMCN7NGQxZTU1YjItZjE2Zi0xMWNmLTg4Y2ItMDAxMTExMDAwMDMwfQ==
2026-03-05 20:31:26,701 [INFO] [INIT] relay_1 / HID @ XFw/XEhJRCNWSURfMTZDMCZQSURfMDVERiM4JjIwZDg3NDJmJjAmMDAwMCN7NGQxZTU1YjItZjE2Zi0xMWNmLTg4Y2ItMDAxMTExMDAwMDMwfQ==
2026-03-05 20:32:25,219 [INFO] Relay connected via HID: b'\\\\?\\HID#VID_16C0&PID_05DF#8&20d8742f&0&0000#{4d1e55b2-f16f-11cf-88cb-001111000030}'
2026-03-05 20:50:34,238 [INFO] [INIT] relay_1 / HID @ XFw/XEhJRCNWSURfMTZDMCZQSURfMDVERiM4JjIwZDg3NDJmJjAmMDAwMCN7NGQxZTU1YjItZjE2Zi0xMWNmLTg4Y2ItMDAxMTExMDAwMDMwfQ==
2026-03-05 20:52:01,274 [INFO] [INIT] relay_1 / HID @ XFw/XEhJRCNWSURfMTZDMCZQSURfMDVERiM4JjIwZDg3NDJmJjAmMDAwMCN7NGQxZTU1YjItZjE2Zi0xMWNmLTg4Y2ItMDAxMTExMDAwMDMwfQ==
2026-03-05 20:54:18,964 [INFO] [INIT] relay_1 / HID @ XFw/XEhJRCNWSURfMTZDMCZQSURfMDVERiM4JjIwZDg3NDJmJjAmMDAwMCN7NGQxZTU1YjItZjE2Zi0xMWNmLTg4Y2ItMDAxMTExMDAwMDMwfQ==
2026-03-08 18:29:02,071 [INFO] [INIT] relay_1 / HID @ XFw/XEhJRCNWSURfMTZDMCZQSURfMDVERiM4JjIwZDg3NDJmJjAmMDAwMCN7NGQxZTU1YjItZjE2Zi0xMWNmLTg4Y2ItMDAxMTExMDAwMDMwfQ==
2026-03-08 18:35:21,692 [INFO] [INIT] relay_1 / HID @ XFw/XEhJRCNWSURfMTZDMCZQSURfMDVERiM4JjIwZDg3NDJmJjAmMDAwMCN7NGQxZTU1YjItZjE2Zi0xMWNmLTg4Y2ItMDAxMTExMDAwMDMwfQ==
2026-03-08 18:35:54,714 [INFO] [INIT] relay_1 / HID @ XFw/XEhJRCNWSURfMTZDMCZQSURfMDVERiM4JjIwZDg3NDJmJjAmMDAwMCN7NGQxZTU1YjItZjE2Zi0xMWNmLTg4Y2ItMDAxMTExMDAwMDMwfQ==
2026-03-08 18:37:36,832 [INFO] [INIT] relay_1 / HID @ XFw/XEhJRCNWSURfMTZDMCZQSURfMDVERiM4JjIwZDg3NDJmJjAmMDAwMCN7NGQxZTU1YjItZjE2Zi0xMWNmLTg4Y2ItMDAxMTExMDAwMDMwfQ==
2026-03-08 18:40:25,749 [INFO] [INIT] relay_1 / HID @ XFw/XEhJRCNWSURfMTZDMCZQSURfMDVERiM4JjIwZDg3NDJmJjAmMDAwMCN7NGQxZTU1YjItZjE2Zi0xMWNmLTg4Y2ItMDAxMTExMDAwMDMwfQ==
2026-03-08 18:41:12,280 [INFO] [INIT] relay_1 / HID @ XFw/XEhJRCNWSURfMTZDMCZQSURfMDVERiM4JjIwZDg3NDJmJjAmMDAwMCN7NGQxZTU1YjItZjE2Zi0xMWNmLTg4Y2ItMDAxMTExMDAwMDMwfQ==
2026-03-08 18:42:21,439 [INFO] [INIT] relay_1 / HID @ XFw/XEhJRCNWSURfMTZDMCZQSURfMDVERiM4JjIwZDg3NDJmJjAmMDAwMCN7NGQxZTU1YjItZjE2Zi0xMWNmLTg4Y2ItMDAxMTExMDAwMDMwfQ==
2026-03-08 18:44:52,884 [INFO] [INIT] relay_1 / HID @ XFw/XEhJRCNWSURfMTZDMCZQSURfMDVERiM4JjIwZDg3NDJmJjAmMDAwMCN7NGQxZTU1YjItZjE2Zi0xMWNmLTg4Y2ItMDAxMTExMDAwMDMwfQ==
2026-03-08 19:02:54,232 [INFO] [INIT] relay_1 / HID @ XFw/XEhJRCNWSURfMTZDMCZQSURfMDVERiM4JjIwZDg3NDJmJjAmMDAwMCN7NGQxZTU1YjItZjE2Zi0xMWNmLTg4Y2ItMDAxMTExMDAwMDMwfQ==
2026-03-08 19:04:20,117 [INFO] [INIT] relay_1 / HID @ XFw/XEhJRCNWSURfMTZDMCZQSURfMDVERiM4JjIwZDg3NDJmJjAmMDAwMCN7NGQxZTU1YjItZjE2Zi0xMWNmLTg4Y2ItMDAxMTExMDAwMDMwfQ==
2026-03-08 19:13:53,120 [INFO] [INIT] relay_1 / HID @ XFw/XEhJRCNWSURfMTZDMCZQSURfMDVERiM4JjIwZDg3NDJmJjAmMDAwMCN7NGQxZTU1YjItZjE2Zi0xMWNmLTg4Y2ItMDAxMTExMDAwMDMwfQ==
2026-03-08 19:14:04,977 [INFO] [INIT] relay_1 / HID @ XFw/XEhJRCNWSURfMTZDMCZQSURfMDVERiM4JjIwZDg3NDJmJjAmMDAwMCN7NGQxZTU1YjItZjE2Zi0xMWNmLTg4Y2ItMDAxMTExMDAwMDMwfQ==
2026-03-08 19:16:12,040 [INFO] [INIT] relay_1 / HID @ XFw/XEhJRCNWSURfMTZDMCZQSURfMDVERiM4JjIwZDg3NDJmJjAmMDAwMCN7NGQxZTU1YjItZjE2Zi0xMWNmLTg4Y2ItMDAxMTExMDAwMDMwfQ==
2026-03-08 19:17:17,636 [INFO] [INIT] relay_1 / HID @ XFw/XEhJRCNWSURfMTZDMCZQSURfMDVERiM4JjIwZDg3NDJmJjAmMDAwMCN7NGQxZTU1YjItZjE2Zi0xMWNmLTg4Y2ItMDAxMTExMDAwMDMwfQ==
2026-03-08 19:18:36,433 [INFO] [INIT] relay_1 / HID @ XFw/XEhJRCNWSURfMTZDMCZQSURfMDVERiM4JjIwZDg3NDJmJjAmMDAwMCN7NGQxZTU1YjItZjE2Zi0xMWNmLTg4Y2ItMDAxMTExMDAwMDMwfQ==
2026-03-08 19:19:36,346 [INFO] [INIT] relay_1 / HID @ XFw/XEhJRCNWSURfMTZDMCZQSURfMDVERiM4JjIwZDg3NDJmJjAmMDAwMCN7NGQxZTU1YjItZjE2Zi0xMWNmLTg4Y2ItMDAxMTExMDAwMDMwfQ==
2026-03-08 19:23:25,337 [INFO] [INIT] relay_1 / HID @ XFw/XEhJRCNWSURfMTZDMCZQSURfMDVERiM4JjIwZDg3NDJmJjAmMDAwMCN7NGQxZTU1YjItZjE2Zi0xMWNmLTg4Y2ItMDAxMTExMDAwMDMwfQ==
2026-03-08 19:39:44,234 [INFO] [INIT] relay_1 / HID @ XFw/XEhJRCNWSURfMTZDMCZQSURfMDVERiM4JjIwZDg3NDJmJjAmMDAwMCN7NGQxZTU1YjItZjE2Zi0xMWNmLTg4Y2ItMDAxMTExMDAwMDMwfQ==
2026-03-08 19:41:26,164 [INFO] [INIT] relay_1 / HID @ XFw/XEhJRCNWSURfMTZDMCZQSURfMDVERiM4JjIwZDg3NDJmJjAmMDAwMCN7NGQxZTU1YjItZjE2Zi0xMWNmLTg4Y2ItMDAxMTExMDAwMDMwfQ==
2026-03-08 19:42:21,637 [INFO] Relay connected via HID: b'\\\\?\\HID#VID_16C0&PID_05DF#8&20d8742f&0&0000#{4d1e55b2-f16f-11cf-88cb-001111000030}'
2026-03-08 19:42:26,681 [INFO] Relay 8 -> ON (Command: [0, 255, 8])
2026-03-08 19:42:27,922 [INFO] Relay 7 -> ON (Command: [0, 255, 7])
2026-03-08 19:42:45,937 [INFO] Relay 7 -> OFF (Command: [0, 253, 7])
2026-03-08 19:42:47,280 [INFO] Relay 8 -> OFF (Command: [0, 253, 8])
2026-03-08 19:44:04,091 [INFO] Relay 2 -> ON (Command: [0, 255, 2])
2026-03-08 19:44:05,331 [INFO] Relay 1 -> ON (Command: [0, 255, 1])
2026-03-08 19:45:38,377 [INFO] Relay 1 -> OFF (Command: [0, 253, 1])
2026-03-08 19:45:39,602 [INFO] Relay 2 -> OFF (Command: [0, 253, 2])
2026-03-08 19:45:40,866 [INFO] Relay 4 -> ON (Command: [0, 255, 4])
2026-03-08 19:45:42,310 [INFO] Relay 3 -> ON (Command: [0, 255, 3])
2026-03-08 19:46:28,866 [INFO] Relay 4 -> OFF (Command: [0, 253, 4])
2026-03-08 19:46:30,238 [INFO] Relay 3 -> OFF (Command: [0, 253, 3])
2026-03-08 19:47:11,324 [INFO] Relay connected via HID: b'\\\\?\\HID#VID_16C0&PID_05DF#8&20d8742f&0&0000#{4d1e55b2-f16f-11cf-88cb-001111000030}'
2026-03-08 19:47:12,727 [INFO] Relay 7 -> ON (Command: [0, 255, 7])
2026-03-08 19:47:14,021 [INFO] Relay 8 -> ON (Command: [0, 255, 8])
2026-03-08 19:47:32,707 [INFO] Relay 8 -> OFF (Command: [0, 253, 8])
2026-03-08 19:47:34,431 [INFO] Relay 7 -> OFF (Command: [0, 253, 7])
2026-03-08 19:48:51,601 [INFO] Relay 2 -> ON (Command: [0, 255, 2])
2026-03-08 19:48:53,110 [INFO] Relay 1 -> ON (Command: [0, 255, 1])
2026-03-08 19:50:21,100 [INFO] Relay 1 -> OFF (Command: [0, 253, 1])
2026-03-08 19:50:22,330 [INFO] Relay 2 -> OFF (Command: [0, 253, 2])
2026-03-08 19:50:23,606 [INFO] Relay 4 -> ON (Command: [0, 255, 4])
2026-03-08 19:50:24,975 [INFO] Relay 3 -> ON (Command: [0, 255, 3])
2026-03-08 19:51:10,929 [INFO] Relay 3 -> OFF (Command: [0, 253, 3])
2026-03-08 19:51:12,289 [INFO] Relay 4 -> OFF (Command: [0, 253, 4])
2026-03-08 19:51:48,473 [INFO] Relay connected via HID: b'\\\\?\\HID#VID_16C0&PID_05DF#8&20d8742f&0&0000#{4d1e55b2-f16f-11cf-88cb-001111000030}'
2026-03-08 19:51:51,806 [INFO] Relay 7 -> ON (Command: [0, 255, 7])
2026-03-08 19:51:53,208 [INFO] Relay 8 -> ON (Command: [0, 255, 8])
2026-03-08 19:52:11,270 [INFO] Relay 7 -> OFF (Command: [0, 253, 7])
2026-03-08 19:52:12,446 [INFO] Relay 8 -> OFF (Command: [0, 253, 8])
2026-03-08 19:52:20,732 [INFO] Relay 8 -> ON (Command: [0, 255, 8])
2026-03-08 19:52:23,741 [INFO] Relay 7 -> ON (Command: [0, 255, 7])
2026-03-08 19:52:39,915 [INFO] Relay 8 -> OFF (Command: [0, 253, 8])
2026-03-08 19:52:41,259 [INFO] Relay 7 -> OFF (Command: [0, 253, 7])
2026-03-08 19:53:52,095 [INFO] Relay 1 -> ON (Command: [0, 255, 1])
2026-03-08 19:53:53,369 [INFO] Relay 2 -> ON (Command: [0, 255, 2])
2026-03-08 19:55:11,116 [INFO] Relay 1 -> OFF (Command: [0, 253, 1])
2026-03-08 19:55:12,480 [INFO] Relay 2 -> OFF (Command: [0, 253, 2])
2026-03-08 19:55:13,793 [INFO] Relay 3 -> ON (Command: [0, 255, 3])
2026-03-08 19:55:15,031 [INFO] Relay 4 -> ON (Command: [0, 255, 4])
2026-03-08 19:56:00,287 [INFO] Relay 4 -> OFF (Command: [0, 253, 4])
2026-03-08 19:56:01,588 [INFO] Relay 3 -> OFF (Command: [0, 253, 3])
2026-03-08 19:57:43,574 [INFO] [INIT] relay_1 / HID @ XFw/XEhJRCNWSURfMTZDMCZQSURfMDVERiM4JjIwZDg3NDJmJjAmMDAwMCN7NGQxZTU1YjItZjE2Zi0xMWNmLTg4Y2ItMDAxMTExMDAwMDMwfQ==
2026-03-08 19:58:47,981 [INFO] Relay connected via HID: b'\\\\?\\HID#VID_16C0&PID_05DF#8&20d8742f&0&0000#{4d1e55b2-f16f-11cf-88cb-001111000030}'
2026-03-08 19:58:53,573 [INFO] Relay 7 -> ON (Command: [0, 255, 7])
2026-03-08 19:58:54,890 [INFO] Relay 8 -> ON (Command: [0, 255, 8])
2026-03-08 19:59:12,822 [INFO] Relay 7 -> OFF (Command: [0, 253, 7])
2026-03-08 19:59:14,003 [INFO] Relay 8 -> OFF (Command: [0, 253, 8])
2026-03-08 20:00:30,657 [INFO] Relay 2 -> ON (Command: [0, 255, 2])
2026-03-08 20:00:31,938 [INFO] Relay 1 -> ON (Command: [0, 255, 1])
2026-03-08 20:02:11,480 [INFO] Relay 2 -> OFF (Command: [0, 253, 2])
2026-03-08 20:02:13,030 [INFO] Relay 1 -> OFF (Command: [0, 253, 1])
2026-03-08 20:02:14,256 [INFO] Relay 3 -> ON (Command: [0, 255, 3])
2026-03-08 20:02:15,471 [INFO] Relay 4 -> ON (Command: [0, 255, 4])
2026-03-08 20:02:38,872 [INFO] Relay connected via HID: b'\\\\?\\HID#VID_16C0&PID_05DF#8&20d8742f&0&0000#{4d1e55b2-f16f-11cf-88cb-001111000030}'
2026-03-08 20:02:46,747 [INFO] Relay 8 -> ON (Command: [0, 255, 8])
2026-03-08 20:02:48,033 [INFO] Relay 7 -> ON (Command: [0, 255, 7])
2026-03-08 20:03:06,282 [INFO] Relay 8 -> OFF (Command: [0, 253, 8])
2026-03-08 20:03:07,528 [INFO] Relay 7 -> OFF (Command: [0, 253, 7])
2026-03-08 20:05:37,918 [INFO] [INIT] relay_1 / HID @ XFw/XEhJRCNWSURfMTZDMCZQSURfMDVERiM4JjIwZDg3NDJmJjAmMDAwMCN7NGQxZTU1YjItZjE2Zi0xMWNmLTg4Y2ItMDAxMTExMDAwMDMwfQ==
2026-03-08 20:06:42,850 [INFO] Relay connected via HID: b'\\\\?\\HID#VID_16C0&PID_05DF#8&20d8742f&0&0000#{4d1e55b2-f16f-11cf-88cb-001111000030}'
2026-03-08 20:06:49,677 [INFO] Relay 8 -> ON (Command: [0, 255, 8])
2026-03-08 20:06:50,895 [INFO] Relay 7 -> ON (Command: [0, 255, 7])
2026-03-08 20:07:09,039 [INFO] Relay 8 -> OFF (Command: [0, 253, 8])
2026-03-08 20:07:10,304 [INFO] Relay 7 -> OFF (Command: [0, 253, 7])
2026-03-08 20:08:26,115 [INFO] Relay 2 -> ON (Command: [0, 255, 2])
2026-03-08 20:08:27,319 [INFO] Relay 1 -> ON (Command: [0, 255, 1])
2026-03-08 20:09:55,821 [INFO] Relay 1 -> OFF (Command: [0, 253, 1])
2026-03-08 20:09:57,000 [INFO] Relay 2 -> OFF (Command: [0, 253, 2])
2026-03-08 20:09:58,144 [INFO] Relay 3 -> ON (Command: [0, 255, 3])
2026-03-08 20:09:59,333 [INFO] Relay 4 -> ON (Command: [0, 255, 4])
2026-03-08 20:10:44,554 [INFO] Relay 3 -> OFF (Command: [0, 253, 3])
2026-03-08 20:10:45,884 [INFO] Relay 4 -> OFF (Command: [0, 253, 4])
2026-03-08 20:11:16,779 [INFO] Relay connected via HID: b'\\\\?\\HID#VID_16C0&PID_05DF#8&20d8742f&0&0000#{4d1e55b2-f16f-11cf-88cb-001111000030}'
2026-03-08 20:11:25,596 [INFO] Relay 8 -> ON (Command: [0, 255, 8])
2026-03-08 20:11:27,099 [INFO] Relay 7 -> ON (Command: [0, 255, 7])
2026-03-08 20:11:45,482 [INFO] Relay 7 -> OFF (Command: [0, 253, 7])
2026-03-08 20:11:46,995 [INFO] Relay 8 -> OFF (Command: [0, 253, 8])
