2026-02-24 16:08:35,154 [INFO] [INIT] relay_2 / HID @ XFw/XEhJRCNWSURfMTZDMCZQSURfMDVERiM4JmJlNDA3NDAmMCYwMDAwI3s0ZDFlNTViMi1mMTZmLTExY2YtODhjYi0wMDExMTEwMDAwMzB9
2026-02-24 16:08:40,744 [INFO] Relay connected via HID: b'\\\\?\\HID#VID_16C0&PID_05DF#8&be40740&0&0000#{4d1e55b2-f16f-11cf-88cb-001111000030}'
2026-02-24 16:10:02,630 [INFO] Relay 3 -> ON (Command: [0, 255, 3])
2026-02-24 16:10:03,792 [INFO] Relay 4 -> ON (Command: [0, 255, 4])
2026-02-24 16:13:50,138 [INFO] [INIT] relay_2 / HID @ XFw/XEhJRCNWSURfMTZDMCZQSURfMDVERiM4JmJlNDA3NDAmMCYwMDAwI3s0ZDFlNTViMi1mMTZmLTExY2YtODhjYi0wMDExMTEwMDAwMzB9
2026-02-24 16:13:55,720 [INFO] Relay connected via HID: b'\\\\?\\HID#VID_16C0&PID_05DF#8&be40740&0&0000#{4d1e55b2-f16f-11cf-88cb-001111000030}'
2026-02-24 16:15:17,467 [INFO] Relay 3 -> ON (Command: [0, 255, 3])
2026-02-24 16:15:18,599 [INFO] Relay 4 -> ON (Command: [0, 255, 4])
2026-02-24 16:15:29,802 [INFO] Relay 3 -> OFF (Command: [0, 253, 3])
2026-02-24 16:15:31,016 [INFO] Relay 4 -> OFF (Command: [0, 253, 4])
2026-02-24 16:18:10,738 [INFO] Relay HID connection closed.
2026-02-24 16:18:56,995 [INFO] [INIT] relay_2 / HID @ XFw/XEhJRCNWSURfMTZDMCZQSURfMDVERiM4JmJlNDA3NDAmMCYwMDAwI3s0ZDFlNTViMi1mMTZmLTExY2YtODhjYi0wMDExMTEwMDAwMzB9
2026-02-24 16:19:53,152 [INFO] Relay connected via HID: b'\\\\?\\HID#VID_16C0&PID_05DF#8&be40740&0&0000#{4d1e55b2-f16f-11cf-88cb-001111000030}'
2026-02-24 16:21:16,111 [INFO] Relay 4 -> ON (Command: [0, 255, 4])
2026-02-24 16:21:17,247 [INFO] Relay 3 -> ON (Command: [0, 255, 3])
2026-02-24 16:21:28,674 [INFO] Relay 3 -> OFF (Command: [0, 253, 3])
2026-02-24 16:21:29,836 [INFO] Relay 4 -> OFF (Command: [0, 253, 4])
2026-02-24 16:24:36,718 [INFO] Relay HID connection closed.
2026-02-24 16:33:59,221 [INFO] [INIT] relay_2 / HID @ XFw/XEhJRCNWSURfMTZDMCZQSURfMDVERiM4JmJlNDA3NDAmMCYwMDAwI3s0ZDFlNTViMi1mMTZmLTExY2YtODhjYi0wMDExMTEwMDAwMzB9
2026-02-24 16:36:03,131 [INFO] [INIT] relay_2 / HID @ XFw/XEhJRCNWSURfMTZDMCZQSURfMDVERiM4JmJlNDA3NDAmMCYwMDAwI3s0ZDFlNTViMi1mMTZmLTExY2YtODhjYi0wMDExMTEwMDAwMzB9
2026-02-24 17:09:18,444 [INFO] [INIT] relay_2 / HID @ XFw/XEhJRCNWSURfMTZDMCZQSURfMDVERiM4JmJlNDA3NDAmMCYwMDAwI3s0ZDFlNTViMi1mMTZmLTExY2YtODhjYi0wMDExMTEwMDAwMzB9
2026-02-24 17:40:37,200 [INFO] [INIT] relay_2 / HID @ XFw/XEhJRCNWSURfMTZDMCZQSURfMDVERiM4JmJlNDA3NDAmMCYwMDAwI3s0ZDFlNTViMi1mMTZmLTExY2YtODhjYi0wMDExMTEwMDAwMzB9
2026-02-24 17:56:34,096 [INFO] [INIT] relay_2 / HID @ XFw/XEhJRCNWSURfMTZDMCZQSURfMDVERiM4JmJlNDA3NDAmMCYwMDAwI3s0ZDFlNTViMi1mMTZmLTExY2YtODhjYi0wMDExMTEwMDAwMzB9
2026-02-24 18:00:08,254 [INFO] [INIT] relay_2 / HID @ XFw/XEhJRCNWSURfMTZDMCZQSURfMDVERiM4JmJlNDA3NDAmMCYwMDAwI3s0ZDFlNTViMi1mMTZmLTExY2YtODhjYi0wMDExMTEwMDAwMzB9
2026-02-24 18:00:47,309 [INFO] Relay connected via HID: b'\\\\?\\HID#VID_16C0&PID_05DF#8&be40740&0&0000#{4d1e55b2-f16f-11cf-88cb-001111000030}'
2026-02-24 18:04:48,865 [INFO] [INIT] relay_2 / HID @ XFw/XEhJRCNWSURfMTZDMCZQSURfMDVERiM4JmJlNDA3NDAmMCYwMDAwI3s0ZDFlNTViMi1mMTZmLTExY2YtODhjYi0wMDExMTEwMDAwMzB9
2026-02-24 18:05:28,977 [INFO] Relay connected via HID: b'\\\\?\\HID#VID_16C0&PID_05DF#8&be40740&0&0000#{4d1e55b2-f16f-11cf-88cb-001111000030}'
2026-02-24 18:07:05,382 [INFO] Relay 3 -> ON (Command: [0, 255, 3])
2026-02-24 18:07:06,539 [INFO] Relay 4 -> ON (Command: [0, 255, 4])
2026-02-24 18:07:17,756 [INFO] Relay 4 -> OFF (Command: [0, 253, 4])
2026-02-24 18:07:18,992 [INFO] Relay 3 -> OFF (Command: [0, 253, 3])
2026-02-24 18:10:22,159 [INFO] Relay HID connection closed.
2026-02-24 19:30:47,824 [INFO] [INIT] relay_2 / HID @ XFw/XEhJRCNWSURfMTZDMCZQSURfMDVERiM4JmJlNDA3NDAmMCYwMDAwI3s0ZDFlNTViMi1mMTZmLTExY2YtODhjYi0wMDExMTEwMDAwMzB9
2026-02-24 19:32:27,062 [INFO] Relay connected via HID: b'\\\\?\\HID#VID_16C0&PID_05DF#8&be40740&0&0000#{4d1e55b2-f16f-11cf-88cb-001111000030}'
2026-02-24 19:33:59,154 [INFO] Relay 3 -> ON (Command: [0, 255, 3])
2026-02-24 19:34:00,320 [INFO] Relay 4 -> ON (Command: [0, 255, 4])
2026-02-24 19:34:11,613 [INFO] Relay 4 -> OFF (Command: [0, 253, 4])
2026-02-24 19:34:12,789 [INFO] Relay 3 -> OFF (Command: [0, 253, 3])
2026-02-24 19:37:10,005 [INFO] Relay HID connection closed.
2026-02-24 19:38:42,704 [INFO] Relay connected via HID: b'\\\\?\\HID#VID_16C0&PID_05DF#8&be40740&0&0000#{4d1e55b2-f16f-11cf-88cb-001111000030}'
2026-02-24 19:40:11,746 [INFO] Relay 4 -> ON (Command: [0, 255, 4])
2026-02-24 19:40:13,193 [INFO] Relay 3 -> ON (Command: [0, 255, 3])
2026-02-24 19:40:24,582 [INFO] Relay 3 -> OFF (Command: [0, 253, 3])
2026-02-24 19:40:25,978 [INFO] Relay 4 -> OFF (Command: [0, 253, 4])
2026-02-24 19:43:28,665 [INFO] Relay HID connection closed.
2026-02-24 19:50:33,654 [INFO] [INIT] relay_2 / HID @ XFw/XEhJRCNWSURfMTZDMCZQSURfMDVERiM4JmJlNDA3NDAmMCYwMDAwI3s0ZDFlNTViMi1mMTZmLTExY2YtODhjYi0wMDExMTEwMDAwMzB9
2026-02-24 19:51:22,705 [INFO] Relay connected via HID: b'\\\\?\\HID#VID_16C0&PID_05DF#8&be40740&0&0000#{4d1e55b2-f16f-11cf-88cb-001111000030}'
2026-02-24 19:52:45,469 [INFO] Relay 3 -> ON (Command: [0, 255, 3])
2026-02-24 19:52:46,688 [INFO] Relay 4 -> ON (Command: [0, 255, 4])
2026-02-24 19:52:58,174 [INFO] Relay 4 -> OFF (Command: [0, 253, 4])
2026-02-24 19:52:59,383 [INFO] Relay 3 -> OFF (Command: [0, 253, 3])
2026-02-24 19:55:53,104 [INFO] Relay HID connection closed.
2026-02-24 20:59:15,282 [INFO] [INIT] relay_2 / HID @ XFw/XEhJRCNWSURfMTZDMCZQSURfMDVERiM4JmJlNDA3NDAmMCYwMDAwI3s0ZDFlNTViMi1mMTZmLTExY2YtODhjYi0wMDExMTEwMDAwMzB9
2026-02-24 21:00:29,983 [INFO] Relay connected via HID: b'\\\\?\\HID#VID_16C0&PID_05DF#8&be40740&0&0000#{4d1e55b2-f16f-11cf-88cb-001111000030}'
2026-02-24 21:01:59,563 [INFO] Relay 4 -> ON (Command: [0, 255, 4])
2026-02-24 21:02:00,891 [INFO] Relay 3 -> ON (Command: [0, 255, 3])
2026-02-24 21:02:12,169 [INFO] Relay 4 -> OFF (Command: [0, 253, 4])
2026-02-24 21:02:13,294 [INFO] Relay 3 -> OFF (Command: [0, 253, 3])
2026-02-24 21:05:15,819 [INFO] Relay HID connection closed.
2026-02-25 16:03:34,146 [INFO] [INIT] relay_2 / HID @ XFw/XEhJRCNWSURfMTZDMCZQSURfMDVERiM4JmJlNDA3NDAmMCYwMDAwI3s0ZDFlNTViMi1mMTZmLTExY2YtODhjYi0wMDExMTEwMDAwMzB9
2026-02-25 16:04:49,757 [INFO] Relay connected via HID: b'\\\\?\\HID#VID_16C0&PID_05DF#8&be40740&0&0000#{4d1e55b2-f16f-11cf-88cb-001111000030}'
2026-02-25 16:07:37,574 [INFO] Relay connected via HID: b'\\\\?\\HID#VID_16C0&PID_05DF#8&be40740&0&0000#{4d1e55b2-f16f-11cf-88cb-001111000030}'
2026-02-25 17:10:22,328 [INFO] [INIT] relay_2 / HID @ XFw/XEhJRCNWSURfMTZDMCZQSURfMDVERiM4JmJlNDA3NDAmMCYwMDAwI3s0ZDFlNTViMi1mMTZmLTExY2YtODhjYi0wMDExMTEwMDAwMzB9
2026-02-25 17:10:57,965 [INFO] Relay connected via HID: b'\\\\?\\HID#VID_16C0&PID_05DF#8&be40740&0&0000#{4d1e55b2-f16f-11cf-88cb-001111000030}'
2026-02-25 17:12:21,073 [INFO] Relay 4 -> ON (Command: [0, 255, 4])
2026-02-25 17:12:22,269 [INFO] Relay 3 -> ON (Command: [0, 255, 3])
2026-02-25 17:12:33,452 [INFO] Relay 3 -> OFF (Command: [0, 253, 3])
2026-02-25 17:12:34,661 [INFO] Relay 4 -> OFF (Command: [0, 253, 4])
2026-02-25 17:15:32,043 [INFO] Relay HID connection closed.
2026-02-25 17:43:17,592 [INFO] [INIT] relay_2 / HID @ XFw/XEhJRCNWSURfMTZDMCZQSURfMDVERiM4JmJlNDA3NDAmMCYwMDAwI3s0ZDFlNTViMi1mMTZmLTExY2YtODhjYi0wMDExMTEwMDAwMzB9
2026-02-25 17:46:14,485 [INFO] Relay connected via HID: b'\\\\?\\HID#VID_16C0&PID_05DF#8&be40740&0&0000#{4d1e55b2-f16f-11cf-88cb-001111000030}'
2026-02-25 17:46:18,709 [INFO] Relay HID connection closed.
2026-02-25 17:47:27,087 [INFO] [INIT] relay_2 / HID @ XFw/XEhJRCNWSURfMTZDMCZQSURfMDVERiM4JmJlNDA3NDAmMCYwMDAwI3s0ZDFlNTViMi1mMTZmLTExY2YtODhjYi0wMDExMTEwMDAwMzB9
2026-02-25 19:11:20,849 [INFO] [INIT] relay_2 / HID @ XFw/XEhJRCNWSURfMTZDMCZQSURfMDVERiM4JmJlNDA3NDAmMCYwMDAwI3s0ZDFlNTViMi1mMTZmLTExY2YtODhjYi0wMDExMTEwMDAwMzB9
2026-02-25 19:21:08,705 [INFO] Relay connected via HID: b'\\\\?\\HID#VID_16C0&PID_05DF#8&be40740&0&0000#{4d1e55b2-f16f-11cf-88cb-001111000030}'
2026-02-25 19:23:59,400 [INFO] [INIT] relay_2 / HID @ XFw/XEhJRCNWSURfMTZDMCZQSURfMDVERiM4JmJlNDA3NDAmMCYwMDAwI3s0ZDFlNTViMi1mMTZmLTExY2YtODhjYi0wMDExMTEwMDAwMzB9
2026-02-25 19:24:40,605 [INFO] Relay connected via HID: b'\\\\?\\HID#VID_16C0&PID_05DF#8&be40740&0&0000#{4d1e55b2-f16f-11cf-88cb-001111000030}'
2026-02-25 19:26:59,149 [INFO] [INIT] relay_2 / HID @ XFw/XEhJRCNWSURfMTZDMCZQSURfMDVERiM4JmJlNDA3NDAmMCYwMDAwI3s0ZDFlNTViMi1mMTZmLTExY2YtODhjYi0wMDExMTEwMDAwMzB9
2026-02-25 19:27:42,740 [INFO] Relay connected via HID: b'\\\\?\\HID#VID_16C0&PID_05DF#8&be40740&0&0000#{4d1e55b2-f16f-11cf-88cb-001111000030}'
2026-02-25 19:28:54,886 [INFO] [INIT] relay_2 / HID @ XFw/XEhJRCNWSURfMTZDMCZQSURfMDVERiM4JmJlNDA3NDAmMCYwMDAwI3s0ZDFlNTViMi1mMTZmLTExY2YtODhjYi0wMDExMTEwMDAwMzB9
2026-02-25 19:29:00,052 [INFO] Relay connected via HID: b'\\\\?\\HID#VID_16C0&PID_05DF#8&be40740&0&0000#{4d1e55b2-f16f-11cf-88cb-001111000030}'
2026-02-25 19:30:21,725 [INFO] Relay 4 -> ON (Command: [0, 255, 4])
2026-02-25 19:30:22,887 [INFO] Relay 3 -> ON (Command: [0, 255, 3])
2026-02-25 19:30:34,213 [INFO] Relay HID connection closed.
2026-02-25 19:32:36,546 [INFO] [INIT] relay_2 / HID @ XFw/XEhJRCNWSURfMTZDMCZQSURfMDVERiM4JmJlNDA3NDAmMCYwMDAwI3s0ZDFlNTViMi1mMTZmLTExY2YtODhjYi0wMDExMTEwMDAwMzB9
2026-02-25 19:32:41,859 [INFO] Relay connected via HID: b'\\\\?\\HID#VID_16C0&PID_05DF#8&be40740&0&0000#{4d1e55b2-f16f-11cf-88cb-001111000030}'
2026-02-25 19:34:03,694 [INFO] Relay 4 -> ON (Command: [0, 255, 4])
2026-02-25 19:34:04,883 [INFO] Relay 3 -> ON (Command: [0, 255, 3])
2026-02-25 19:34:16,087 [INFO] Relay 3 -> OFF (Command: [0, 253, 3])
2026-02-25 19:34:17,204 [INFO] Relay 4 -> OFF (Command: [0, 253, 4])
2026-02-25 19:36:54,461 [INFO] Relay HID connection closed.
2026-02-26 16:42:22,835 [INFO] [INIT] relay_2 / HID @ XFw/XEhJRCNWSURfMTZDMCZQSURfMDVERiM4JmJlNDA3NDAmMCYwMDAwI3s0ZDFlNTViMi1mMTZmLTExY2YtODhjYi0wMDExMTEwMDAwMzB9
2026-02-26 16:44:42,927 [INFO] [INIT] relay_2 / HID @ XFw/XEhJRCNWSURfMTZDMCZQSURfMDVERiM4JmJlNDA3NDAmMCYwMDAwI3s0ZDFlNTViMi1mMTZmLTExY2YtODhjYi0wMDExMTEwMDAwMzB9
2026-02-26 16:45:57,161 [INFO] [INIT] relay_2 / HID @ XFw/XEhJRCNWSURfMTZDMCZQSURfMDVERiM4JmJlNDA3NDAmMCYwMDAwI3s0ZDFlNTViMi1mMTZmLTExY2YtODhjYi0wMDExMTEwMDAwMzB9
2026-02-26 16:46:29,802 [INFO] [INIT] relay_2 / HID @ XFw/XEhJRCNWSURfMTZDMCZQSURfMDVERiM4JmJlNDA3NDAmMCYwMDAwI3s0ZDFlNTViMi1mMTZmLTExY2YtODhjYi0wMDExMTEwMDAwMzB9
2026-02-26 16:51:37,028 [INFO] [INIT] relay_2 / HID @ XFw/XEhJRCNWSURfMTZDMCZQSURfMDVERiM4JmJlNDA3NDAmMCYwMDAwI3s0ZDFlNTViMi1mMTZmLTExY2YtODhjYi0wMDExMTEwMDAwMzB9
2026-02-26 16:59:07,921 [INFO] [INIT] relay_2 / HID @ XFw/XEhJRCNWSURfMTZDMCZQSURfMDVERiM4JmJlNDA3NDAmMCYwMDAwI3s0ZDFlNTViMi1mMTZmLTExY2YtODhjYi0wMDExMTEwMDAwMzB9
2026-02-26 17:02:46,918 [INFO] Relay connected via HID: b'\\\\?\\HID#VID_16C0&PID_05DF#8&be40740&0&0000#{4d1e55b2-f16f-11cf-88cb-001111000030}'
2026-02-26 17:02:51,279 [INFO] Relay HID connection closed.
2026-02-26 17:47:56,069 [INFO] [INIT] relay_2 / HID @ XFw/XEhJRCNWSURfMTZDMCZQSURfMDVERiM4JmJlNDA3NDAmMCYwMDAwI3s0ZDFlNTViMi1mMTZmLTExY2YtODhjYi0wMDExMTEwMDAwMzB9
2026-02-26 17:48:56,835 [INFO] Relay connected via HID: b'\\\\?\\HID#VID_16C0&PID_05DF#8&be40740&0&0000#{4d1e55b2-f16f-11cf-88cb-001111000030}'
2026-02-26 17:49:00,898 [INFO] Relay HID connection closed.
2026-02-26 18:44:29,187 [INFO] [INIT] relay_2 / HID @ XFw/XEhJRCNWSURfMTZDMCZQSURfMDVERiM4JmJlNDA3NDAmMCYwMDAwI3s0ZDFlNTViMi1mMTZmLTExY2YtODhjYi0wMDExMTEwMDAwMzB9
2026-02-26 18:45:22,603 [INFO] Relay connected via HID: b'\\\\?\\HID#VID_16C0&PID_05DF#8&be40740&0&0000#{4d1e55b2-f16f-11cf-88cb-001111000030}'
2026-02-26 18:45:49,000 [INFO] Relay 4 -> ON (Command: [0, 255, 4])
2026-02-26 18:45:50,054 [INFO] Relay 3 -> ON (Command: [0, 255, 3])
2026-02-26 18:46:01,109 [INFO] Relay 4 -> OFF (Command: [0, 253, 4])
2026-02-26 18:46:02,162 [INFO] Relay 3 -> OFF (Command: [0, 253, 3])
2026-02-26 18:46:49,705 [INFO] Relay HID connection closed.
2026-02-26 19:05:41,722 [INFO] [INIT] relay_2 / HID @ XFw/XEhJRCNWSURfMTZDMCZQSURfMDVERiM4JmJlNDA3NDAmMCYwMDAwI3s0ZDFlNTViMi1mMTZmLTExY2YtODhjYi0wMDExMTEwMDAwMzB9
2026-02-26 19:08:00,674 [INFO] Relay connected via HID: b'\\\\?\\HID#VID_16C0&PID_05DF#8&be40740&0&0000#{4d1e55b2-f16f-11cf-88cb-001111000030}'
2026-02-26 19:15:16,329 [INFO] [INIT] relay_2 / HID @ XFw/XEhJRCNWSURfMTZDMCZQSURfMDVERiM4JmJlNDA3NDAmMCYwMDAwI3s0ZDFlNTViMi1mMTZmLTExY2YtODhjYi0wMDExMTEwMDAwMzB9
2026-02-26 19:17:03,008 [INFO] [INIT] relay_2 / HID @ XFw/XEhJRCNWSURfMTZDMCZQSURfMDVERiM4JmJlNDA3NDAmMCYwMDAwI3s0ZDFlNTViMi1mMTZmLTExY2YtODhjYi0wMDExMTEwMDAwMzB9
2026-02-26 19:18:12,782 [INFO] Relay connected via HID: b'\\\\?\\HID#VID_16C0&PID_05DF#8&be40740&0&0000#{4d1e55b2-f16f-11cf-88cb-001111000030}'
2026-02-26 19:22:05,347 [INFO] [INIT] relay_2 / HID @ XFw/XEhJRCNWSURfMTZDMCZQSURfMDVERiM4JmJlNDA3NDAmMCYwMDAwI3s0ZDFlNTViMi1mMTZmLTExY2YtODhjYi0wMDExMTEwMDAwMzB9
2026-02-26 19:23:04,257 [INFO] Relay connected via HID: b'\\\\?\\HID#VID_16C0&PID_05DF#8&be40740&0&0000#{4d1e55b2-f16f-11cf-88cb-001111000030}'
2026-02-26 19:27:07,087 [INFO] [INIT] relay_2 / HID @ XFw/XEhJRCNWSURfMTZDMCZQSURfMDVERiM4JmJlNDA3NDAmMCYwMDAwI3s0ZDFlNTViMi1mMTZmLTExY2YtODhjYi0wMDExMTEwMDAwMzB9
2026-02-26 19:27:38,998 [INFO] Relay connected via HID: b'\\\\?\\HID#VID_16C0&PID_05DF#8&be40740&0&0000#{4d1e55b2-f16f-11cf-88cb-001111000030}'
2026-02-26 19:28:38,348 [INFO] [INIT] relay_2 / HID @ XFw/XEhJRCNWSURfMTZDMCZQSURfMDVERiM4JmJlNDA3NDAmMCYwMDAwI3s0ZDFlNTViMi1mMTZmLTExY2YtODhjYi0wMDExMTEwMDAwMzB9
2026-02-26 19:30:16,083 [INFO] Relay connected via HID: b'\\\\?\\HID#VID_16C0&PID_05DF#8&be40740&0&0000#{4d1e55b2-f16f-11cf-88cb-001111000030}'
2026-02-26 19:32:07,104 [INFO] Relay 4 -> ON (Command: [0, 255, 4])
2026-02-26 19:32:08,330 [INFO] Relay 3 -> ON (Command: [0, 255, 3])
2026-02-26 19:32:19,794 [INFO] Relay 3 -> OFF (Command: [0, 253, 3])
2026-02-26 19:32:21,036 [INFO] Relay 4 -> OFF (Command: [0, 253, 4])
2026-02-26 19:32:57,865 [INFO] [INIT] relay_2 / HID @ XFw/XEhJRCNWSURfMTZDMCZQSURfMDVERiM4JmJlNDA3NDAmMCYwMDAwI3s0ZDFlNTViMi1mMTZmLTExY2YtODhjYi0wMDExMTEwMDAwMzB9
2026-02-26 19:33:34,915 [INFO] Relay connected via HID: b'\\\\?\\HID#VID_16C0&PID_05DF#8&be40740&0&0000#{4d1e55b2-f16f-11cf-88cb-001111000030}'
2026-02-26 19:34:57,322 [INFO] Relay 4 -> ON (Command: [0, 255, 4])
2026-02-26 19:34:58,550 [INFO] Relay 3 -> ON (Command: [0, 255, 3])
2026-02-26 19:35:09,750 [INFO] Relay 3 -> OFF (Command: [0, 253, 3])
2026-02-26 19:35:11,073 [INFO] Relay 4 -> OFF (Command: [0, 253, 4])
2026-02-26 19:38:11,193 [INFO] Relay HID connection closed.
2026-02-26 19:39:06,266 [INFO] [INIT] relay_2 / HID @ XFw/XEhJRCNWSURfMTZDMCZQSURfMDVERiM4JmJlNDA3NDAmMCYwMDAwI3s0ZDFlNTViMi1mMTZmLTExY2YtODhjYi0wMDExMTEwMDAwMzB9
2026-02-26 20:00:45,914 [INFO] [INIT] relay_2 / HID @ XFw/XEhJRCNWSURfMTZDMCZQSURfMDVERiM4JmJlNDA3NDAmMCYwMDAwI3s0ZDFlNTViMi1mMTZmLTExY2YtODhjYi0wMDExMTEwMDAwMzB9
2026-02-26 20:03:56,972 [INFO] [INIT] relay_2 / HID @ XFw/XEhJRCNWSURfMTZDMCZQSURfMDVERiM4JmJlNDA3NDAmMCYwMDAwI3s0ZDFlNTViMi1mMTZmLTExY2YtODhjYi0wMDExMTEwMDAwMzB9
2026-02-26 20:04:55,614 [INFO] [INIT] relay_2 / HID @ XFw/XEhJRCNWSURfMTZDMCZQSURfMDVERiM4JmJlNDA3NDAmMCYwMDAwI3s0ZDFlNTViMi1mMTZmLTExY2YtODhjYi0wMDExMTEwMDAwMzB9
2026-02-26 20:05:27,484 [INFO] Relay connected via HID: b'\\\\?\\HID#VID_16C0&PID_05DF#8&be40740&0&0000#{4d1e55b2-f16f-11cf-88cb-001111000030}'
2026-02-26 20:06:28,686 [INFO] [INIT] relay_2 / HID @ XFw/XEhJRCNWSURfMTZDMCZQSURfMDVERiM4JmJlNDA3NDAmMCYwMDAwI3s0ZDFlNTViMi1mMTZmLTExY2YtODhjYi0wMDExMTEwMDAwMzB9
2026-02-26 20:10:21,346 [INFO] [INIT] relay_2 / HID @ XFw/XEhJRCNWSURfMTZDMCZQSURfMDVERiM4JmJlNDA3NDAmMCYwMDAwI3s0ZDFlNTViMi1mMTZmLTExY2YtODhjYi0wMDExMTEwMDAwMzB9
2026-02-26 20:11:13,186 [INFO] Relay connected via HID: b'\\\\?\\HID#VID_16C0&PID_05DF#8&be40740&0&0000#{4d1e55b2-f16f-11cf-88cb-001111000030}'
2026-02-26 20:14:05,999 [INFO] [INIT] relay_2 / HID @ XFw/XEhJRCNWSURfMTZDMCZQSURfMDVERiM4JmJlNDA3NDAmMCYwMDAwI3s0ZDFlNTViMi1mMTZmLTExY2YtODhjYi0wMDExMTEwMDAwMzB9
2026-02-26 20:14:55,648 [INFO] [INIT] relay_2 / HID @ XFw/XEhJRCNWSURfMTZDMCZQSURfMDVERiM4JmJlNDA3NDAmMCYwMDAwI3s0ZDFlNTViMi1mMTZmLTExY2YtODhjYi0wMDExMTEwMDAwMzB9
2026-02-26 20:15:39,616 [INFO] [INIT] relay_2 / HID @ XFw/XEhJRCNWSURfMTZDMCZQSURfMDVERiM4JmJlNDA3NDAmMCYwMDAwI3s0ZDFlNTViMi1mMTZmLTExY2YtODhjYi0wMDExMTEwMDAwMzB9
2026-02-26 20:16:29,959 [INFO] Relay connected via HID: b'\\\\?\\HID#VID_16C0&PID_05DF#8&be40740&0&0000#{4d1e55b2-f16f-11cf-88cb-001111000030}'
2026-02-27 04:07:10,672 [INFO] [INIT] relay_2 / HID @ XFw/XEhJRCNWSURfMTZDMCZQSURfMDVERiM4JmJlNDA3NDAmMCYwMDAwI3s0ZDFlNTViMi1mMTZmLTExY2YtODhjYi0wMDExMTEwMDAwMzB9
2026-03-02 17:29:13,324 [INFO] [INIT] relay_2 / HID @ XFw/XEhJRCNWSURfMTZDMCZQSURfMDVERiM4JmJlNDA3NDAmMCYwMDAwI3s0ZDFlNTViMi1mMTZmLTExY2YtODhjYi0wMDExMTEwMDAwMzB9
2026-03-02 17:30:03,756 [INFO] [INIT] relay_2 / HID @ XFw/XEhJRCNWSURfMTZDMCZQSURfMDVERiM4JmJlNDA3NDAmMCYwMDAwI3s0ZDFlNTViMi1mMTZmLTExY2YtODhjYi0wMDExMTEwMDAwMzB9
2026-03-02 17:35:59,486 [INFO] [INIT] relay_2 / HID @ XFw/XEhJRCNWSURfMTZDMCZQSURfMDVERiM4JmJlNDA3NDAmMCYwMDAwI3s0ZDFlNTViMi1mMTZmLTExY2YtODhjYi0wMDExMTEwMDAwMzB9
2026-03-02 17:36:10,627 [INFO] Relay connected via HID: b'\\\\?\\HID#VID_16C0&PID_05DF#8&be40740&0&0000#{4d1e55b2-f16f-11cf-88cb-001111000030}'
2026-03-02 17:37:24,559 [INFO] Relay 3 -> ON (Command: [0, 255, 3])
2026-03-02 17:37:25,706 [INFO] Relay 4 -> ON (Command: [0, 255, 4])
2026-03-02 17:37:36,998 [INFO] Relay 4 -> OFF (Command: [0, 253, 4])
2026-03-02 17:37:38,129 [INFO] Relay 3 -> OFF (Command: [0, 253, 3])
2026-03-02 17:42:41,229 [INFO] [INIT] relay_2 / HID @ XFw/XEhJRCNWSURfMTZDMCZQSURfMDVERiM4JmJlNDA3NDAmMCYwMDAwI3s0ZDFlNTViMi1mMTZmLTExY2YtODhjYi0wMDExMTEwMDAwMzB9
2026-03-02 17:43:14,830 [INFO] Relay connected via HID: b'\\\\?\\HID#VID_16C0&PID_05DF#8&be40740&0&0000#{4d1e55b2-f16f-11cf-88cb-001111000030}'
2026-03-02 17:44:36,235 [INFO] Relay 4 -> ON (Command: [0, 255, 4])
2026-03-02 17:44:37,427 [INFO] Relay 3 -> ON (Command: [0, 255, 3])
2026-03-02 17:44:48,575 [INFO] Relay 3 -> OFF (Command: [0, 253, 3])
2026-03-02 17:44:49,753 [INFO] Relay 4 -> OFF (Command: [0, 253, 4])
2026-03-03 11:45:31,986 [INFO] [INIT] relay_2 / HID @ XFw/XEhJRCNWSURfMTZDMCZQSURfMDVERiM4JmJlNDA3NDAmMCYwMDAwI3s0ZDFlNTViMi1mMTZmLTExY2YtODhjYi0wMDExMTEwMDAwMzB9
2026-03-03 12:02:54,694 [INFO] [INIT] relay_2 / HID @ XFw/XEhJRCNWSURfMTZDMCZQSURfMDVERiM4JmJlNDA3NDAmMCYwMDAwI3s0ZDFlNTViMi1mMTZmLTExY2YtODhjYi0wMDExMTEwMDAwMzB9
2026-03-03 15:55:54,813 [INFO] [INIT] relay_2 / HID @ XFw/XEhJRCNWSURfMTZDMCZQSURfMDVERiM4JmJlNDA3NDAmMCYwMDAwI3s0ZDFlNTViMi1mMTZmLTExY2YtODhjYi0wMDExMTEwMDAwMzB9
2026-03-03 16:15:14,854 [INFO] [INIT] relay_2 / HID @ XFw/XEhJRCNWSURfMTZDMCZQSURfMDVERiM4JmJlNDA3NDAmMCYwMDAwI3s0ZDFlNTViMi1mMTZmLTExY2YtODhjYi0wMDExMTEwMDAwMzB9
2026-03-03 16:15:25,840 [INFO] Relay connected via HID: b'\\\\?\\HID#VID_16C0&PID_05DF#8&be40740&0&0000#{4d1e55b2-f16f-11cf-88cb-001111000030}'
2026-03-03 16:16:39,483 [INFO] Relay 3 -> ON (Command: [0, 255, 3])
2026-03-03 16:16:40,599 [INFO] Relay 4 -> ON (Command: [0, 255, 4])
2026-03-03 16:16:51,810 [INFO] Relay 3 -> OFF (Command: [0, 253, 3])
2026-03-03 16:16:52,939 [INFO] Relay 4 -> OFF (Command: [0, 253, 4])
2026-03-03 17:05:21,298 [INFO] [INIT] relay_2 / HID @ XFw/XEhJRCNWSURfMTZDMCZQSURfMDVERiM4JmJlNDA3NDAmMCYwMDAwI3s0ZDFlNTViMi1mMTZmLTExY2YtODhjYi0wMDExMTEwMDAwMzB9
2026-03-03 17:06:23,542 [INFO] [INIT] relay_2 / HID @ XFw/XEhJRCNWSURfMTZDMCZQSURfMDVERiM4JmJlNDA3NDAmMCYwMDAwI3s0ZDFlNTViMi1mMTZmLTExY2YtODhjYi0wMDExMTEwMDAwMzB9
2026-03-04 11:59:33,581 [INFO] [INIT] relay_2 / HID @ XFw/XEhJRCNWSURfMTZDMCZQSURfMDVERiM4JmJlNDA3NDAmMCYwMDAwI3s0ZDFlNTViMi1mMTZmLTExY2YtODhjYi0wMDExMTEwMDAwMzB9
2026-03-04 11:59:59,936 [INFO] [INIT] relay_2 / HID @ XFw/XEhJRCNWSURfMTZDMCZQSURfMDVERiM4JmJlNDA3NDAmMCYwMDAwI3s0ZDFlNTViMi1mMTZmLTExY2YtODhjYi0wMDExMTEwMDAwMzB9
2026-03-04 12:00:55,124 [INFO] [INIT] relay_2 / HID @ XFw/XEhJRCNWSURfMTZDMCZQSURfMDVERiM4JmJlNDA3NDAmMCYwMDAwI3s0ZDFlNTViMi1mMTZmLTExY2YtODhjYi0wMDExMTEwMDAwMzB9
2026-03-04 15:53:08,428 [INFO] [INIT] relay_2 / HID @ XFw/XEhJRCNWSURfMTZDMCZQSURfMDVERiM4JmJlNDA3NDAmMCYwMDAwI3s0ZDFlNTViMi1mMTZmLTExY2YtODhjYi0wMDExMTEwMDAwMzB9
2026-03-04 15:53:44,348 [INFO] [INIT] relay_2 / HID @ XFw/XEhJRCNWSURfMTZDMCZQSURfMDVERiM4JmJlNDA3NDAmMCYwMDAwI3s0ZDFlNTViMi1mMTZmLTExY2YtODhjYi0wMDExMTEwMDAwMzB9
2026-03-04 15:54:50,744 [INFO] [INIT] relay_2 / HID @ XFw/XEhJRCNWSURfMTZDMCZQSURfMDVERiM4JmJlNDA3NDAmMCYwMDAwI3s0ZDFlNTViMi1mMTZmLTExY2YtODhjYi0wMDExMTEwMDAwMzB9
2026-03-04 15:58:14,600 [INFO] [INIT] relay_2 / HID @ XFw/XEhJRCNWSURfMTZDMCZQSURfMDVERiM4JmJlNDA3NDAmMCYwMDAwI3s0ZDFlNTViMi1mMTZmLTExY2YtODhjYi0wMDExMTEwMDAwMzB9
2026-03-04 16:00:13,482 [INFO] [INIT] relay_2 / HID @ XFw/XEhJRCNWSURfMTZDMCZQSURfMDVERiM4JmJlNDA3NDAmMCYwMDAwI3s0ZDFlNTViMi1mMTZmLTExY2YtODhjYi0wMDExMTEwMDAwMzB9
2026-03-04 16:00:24,175 [INFO] Relay connected via HID: b'\\\\?\\HID#VID_16C0&PID_05DF#8&be40740&0&0000#{4d1e55b2-f16f-11cf-88cb-001111000030}'
2026-03-04 16:01:38,241 [INFO] Relay 3 -> ON (Command: [0, 255, 3])
2026-03-04 16:01:39,468 [INFO] Relay 4 -> ON (Command: [0, 255, 4])
2026-03-04 16:01:50,644 [INFO] Relay 3 -> OFF (Command: [0, 253, 3])
2026-03-04 16:01:51,770 [INFO] Relay 4 -> OFF (Command: [0, 253, 4])
2026-03-04 16:19:53,121 [INFO] [INIT] relay_2 / HID @ XFw/XEhJRCNWSURfMTZDMCZQSURfMDVERiM4JmJlNDA3NDAmMCYwMDAwI3s0ZDFlNTViMi1mMTZmLTExY2YtODhjYi0wMDExMTEwMDAwMzB9
2026-03-04 16:20:06,715 [INFO] [INIT] relay_2 / HID @ XFw/XEhJRCNWSURfMTZDMCZQSURfMDVERiM4JmJlNDA3NDAmMCYwMDAwI3s0ZDFlNTViMi1mMTZmLTExY2YtODhjYi0wMDExMTEwMDAwMzB9
2026-03-04 16:20:12,972 [INFO] Relay connected via HID: b'\\\\?\\HID#VID_16C0&PID_05DF#8&be40740&0&0000#{4d1e55b2-f16f-11cf-88cb-001111000030}'
2026-03-04 16:21:32,587 [INFO] Relay 4 -> ON (Command: [0, 255, 4])
2026-03-04 16:21:33,767 [INFO] Relay 3 -> ON (Command: [0, 255, 3])
2026-03-04 16:21:45,065 [INFO] Relay 3 -> OFF (Command: [0, 253, 3])
2026-03-04 16:21:46,180 [INFO] Relay 4 -> OFF (Command: [0, 253, 4])
2026-03-04 16:24:43,170 [INFO] Relay connected via HID: b'\\\\?\\HID#VID_16C0&PID_05DF#8&be40740&0&0000#{4d1e55b2-f16f-11cf-88cb-001111000030}'
2026-03-04 16:25:36,450 [INFO] Relay 4 -> ON (Command: [0, 255, 4])
2026-03-04 16:25:37,716 [INFO] Relay 3 -> ON (Command: [0, 255, 3])
2026-03-04 16:25:48,907 [INFO] Relay 3 -> OFF (Command: [0, 253, 3])
2026-03-04 16:25:50,172 [INFO] Relay 4 -> OFF (Command: [0, 253, 4])
2026-03-04 17:11:21,785 [INFO] [INIT] relay_2 / HID @ XFw/XEhJRCNWSURfMTZDMCZQSURfMDVERiM4JmJlNDA3NDAmMCYwMDAwI3s0ZDFlNTViMi1mMTZmLTExY2YtODhjYi0wMDExMTEwMDAwMzB9
2026-03-04 18:05:15,030 [INFO] [INIT] relay_2 / HID @ XFw/XEhJRCNWSURfMTZDMCZQSURfMDVERiM4JmJlNDA3NDAmMCYwMDAwI3s0ZDFlNTViMi1mMTZmLTExY2YtODhjYi0wMDExMTEwMDAwMzB9
2026-03-04 18:06:25,397 [INFO] [INIT] relay_2 / HID @ XFw/XEhJRCNWSURfMTZDMCZQSURfMDVERiM4JmJlNDA3NDAmMCYwMDAwI3s0ZDFlNTViMi1mMTZmLTExY2YtODhjYi0wMDExMTEwMDAwMzB9
2026-03-04 18:07:15,853 [INFO] [INIT] relay_2 / HID @ XFw/XEhJRCNWSURfMTZDMCZQSURfMDVERiM4JmJlNDA3NDAmMCYwMDAwI3s0ZDFlNTViMi1mMTZmLTExY2YtODhjYi0wMDExMTEwMDAwMzB9
2026-03-04 18:08:52,621 [INFO] [INIT] relay_2 / HID @ XFw/XEhJRCNWSURfMTZDMCZQSURfMDVERiM4JmJlNDA3NDAmMCYwMDAwI3s0ZDFlNTViMi1mMTZmLTExY2YtODhjYi0wMDExMTEwMDAwMzB9
2026-03-04 18:39:34,232 [INFO] [INIT] relay_2 / HID @ XFw/XEhJRCNWSURfMTZDMCZQSURfMDVERiM4JmJlNDA3NDAmMCYwMDAwI3s0ZDFlNTViMi1mMTZmLTExY2YtODhjYi0wMDExMTEwMDAwMzB9
2026-03-04 18:40:31,318 [INFO] [INIT] relay_2 / HID @ XFw/XEhJRCNWSURfMTZDMCZQSURfMDVERiM4JmJlNDA3NDAmMCYwMDAwI3s0ZDFlNTViMi1mMTZmLTExY2YtODhjYi0wMDExMTEwMDAwMzB9
2026-03-04 18:41:57,366 [INFO] [INIT] relay_2 / HID @ XFw/XEhJRCNWSURfMTZDMCZQSURfMDVERiM4JmJlNDA3NDAmMCYwMDAwI3s0ZDFlNTViMi1mMTZmLTExY2YtODhjYi0wMDExMTEwMDAwMzB9
2026-03-04 18:42:04,082 [INFO] Relay connected via HID: b'\\\\?\\HID#VID_16C0&PID_05DF#8&be40740&0&0000#{4d1e55b2-f16f-11cf-88cb-001111000030}'
2026-03-04 19:12:23,882 [INFO] [INIT] relay_2 / HID @ XFw/XEhJRCNWSURfMTZDMCZQSURfMDVERiM4JmJlNDA3NDAmMCYwMDAwI3s0ZDFlNTViMi1mMTZmLTExY2YtODhjYi0wMDExMTEwMDAwMzB9
2026-03-04 19:12:31,199 [INFO] Relay connected via HID: b'\\\\?\\HID#VID_16C0&PID_05DF#8&be40740&0&0000#{4d1e55b2-f16f-11cf-88cb-001111000030}'
2026-03-04 19:13:50,347 [INFO] Relay 4 -> ON (Command: [0, 255, 4])
2026-03-04 19:13:51,602 [INFO] Relay 3 -> ON (Command: [0, 255, 3])
2026-03-04 19:14:02,806 [INFO] Relay 3 -> OFF (Command: [0, 253, 3])
2026-03-04 19:14:04,011 [INFO] Relay 4 -> OFF (Command: [0, 253, 4])
2026-03-04 19:14:56,850 [INFO] [INIT] relay_2 / HID @ XFw/XEhJRCNWSURfMTZDMCZQSURfMDVERiM4JmJlNDA3NDAmMCYwMDAwI3s0ZDFlNTViMi1mMTZmLTExY2YtODhjYi0wMDExMTEwMDAwMzB9
2026-03-04 19:15:07,181 [INFO] Relay connected via HID: b'\\\\?\\HID#VID_16C0&PID_05DF#8&be40740&0&0000#{4d1e55b2-f16f-11cf-88cb-001111000030}'
2026-03-04 19:16:22,883 [INFO] Relay 4 -> ON (Command: [0, 255, 4])
2026-03-04 19:16:24,110 [INFO] Relay 3 -> ON (Command: [0, 255, 3])
2026-03-04 19:16:35,464 [INFO] Relay 3 -> OFF (Command: [0, 253, 3])
2026-03-04 19:16:36,625 [INFO] Relay 4 -> OFF (Command: [0, 253, 4])
2026-03-04 19:50:18,363 [INFO] [INIT] relay_2 / HID @ XFw/XEhJRCNWSURfMTZDMCZQSURfMDVERiM4JmJlNDA3NDAmMCYwMDAwI3s0ZDFlNTViMi1mMTZmLTExY2YtODhjYi0wMDExMTEwMDAwMzB9
2026-03-04 19:52:34,654 [INFO] [INIT] relay_2 / HID @ XFw/XEhJRCNWSURfMTZDMCZQSURfMDVERiM4JmJlNDA3NDAmMCYwMDAwI3s0ZDFlNTViMi1mMTZmLTExY2YtODhjYi0wMDExMTEwMDAwMzB9
2026-03-04 19:55:47,159 [INFO] [INIT] relay_2 / HID @ XFw/XEhJRCNWSURfMTZDMCZQSURfMDVERiM4JmJlNDA3NDAmMCYwMDAwI3s0ZDFlNTViMi1mMTZmLTExY2YtODhjYi0wMDExMTEwMDAwMzB9
2026-03-04 19:56:29,171 [INFO] [INIT] relay_2 / HID @ XFw/XEhJRCNWSURfMTZDMCZQSURfMDVERiM4JmJlNDA3NDAmMCYwMDAwI3s0ZDFlNTViMi1mMTZmLTExY2YtODhjYi0wMDExMTEwMDAwMzB9
2026-03-04 19:56:29,171 [INFO] [INIT] relay_2 / HID @ XFw/XEhJRCNWSURfMTZDMCZQSURfMDVERiM4JmJlNDA3NDAmMCYwMDAwI3s0ZDFlNTViMi1mMTZmLTExY2YtODhjYi0wMDExMTEwMDAwMzB9
2026-03-04 19:57:17,660 [INFO] [INIT] relay_2 / HID @ XFw/XEhJRCNWSURfMTZDMCZQSURfMDVERiM4JmJlNDA3NDAmMCYwMDAwI3s0ZDFlNTViMi1mMTZmLTExY2YtODhjYi0wMDExMTEwMDAwMzB9
2026-03-04 19:58:01,599 [INFO] [INIT] relay_2 / HID @ XFw/XEhJRCNWSURfMTZDMCZQSURfMDVERiM4JmJlNDA3NDAmMCYwMDAwI3s0ZDFlNTViMi1mMTZmLTExY2YtODhjYi0wMDExMTEwMDAwMzB9
2026-03-04 19:58:01,599 [INFO] [INIT] relay_2 / HID @ XFw/XEhJRCNWSURfMTZDMCZQSURfMDVERiM4JmJlNDA3NDAmMCYwMDAwI3s0ZDFlNTViMi1mMTZmLTExY2YtODhjYi0wMDExMTEwMDAwMzB9
2026-03-04 19:59:48,233 [INFO] [INIT] relay_2 / HID @ XFw/XEhJRCNWSURfMTZDMCZQSURfMDVERiM4JmJlNDA3NDAmMCYwMDAwI3s0ZDFlNTViMi1mMTZmLTExY2YtODhjYi0wMDExMTEwMDAwMzB9
2026-03-04 20:00:37,038 [INFO] Relay connected via HID: b'\\\\?\\HID#VID_16C0&PID_05DF#8&be40740&0&0000#{4d1e55b2-f16f-11cf-88cb-001111000030}'
2026-03-04 20:01:55,363 [INFO] Relay 3 -> ON (Command: [0, 255, 3])
2026-03-04 20:01:56,676 [INFO] Relay 4 -> ON (Command: [0, 255, 4])
2026-03-04 20:02:07,855 [INFO] Relay 3 -> OFF (Command: [0, 253, 3])
2026-03-04 20:02:09,019 [INFO] Relay 4 -> OFF (Command: [0, 253, 4])
2026-03-04 20:05:20,147 [INFO] Relay connected via HID: b'\\\\?\\HID#VID_16C0&PID_05DF#8&be40740&0&0000#{4d1e55b2-f16f-11cf-88cb-001111000030}'
2026-03-04 20:05:26,255 [INFO] Relay connected via HID: b'\\\\?\\HID#VID_16C0&PID_05DF#8&be40740&0&0000#{4d1e55b2-f16f-11cf-88cb-001111000030}'
2026-03-04 20:06:19,760 [INFO] Relay 4 -> ON (Command: [0, 255, 4])
2026-03-04 20:06:20,706 [INFO] Relay 4 -> ON (Command: [0, 255, 4])
2026-03-04 20:06:20,956 [INFO] Relay 3 -> ON (Command: [0, 255, 3])
2026-03-04 20:06:21,889 [INFO] Relay 3 -> ON (Command: [0, 255, 3])
2026-03-04 20:06:32,458 [INFO] Relay 3 -> OFF (Command: [0, 253, 3])
2026-03-04 20:06:33,092 [INFO] Relay 4 -> OFF (Command: [0, 253, 4])
2026-03-04 20:06:33,824 [INFO] Relay 4 -> OFF (Command: [0, 253, 4])
2026-03-04 20:06:34,466 [INFO] Relay 3 -> OFF (Command: [0, 253, 3])
2026-03-05 17:51:30,559 [INFO] [INIT] relay_2 / HID @ XFw/XEhJRCNWSURfMTZDMCZQSURfMDVERiM4JmJlNDA3NDAmMCYwMDAwI3s0ZDFlNTViMi1mMTZmLTExY2YtODhjYi0wMDExMTEwMDAwMzB9
2026-03-05 17:52:49,540 [INFO] Relay connected via HID: b'\\\\?\\HID#VID_16C0&PID_05DF#8&be40740&0&0000#{4d1e55b2-f16f-11cf-88cb-001111000030}'
2026-03-05 17:54:12,682 [INFO] Relay 4 -> ON (Command: [0, 255, 4])
2026-03-05 17:54:14,048 [INFO] Relay 3 -> ON (Command: [0, 255, 3])
2026-03-05 17:54:25,407 [INFO] Relay 3 -> OFF (Command: [0, 253, 3])
2026-03-05 17:54:26,818 [INFO] Relay 4 -> OFF (Command: [0, 253, 4])
2026-03-05 17:59:47,725 [INFO] Relay connected via HID: b'\\\\?\\HID#VID_16C0&PID_05DF#8&be40740&0&0000#{4d1e55b2-f16f-11cf-88cb-001111000030}'
2026-03-05 18:00:45,040 [INFO] Relay 4 -> ON (Command: [0, 255, 4])
2026-03-05 18:00:46,256 [INFO] Relay 3 -> ON (Command: [0, 255, 3])
2026-03-05 18:00:57,645 [INFO] Relay 4 -> OFF (Command: [0, 253, 4])
2026-03-05 18:00:58,961 [INFO] Relay 3 -> OFF (Command: [0, 253, 3])
2026-03-05 18:04:25,157 [INFO] Relay connected via HID: b'\\\\?\\HID#VID_16C0&PID_05DF#8&be40740&0&0000#{4d1e55b2-f16f-11cf-88cb-001111000030}'
2026-03-05 18:05:22,856 [INFO] Relay 3 -> ON (Command: [0, 255, 3])
2026-03-05 18:05:24,234 [INFO] Relay 4 -> ON (Command: [0, 255, 4])
2026-03-05 18:05:35,783 [INFO] Relay 4 -> OFF (Command: [0, 253, 4])
2026-03-05 18:05:37,145 [INFO] Relay 3 -> OFF (Command: [0, 253, 3])
2026-03-05 18:07:32,523 [INFO] [INIT] relay_2 / HID @ XFw/XEhJRCNWSURfMTZDMCZQSURfMDVERiM4JmJlNDA3NDAmMCYwMDAwI3s0ZDFlNTViMi1mMTZmLTExY2YtODhjYi0wMDExMTEwMDAwMzB9
2026-03-05 18:08:57,503 [INFO] Relay connected via HID: b'\\\\?\\HID#VID_16C0&PID_05DF#8&be40740&0&0000#{4d1e55b2-f16f-11cf-88cb-001111000030}'
2026-03-05 18:10:16,137 [INFO] Relay 4 -> ON (Command: [0, 255, 4])
2026-03-05 18:10:17,443 [INFO] Relay 3 -> ON (Command: [0, 255, 3])
2026-03-05 18:10:28,672 [INFO] Relay 4 -> OFF (Command: [0, 253, 4])
2026-03-05 18:10:30,023 [INFO] Relay 3 -> OFF (Command: [0, 253, 3])
2026-03-05 18:13:46,258 [INFO] Relay connected via HID: b'\\\\?\\HID#VID_16C0&PID_05DF#8&be40740&0&0000#{4d1e55b2-f16f-11cf-88cb-001111000030}'
2026-03-05 18:13:46,530 [INFO] Relay connected via HID: b'\\\\?\\HID#VID_16C0&PID_05DF#8&be40740&0&0000#{4d1e55b2-f16f-11cf-88cb-001111000030}'
2026-03-05 18:14:39,441 [INFO] Relay 4 -> ON (Command: [0, 255, 4])
2026-03-05 18:14:40,206 [INFO] Relay 4 -> ON (Command: [0, 255, 4])
2026-03-05 18:14:40,620 [INFO] Relay 3 -> ON (Command: [0, 255, 3])
2026-03-05 18:14:41,416 [INFO] Relay 3 -> ON (Command: [0, 255, 3])
2026-03-05 18:14:51,963 [INFO] Relay 3 -> OFF (Command: [0, 253, 3])
2026-03-05 18:14:52,806 [INFO] Relay 3 -> OFF (Command: [0, 253, 3])
2026-03-05 18:14:53,126 [INFO] Relay 4 -> OFF (Command: [0, 253, 4])
2026-03-05 18:14:54,030 [INFO] Relay 4 -> OFF (Command: [0, 253, 4])
2026-03-05 18:15:30,557 [INFO] [INIT] relay_2 / HID @ XFw/XEhJRCNWSURfMTZDMCZQSURfMDVERiM4JmJlNDA3NDAmMCYwMDAwI3s0ZDFlNTViMi1mMTZmLTExY2YtODhjYi0wMDExMTEwMDAwMzB9
2026-03-05 18:16:04,466 [INFO] Relay connected via HID: b'\\\\?\\HID#VID_16C0&PID_05DF#8&be40740&0&0000#{4d1e55b2-f16f-11cf-88cb-001111000030}'
2026-03-05 18:17:27,718 [INFO] Relay 4 -> ON (Command: [0, 255, 4])
2026-03-05 18:17:28,944 [INFO] Relay 3 -> ON (Command: [0, 255, 3])
2026-03-05 18:17:40,219 [INFO] Relay 3 -> OFF (Command: [0, 253, 3])
2026-03-05 18:17:41,493 [INFO] Relay 4 -> OFF (Command: [0, 253, 4])
2026-03-05 18:21:09,881 [INFO] Relay connected via HID: b'\\\\?\\HID#VID_16C0&PID_05DF#8&be40740&0&0000#{4d1e55b2-f16f-11cf-88cb-001111000030}'
2026-03-05 18:21:09,993 [INFO] Relay connected via HID: b'\\\\?\\HID#VID_16C0&PID_05DF#8&be40740&0&0000#{4d1e55b2-f16f-11cf-88cb-001111000030}'
2026-03-05 18:22:03,346 [INFO] Relay 4 -> ON (Command: [0, 255, 4])
2026-03-05 18:22:03,727 [INFO] Relay 4 -> ON (Command: [0, 255, 4])
2026-03-05 18:22:04,553 [INFO] Relay 3 -> ON (Command: [0, 255, 3])
2026-03-05 18:22:04,934 [INFO] Relay 3 -> ON (Command: [0, 255, 3])
2026-03-05 18:22:16,118 [INFO] Relay 4 -> OFF (Command: [0, 253, 4])
2026-03-05 18:22:16,214 [INFO] Relay 4 -> OFF (Command: [0, 253, 4])
2026-03-05 18:22:17,339 [INFO] Relay 3 -> OFF (Command: [0, 253, 3])
2026-03-05 18:22:17,531 [INFO] Relay 3 -> OFF (Command: [0, 253, 3])
2026-03-05 18:25:39,233 [INFO] Relay connected via HID: b'\\\\?\\HID#VID_16C0&PID_05DF#8&be40740&0&0000#{4d1e55b2-f16f-11cf-88cb-001111000030}'
2026-03-05 18:25:44,338 [INFO] Relay connected via HID: b'\\\\?\\HID#VID_16C0&PID_05DF#8&be40740&0&0000#{4d1e55b2-f16f-11cf-88cb-001111000030}'
2026-03-05 18:46:25,650 [INFO] [INIT] relay_2 / HID @ XFw/XEhJRCNWSURfMTZDMCZQSURfMDVERiM4JmJlNDA3NDAmMCYwMDAwI3s0ZDFlNTViMi1mMTZmLTExY2YtODhjYi0wMDExMTEwMDAwMzB9
2026-03-05 18:48:12,491 [INFO] Relay connected via HID: b'\\\\?\\HID#VID_16C0&PID_05DF#8&be40740&0&0000#{4d1e55b2-f16f-11cf-88cb-001111000030}'
2026-03-05 18:49:35,311 [INFO] Relay 4 -> ON (Command: [0, 255, 4])
2026-03-05 18:49:36,525 [INFO] Relay 3 -> ON (Command: [0, 255, 3])
2026-03-05 18:49:47,804 [INFO] Relay 4 -> OFF (Command: [0, 253, 4])
2026-03-05 18:49:49,001 [INFO] Relay 3 -> OFF (Command: [0, 253, 3])
2026-03-05 18:53:31,721 [INFO] Relay connected via HID: b'\\\\?\\HID#VID_16C0&PID_05DF#8&be40740&0&0000#{4d1e55b2-f16f-11cf-88cb-001111000030}'
2026-03-05 18:53:32,708 [INFO] Relay connected via HID: b'\\\\?\\HID#VID_16C0&PID_05DF#8&be40740&0&0000#{4d1e55b2-f16f-11cf-88cb-001111000030}'
2026-03-05 19:00:36,643 [INFO] [INIT] relay_2 / HID @ XFw/XEhJRCNWSURfMTZDMCZQSURfMDVERiM4JmJlNDA3NDAmMCYwMDAwI3s0ZDFlNTViMi1mMTZmLTExY2YtODhjYi0wMDExMTEwMDAwMzB9
2026-03-05 19:01:23,943 [INFO] Relay connected via HID: b'\\\\?\\HID#VID_16C0&PID_05DF#8&be40740&0&0000#{4d1e55b2-f16f-11cf-88cb-001111000030}'
2026-03-05 19:02:44,592 [INFO] Relay 4 -> ON (Command: [0, 255, 4])
2026-03-05 19:02:45,925 [INFO] Relay 3 -> ON (Command: [0, 255, 3])
2026-03-05 19:02:57,231 [INFO] Relay 4 -> OFF (Command: [0, 253, 4])
2026-03-05 19:02:58,489 [INFO] Relay 3 -> OFF (Command: [0, 253, 3])
2026-03-05 19:05:19,161 [INFO] Relay connected via HID: b'\\\\?\\HID#VID_16C0&PID_05DF#8&be40740&0&0000#{4d1e55b2-f16f-11cf-88cb-001111000030}'
2026-03-05 19:05:23,078 [INFO] Relay connected via HID: b'\\\\?\\HID#VID_16C0&PID_05DF#8&be40740&0&0000#{4d1e55b2-f16f-11cf-88cb-001111000030}'
2026-03-05 19:06:16,359 [INFO] Relay 4 -> ON (Command: [0, 255, 4])
2026-03-05 19:06:17,368 [INFO] Relay 3 -> ON (Command: [0, 255, 3])
2026-03-05 19:06:17,527 [INFO] Relay 3 -> ON (Command: [0, 255, 3])
2026-03-05 19:06:18,595 [INFO] Relay 4 -> ON (Command: [0, 255, 4])
2026-03-05 19:06:28,938 [INFO] Relay 3 -> OFF (Command: [0, 253, 3])
2026-03-05 19:06:29,958 [INFO] Relay 3 -> OFF (Command: [0, 253, 3])
2026-03-05 19:06:30,212 [INFO] Relay 4 -> OFF (Command: [0, 253, 4])
2026-03-05 19:06:31,313 [INFO] Relay 4 -> OFF (Command: [0, 253, 4])
2026-03-05 19:12:34,485 [INFO] [INIT] relay_2 / HID @ XFw/XEhJRCNWSURfMTZDMCZQSURfMDVERiM4JmJlNDA3NDAmMCYwMDAwI3s0ZDFlNTViMi1mMTZmLTExY2YtODhjYi0wMDExMTEwMDAwMzB9
2026-03-05 19:13:19,751 [INFO] Relay connected via HID: b'\\\\?\\HID#VID_16C0&PID_05DF#8&be40740&0&0000#{4d1e55b2-f16f-11cf-88cb-001111000030}'
2026-03-05 19:14:40,482 [INFO] Relay 4 -> ON (Command: [0, 255, 4])
2026-03-05 19:14:41,577 [INFO] Relay 3 -> ON (Command: [0, 255, 3])
2026-03-05 19:14:52,867 [INFO] Relay 3 -> OFF (Command: [0, 253, 3])
2026-03-05 19:14:54,091 [INFO] Relay 4 -> OFF (Command: [0, 253, 4])
2026-03-05 19:18:11,433 [INFO] Relay connected via HID: b'\\\\?\\HID#VID_16C0&PID_05DF#8&be40740&0&0000#{4d1e55b2-f16f-11cf-88cb-001111000030}'
2026-03-05 19:18:19,046 [INFO] Relay connected via HID: b'\\\\?\\HID#VID_16C0&PID_05DF#8&be40740&0&0000#{4d1e55b2-f16f-11cf-88cb-001111000030}'
2026-03-05 19:19:09,757 [INFO] Relay 3 -> ON (Command: [0, 255, 3])
2026-03-05 19:21:42,933 [INFO] [INIT] relay_2 / HID @ XFw/XEhJRCNWSURfMTZDMCZQSURfMDVERiM4JmJlNDA3NDAmMCYwMDAwI3s0ZDFlNTViMi1mMTZmLTExY2YtODhjYi0wMDExMTEwMDAwMzB9
2026-03-05 19:43:32,685 [INFO] [INIT] relay_2 / HID @ XFw/XEhJRCNWSURfMTZDMCZQSURfMDVERiM4JmJlNDA3NDAmMCYwMDAwI3s0ZDFlNTViMi1mMTZmLTExY2YtODhjYi0wMDExMTEwMDAwMzB9
2026-03-05 19:45:05,667 [INFO] Relay connected via HID: b'\\\\?\\HID#VID_16C0&PID_05DF#8&be40740&0&0000#{4d1e55b2-f16f-11cf-88cb-001111000030}'
2026-03-05 19:46:25,167 [INFO] Relay 3 -> ON (Command: [0, 255, 3])
2026-03-05 19:46:26,447 [INFO] Relay 4 -> ON (Command: [0, 255, 4])
2026-03-05 19:46:37,924 [INFO] Relay 4 -> OFF (Command: [0, 253, 4])
2026-03-05 19:46:39,194 [INFO] Relay 3 -> OFF (Command: [0, 253, 3])
2026-03-05 19:50:13,597 [INFO] Relay connected via HID: b'\\\\?\\HID#VID_16C0&PID_05DF#8&be40740&0&0000#{4d1e55b2-f16f-11cf-88cb-001111000030}'
2026-03-05 19:50:15,799 [INFO] Relay connected via HID: b'\\\\?\\HID#VID_16C0&PID_05DF#8&be40740&0&0000#{4d1e55b2-f16f-11cf-88cb-001111000030}'
2026-03-05 19:51:13,902 [INFO] Relay 4 -> ON (Command: [0, 255, 4])
2026-03-05 19:57:28,733 [INFO] [INIT] relay_2 / HID @ XFw/XEhJRCNWSURfMTZDMCZQSURfMDVERiM4JmJlNDA3NDAmMCYwMDAwI3s0ZDFlNTViMi1mMTZmLTExY2YtODhjYi0wMDExMTEwMDAwMzB9
2026-03-05 19:58:08,857 [INFO] Relay connected via HID: b'\\\\?\\HID#VID_16C0&PID_05DF#8&be40740&0&0000#{4d1e55b2-f16f-11cf-88cb-001111000030}'
2026-03-05 19:59:25,518 [INFO] Relay 4 -> ON (Command: [0, 255, 4])
2026-03-05 19:59:26,667 [INFO] Relay 3 -> ON (Command: [0, 255, 3])
2026-03-05 19:59:37,883 [INFO] Relay 3 -> OFF (Command: [0, 253, 3])
2026-03-05 19:59:38,999 [INFO] Relay 4 -> OFF (Command: [0, 253, 4])
2026-03-05 20:03:04,885 [INFO] Relay connected via HID: b'\\\\?\\HID#VID_16C0&PID_05DF#8&be40740&0&0000#{4d1e55b2-f16f-11cf-88cb-001111000030}'
2026-03-05 20:03:07,956 [INFO] Relay connected via HID: b'\\\\?\\HID#VID_16C0&PID_05DF#8&be40740&0&0000#{4d1e55b2-f16f-11cf-88cb-001111000030}'
2026-03-05 20:04:01,857 [INFO] Relay 4 -> ON (Command: [0, 255, 4])
2026-03-05 20:04:03,293 [INFO] Relay 3 -> ON (Command: [0, 255, 3])
2026-03-05 20:04:03,309 [INFO] Relay 4 -> ON (Command: [0, 255, 4])
2026-03-05 20:04:04,774 [INFO] Relay 3 -> ON (Command: [0, 255, 3])
2026-03-05 20:04:14,807 [INFO] Relay 3 -> OFF (Command: [0, 253, 3])
2026-03-05 20:04:16,013 [INFO] Relay 4 -> OFF (Command: [0, 253, 4])
2026-03-05 20:04:16,061 [INFO] Relay 3 -> OFF (Command: [0, 253, 3])
2026-03-05 20:06:31,697 [INFO] [INIT] relay_2 / HID @ XFw/XEhJRCNWSURfMTZDMCZQSURfMDVERiM4JmJlNDA3NDAmMCYwMDAwI3s0ZDFlNTViMi1mMTZmLTExY2YtODhjYi0wMDExMTEwMDAwMzB9
2026-03-05 20:08:43,556 [INFO] Relay connected via HID: b'\\\\?\\HID#VID_16C0&PID_05DF#8&be40740&0&0000#{4d1e55b2-f16f-11cf-88cb-001111000030}'
2026-03-05 20:10:06,038 [INFO] Relay 3 -> ON (Command: [0, 255, 3])
2026-03-05 20:10:07,431 [INFO] Relay 4 -> ON (Command: [0, 255, 4])
2026-03-05 20:10:18,872 [INFO] Relay 4 -> OFF (Command: [0, 253, 4])
2026-03-05 20:10:20,044 [INFO] Relay 3 -> OFF (Command: [0, 253, 3])
2026-03-05 20:14:35,069 [INFO] Relay connected via HID: b'\\\\?\\HID#VID_16C0&PID_05DF#8&be40740&0&0000#{4d1e55b2-f16f-11cf-88cb-001111000030}'
2026-03-05 20:14:36,688 [INFO] Relay connected via HID: b'\\\\?\\HID#VID_16C0&PID_05DF#8&be40740&0&0000#{4d1e55b2-f16f-11cf-88cb-001111000030}'
2026-03-05 20:15:35,102 [INFO] Relay 4 -> ON (Command: [0, 255, 4])
2026-03-05 20:15:35,102 [INFO] Relay 4 -> ON (Command: [0, 255, 4])
2026-03-05 20:15:36,480 [INFO] Relay 3 -> ON (Command: [0, 255, 3])
2026-03-05 20:15:36,576 [INFO] Relay 3 -> ON (Command: [0, 255, 3])
2026-03-05 20:15:47,808 [INFO] Relay 4 -> OFF (Command: [0, 253, 4])
2026-03-05 20:15:47,872 [INFO] Relay 4 -> OFF (Command: [0, 253, 4])
2026-03-05 20:15:49,131 [INFO] Relay 3 -> OFF (Command: [0, 253, 3])
2026-03-05 20:15:49,353 [INFO] Relay 3 -> OFF (Command: [0, 253, 3])
2026-03-05 20:20:50,649 [INFO] [INIT] relay_2 / HID @ XFw/XEhJRCNWSURfMTZDMCZQSURfMDVERiM4JmJlNDA3NDAmMCYwMDAwI3s0ZDFlNTViMi1mMTZmLTExY2YtODhjYi0wMDExMTEwMDAwMzB9
2026-03-05 20:21:27,837 [INFO] Relay connected via HID: b'\\\\?\\HID#VID_16C0&PID_05DF#8&be40740&0&0000#{4d1e55b2-f16f-11cf-88cb-001111000030}'
2026-03-05 20:22:46,459 [INFO] Relay 4 -> ON (Command: [0, 255, 4])
2026-03-05 20:22:47,724 [INFO] Relay 3 -> ON (Command: [0, 255, 3])
2026-03-05 20:22:59,014 [INFO] Relay 3 -> OFF (Command: [0, 253, 3])
2026-03-05 20:23:00,157 [INFO] Relay 4 -> OFF (Command: [0, 253, 4])
2026-03-05 20:26:25,659 [INFO] Relay connected via HID: b'\\\\?\\HID#VID_16C0&PID_05DF#8&be40740&0&0000#{4d1e55b2-f16f-11cf-88cb-001111000030}'
2026-03-05 20:28:39,240 [INFO] [INIT] relay_2 / HID @ XFw/XEhJRCNWSURfMTZDMCZQSURfMDVERiM4JmJlNDA3NDAmMCYwMDAwI3s0ZDFlNTViMi1mMTZmLTExY2YtODhjYi0wMDExMTEwMDAwMzB9
2026-03-05 20:30:23,889 [INFO] Relay connected via HID: b'\\\\?\\HID#VID_16C0&PID_05DF#8&be40740&0&0000#{4d1e55b2-f16f-11cf-88cb-001111000030}'
2026-03-05 20:31:08,106 [INFO] [INIT] relay_2 / HID @ XFw/XEhJRCNWSURfMTZDMCZQSURfMDVERiM4JmJlNDA3NDAmMCYwMDAwI3s0ZDFlNTViMi1mMTZmLTExY2YtODhjYi0wMDExMTEwMDAwMzB9
2026-03-05 20:31:27,179 [INFO] [INIT] relay_2 / HID @ XFw/XEhJRCNWSURfMTZDMCZQSURfMDVERiM4JmJlNDA3NDAmMCYwMDAwI3s0ZDFlNTViMi1mMTZmLTExY2YtODhjYi0wMDExMTEwMDAwMzB9
2026-03-05 20:50:34,752 [INFO] [INIT] relay_2 / HID @ XFw/XEhJRCNWSURfMTZDMCZQSURfMDVERiM4JmJlNDA3NDAmMCYwMDAwI3s0ZDFlNTViMi1mMTZmLTExY2YtODhjYi0wMDExMTEwMDAwMzB9
2026-03-05 20:52:01,763 [INFO] [INIT] relay_2 / HID @ XFw/XEhJRCNWSURfMTZDMCZQSURfMDVERiM4JmJlNDA3NDAmMCYwMDAwI3s0ZDFlNTViMi1mMTZmLTExY2YtODhjYi0wMDExMTEwMDAwMzB9
2026-03-05 20:54:19,425 [INFO] [INIT] relay_2 / HID @ XFw/XEhJRCNWSURfMTZDMCZQSURfMDVERiM4JmJlNDA3NDAmMCYwMDAwI3s0ZDFlNTViMi1mMTZmLTExY2YtODhjYi0wMDExMTEwMDAwMzB9
2026-03-08 18:29:02,783 [INFO] [INIT] relay_2 / HID @ XFw/XEhJRCNWSURfMTZDMCZQSURfMDVERiM4JmJlNDA3NDAmMCYwMDAwI3s0ZDFlNTViMi1mMTZmLTExY2YtODhjYi0wMDExMTEwMDAwMzB9
2026-03-08 18:35:22,108 [INFO] [INIT] relay_2 / HID @ XFw/XEhJRCNWSURfMTZDMCZQSURfMDVERiM4JmJlNDA3NDAmMCYwMDAwI3s0ZDFlNTViMi1mMTZmLTExY2YtODhjYi0wMDExMTEwMDAwMzB9
2026-03-08 18:35:55,317 [INFO] [INIT] relay_2 / HID @ XFw/XEhJRCNWSURfMTZDMCZQSURfMDVERiM4JmJlNDA3NDAmMCYwMDAwI3s0ZDFlNTViMi1mMTZmLTExY2YtODhjYi0wMDExMTEwMDAwMzB9
2026-03-08 18:37:37,484 [INFO] [INIT] relay_2 / HID @ XFw/XEhJRCNWSURfMTZDMCZQSURfMDVERiM4JmJlNDA3NDAmMCYwMDAwI3s0ZDFlNTViMi1mMTZmLTExY2YtODhjYi0wMDExMTEwMDAwMzB9
2026-03-08 18:40:26,223 [INFO] [INIT] relay_2 / HID @ XFw/XEhJRCNWSURfMTZDMCZQSURfMDVERiM4JmJlNDA3NDAmMCYwMDAwI3s0ZDFlNTViMi1mMTZmLTExY2YtODhjYi0wMDExMTEwMDAwMzB9
2026-03-08 18:41:12,900 [INFO] [INIT] relay_2 / HID @ XFw/XEhJRCNWSURfMTZDMCZQSURfMDVERiM4JmJlNDA3NDAmMCYwMDAwI3s0ZDFlNTViMi1mMTZmLTExY2YtODhjYi0wMDExMTEwMDAwMzB9
2026-03-08 18:42:22,156 [INFO] [INIT] relay_2 / HID @ XFw/XEhJRCNWSURfMTZDMCZQSURfMDVERiM4JmJlNDA3NDAmMCYwMDAwI3s0ZDFlNTViMi1mMTZmLTExY2YtODhjYi0wMDExMTEwMDAwMzB9
2026-03-08 18:44:53,409 [INFO] [INIT] relay_2 / HID @ XFw/XEhJRCNWSURfMTZDMCZQSURfMDVERiM4JmJlNDA3NDAmMCYwMDAwI3s0ZDFlNTViMi1mMTZmLTExY2YtODhjYi0wMDExMTEwMDAwMzB9
2026-03-08 19:02:54,821 [INFO] [INIT] relay_2 / HID @ XFw/XEhJRCNWSURfMTZDMCZQSURfMDVERiM4JmJlNDA3NDAmMCYwMDAwI3s0ZDFlNTViMi1mMTZmLTExY2YtODhjYi0wMDExMTEwMDAwMzB9
2026-03-08 19:04:20,626 [INFO] [INIT] relay_2 / HID @ XFw/XEhJRCNWSURfMTZDMCZQSURfMDVERiM4JmJlNDA3NDAmMCYwMDAwI3s0ZDFlNTViMi1mMTZmLTExY2YtODhjYi0wMDExMTEwMDAwMzB9
2026-03-08 19:13:53,666 [INFO] [INIT] relay_2 / HID @ XFw/XEhJRCNWSURfMTZDMCZQSURfMDVERiM4JmJlNDA3NDAmMCYwMDAwI3s0ZDFlNTViMi1mMTZmLTExY2YtODhjYi0wMDExMTEwMDAwMzB9
2026-03-08 19:14:05,370 [INFO] [INIT] relay_2 / HID @ XFw/XEhJRCNWSURfMTZDMCZQSURfMDVERiM4JmJlNDA3NDAmMCYwMDAwI3s0ZDFlNTViMi1mMTZmLTExY2YtODhjYi0wMDExMTEwMDAwMzB9
2026-03-08 19:16:12,452 [INFO] [INIT] relay_2 / HID @ XFw/XEhJRCNWSURfMTZDMCZQSURfMDVERiM4JmJlNDA3NDAmMCYwMDAwI3s0ZDFlNTViMi1mMTZmLTExY2YtODhjYi0wMDExMTEwMDAwMzB9
2026-03-08 19:17:18,045 [INFO] [INIT] relay_2 / HID @ XFw/XEhJRCNWSURfMTZDMCZQSURfMDVERiM4JmJlNDA3NDAmMCYwMDAwI3s0ZDFlNTViMi1mMTZmLTExY2YtODhjYi0wMDExMTEwMDAwMzB9
2026-03-08 19:18:36,996 [INFO] [INIT] relay_2 / HID @ XFw/XEhJRCNWSURfMTZDMCZQSURfMDVERiM4JmJlNDA3NDAmMCYwMDAwI3s0ZDFlNTViMi1mMTZmLTExY2YtODhjYi0wMDExMTEwMDAwMzB9
2026-03-08 19:19:36,893 [INFO] [INIT] relay_2 / HID @ XFw/XEhJRCNWSURfMTZDMCZQSURfMDVERiM4JmJlNDA3NDAmMCYwMDAwI3s0ZDFlNTViMi1mMTZmLTExY2YtODhjYi0wMDExMTEwMDAwMzB9
2026-03-08 19:23:25,791 [INFO] [INIT] relay_2 / HID @ XFw/XEhJRCNWSURfMTZDMCZQSURfMDVERiM4JmJlNDA3NDAmMCYwMDAwI3s0ZDFlNTViMi1mMTZmLTExY2YtODhjYi0wMDExMTEwMDAwMzB9
2026-03-08 19:39:44,737 [INFO] [INIT] relay_2 / HID @ XFw/XEhJRCNWSURfMTZDMCZQSURfMDVERiM4JmJlNDA3NDAmMCYwMDAwI3s0ZDFlNTViMi1mMTZmLTExY2YtODhjYi0wMDExMTEwMDAwMzB9
2026-03-08 19:41:26,725 [INFO] [INIT] relay_2 / HID @ XFw/XEhJRCNWSURfMTZDMCZQSURfMDVERiM4JmJlNDA3NDAmMCYwMDAwI3s0ZDFlNTViMi1mMTZmLTExY2YtODhjYi0wMDExMTEwMDAwMzB9
2026-03-08 19:42:16,975 [INFO] Relay connected via HID: b'\\\\?\\HID#VID_16C0&PID_05DF#8&be40740&0&0000#{4d1e55b2-f16f-11cf-88cb-001111000030}'
2026-03-08 19:43:18,648 [INFO] Relay 4 -> ON (Command: [0, 255, 4])
2026-03-08 19:43:20,002 [INFO] Relay 3 -> ON (Command: [0, 255, 3])
2026-03-08 19:43:31,409 [INFO] Relay 4 -> OFF (Command: [0, 253, 4])
2026-03-08 19:43:32,728 [INFO] Relay 3 -> OFF (Command: [0, 253, 3])
2026-03-08 19:47:08,724 [INFO] Relay connected via HID: b'\\\\?\\HID#VID_16C0&PID_05DF#8&be40740&0&0000#{4d1e55b2-f16f-11cf-88cb-001111000030}'
2026-03-08 19:48:05,767 [INFO] Relay 4 -> ON (Command: [0, 255, 4])
2026-03-08 19:48:07,498 [INFO] Relay 3 -> ON (Command: [0, 255, 3])
2026-03-08 19:48:18,773 [INFO] Relay 4 -> OFF (Command: [0, 253, 4])
2026-03-08 19:48:20,192 [INFO] Relay 3 -> OFF (Command: [0, 253, 3])
2026-03-08 19:51:44,757 [INFO] Relay connected via HID: b'\\\\?\\HID#VID_16C0&PID_05DF#8&be40740&0&0000#{4d1e55b2-f16f-11cf-88cb-001111000030}'
2026-03-08 19:53:06,771 [INFO] Relay 3 -> ON (Command: [0, 255, 3])
2026-03-08 19:53:08,011 [INFO] Relay 4 -> ON (Command: [0, 255, 4])
2026-03-08 19:53:19,226 [INFO] Relay 3 -> OFF (Command: [0, 253, 3])
2026-03-08 19:53:20,631 [INFO] Relay 4 -> OFF (Command: [0, 253, 4])
2026-03-08 19:57:44,093 [INFO] [INIT] relay_2 / HID @ XFw/XEhJRCNWSURfMTZDMCZQSURfMDVERiM4JmJlNDA3NDAmMCYwMDAwI3s0ZDFlNTViMi1mMTZmLTExY2YtODhjYi0wMDExMTEwMDAwMzB9
2026-03-08 19:58:50,138 [INFO] Relay connected via HID: b'\\\\?\\HID#VID_16C0&PID_05DF#8&be40740&0&0000#{4d1e55b2-f16f-11cf-88cb-001111000030}'
2026-03-08 19:59:45,046 [INFO] Relay 3 -> ON (Command: [0, 255, 3])
2026-03-08 19:59:46,360 [INFO] Relay 4 -> ON (Command: [0, 255, 4])
2026-03-08 19:59:57,545 [INFO] Relay 4 -> OFF (Command: [0, 253, 4])
2026-03-08 19:59:59,011 [INFO] Relay 3 -> OFF (Command: [0, 253, 3])
2026-03-08 20:02:41,146 [INFO] Relay connected via HID: b'\\\\?\\HID#VID_16C0&PID_05DF#8&be40740&0&0000#{4d1e55b2-f16f-11cf-88cb-001111000030}'
2026-03-08 20:03:38,563 [INFO] Relay 4 -> ON (Command: [0, 255, 4])
2026-03-08 20:03:39,807 [INFO] Relay 3 -> ON (Command: [0, 255, 3])
2026-03-08 20:03:51,214 [INFO] Relay 3 -> OFF (Command: [0, 253, 3])
2026-03-08 20:03:52,478 [INFO] Relay 4 -> OFF (Command: [0, 253, 4])
2026-03-08 20:05:38,468 [INFO] [INIT] relay_2 / HID @ XFw/XEhJRCNWSURfMTZDMCZQSURfMDVERiM4JmJlNDA3NDAmMCYwMDAwI3s0ZDFlNTViMi1mMTZmLTExY2YtODhjYi0wMDExMTEwMDAwMzB9
2026-03-08 20:06:46,493 [INFO] Relay connected via HID: b'\\\\?\\HID#VID_16C0&PID_05DF#8&be40740&0&0000#{4d1e55b2-f16f-11cf-88cb-001111000030}'
2026-03-08 20:07:41,071 [INFO] Relay 3 -> ON (Command: [0, 255, 3])
2026-03-08 20:07:42,220 [INFO] Relay 4 -> ON (Command: [0, 255, 4])
2026-03-08 20:07:53,502 [INFO] Relay 3 -> OFF (Command: [0, 253, 3])
2026-03-08 20:07:54,658 [INFO] Relay 4 -> OFF (Command: [0, 253, 4])
2026-03-08 20:11:19,060 [INFO] Relay connected via HID: b'\\\\?\\HID#VID_16C0&PID_05DF#8&be40740&0&0000#{4d1e55b2-f16f-11cf-88cb-001111000030}'
2026-03-08 20:12:17,757 [INFO] Relay 4 -> ON (Command: [0, 255, 4])
2026-03-08 20:12:19,018 [INFO] Relay 3 -> ON (Command: [0, 255, 3])
2026-03-08 20:12:30,183 [INFO] Relay 4 -> OFF (Command: [0, 253, 4])
2026-03-08 20:12:31,725 [INFO] Relay 3 -> OFF (Command: [0, 253, 3])
