2026-02-18 18:04:19,696 [INFO] [INIT] Relay / HID @ b'\\\\?\\HID#VID_16C0&PID_05DF#8&d39fb6d&0&0000#{4d1e55b2-f16f-11cf-88cb-001111000030}'
2026-02-18 18:05:17,136 [INFO] [INIT] Relay / HID @ b'\\\\?\\HID#VID_16C0&PID_05DF#8&be40740&0&0000#{4d1e55b2-f16f-11cf-88cb-001111000030}'
2026-02-18 18:05:17,183 [INFO] Relay connected via HID: b'\\\\?\\HID#VID_16C0&PID_05DF#8&be40740&0&0000#{4d1e55b2-f16f-11cf-88cb-001111000030}'
2026-02-18 18:05:17,184 [INFO] Relay 1 -> ON (Command: [0, 255, 1])
2026-02-18 18:05:17,236 [INFO] Relay 4 -> ON (Command: [0, 255, 4])
2026-02-18 18:05:28,461 [INFO] [INIT] Relay / HID @ b'\\\\?\\HID#VID_16C0&PID_05DF#8&be40740&0&0000#{4d1e55b2-f16f-11cf-88cb-001111000030}'
2026-02-18 18:05:28,513 [INFO] Relay connected via HID: b'\\\\?\\HID#VID_16C0&PID_05DF#8&be40740&0&0000#{4d1e55b2-f16f-11cf-88cb-001111000030}'
2026-02-18 18:05:28,514 [INFO] Relay 1 -> ON (Command: [0, 255, 1])
2026-02-18 18:05:28,566 [INFO] Relay 4 -> ON (Command: [0, 255, 4])
2026-02-18 18:05:40,619 [INFO] Relay 1 -> OFF (Command: [0, 253, 1])
2026-02-18 18:05:40,671 [INFO] Relay 4 -> OFF (Command: [0, 253, 4])
2026-02-18 18:05:40,722 [INFO] Relay HID connection closed.
2026-02-18 18:17:41,563 [INFO] [INIT] Relay / HID @ b'\\\\?\\HID#VID_16C0&PID_05DF#8&be40740&0&0000#{4d1e55b2-f16f-11cf-88cb-001111000030}'
2026-02-18 18:17:41,612 [INFO] Relay connected via HID: b'\\\\?\\HID#VID_16C0&PID_05DF#8&be40740&0&0000#{4d1e55b2-f16f-11cf-88cb-001111000030}'
2026-02-18 18:17:41,612 [INFO] Relay 1 -> ON (Command: [0, 255, 1])
2026-02-18 18:17:41,664 [INFO] Relay 4 -> ON (Command: [0, 255, 4])
2026-02-18 18:17:53,717 [INFO] Relay 1 -> OFF (Command: [0, 253, 1])
2026-02-18 18:17:53,769 [INFO] Relay 4 -> OFF (Command: [0, 253, 4])
2026-02-18 18:17:53,819 [INFO] Relay HID connection closed.
2026-02-19 14:54:36,365 [INFO] [INIT] relay / HID @ XFw/XEhJRCNWSURfMTZDMCZQSURfMDVERiM4JjIwZDg3NDJmJjAmMDAwMCN7NGQxZTU1YjItZjE2Zi0xMWNmLTg4Y2ItMDAxMTExMDAwMDMwfQ==
2026-02-19 14:54:39,440 [INFO] Relay connected via HID: b'\\\\?\\HID#VID_16C0&PID_05DF#8&20d8742f&0&0000#{4d1e55b2-f16f-11cf-88cb-001111000030}'
2026-02-19 14:55:14,685 [INFO] Relay connected via HID: b'\\\\?\\HID#VID_16C0&PID_05DF#8&20d8742f&0&0000#{4d1e55b2-f16f-11cf-88cb-001111000030}'
2026-02-19 15:56:28,313 [INFO] [INIT] relay / HID @ XFw/XEhJRCNWSURfMTZDMCZQSURfMDVERiM4JjIwZDg3NDJmJjAmMDAwMCN7NGQxZTU1YjItZjE2Zi0xMWNmLTg4Y2ItMDAxMTExMDAwMDMwfQ==
2026-02-19 15:56:31,496 [INFO] Relay connected via HID: b'\\\\?\\HID#VID_16C0&PID_05DF#8&20d8742f&0&0000#{4d1e55b2-f16f-11cf-88cb-001111000030}'
2026-02-19 15:56:36,704 [ERROR] Failed to set relay 7: 'int' object has no attribute 'name'
2026-02-19 15:57:34,609 [INFO] [INIT] relay / HID @ XFw/XEhJRCNWSURfMTZDMCZQSURfMDVERiM4JjIwZDg3NDJmJjAmMDAwMCN7NGQxZTU1YjItZjE2Zi0xMWNmLTg4Y2ItMDAxMTExMDAwMDMwfQ==
2026-02-19 15:57:39,050 [INFO] Relay connected via HID: b'\\\\?\\HID#VID_16C0&PID_05DF#8&20d8742f&0&0000#{4d1e55b2-f16f-11cf-88cb-001111000030}'
2026-02-19 16:00:18,905 [INFO] [INIT] relay / HID @ XFw/XEhJRCNWSURfMTZDMCZQSURfMDVERiM4JjIwZDg3NDJmJjAmMDAwMCN7NGQxZTU1YjItZjE2Zi0xMWNmLTg4Y2ItMDAxMTExMDAwMDMwfQ==
2026-02-19 16:00:22,152 [INFO] Relay connected via HID: b'\\\\?\\HID#VID_16C0&PID_05DF#8&20d8742f&0&0000#{4d1e55b2-f16f-11cf-88cb-001111000030}'
2026-02-19 16:00:54,749 [INFO] [INIT] relay / HID @ XFw/XEhJRCNWSURfMTZDMCZQSURfMDVERiM4JjIwZDg3NDJmJjAmMDAwMCN7NGQxZTU1YjItZjE2Zi0xMWNmLTg4Y2ItMDAxMTExMDAwMDMwfQ==
2026-02-19 16:00:57,929 [INFO] Relay connected via HID: b'\\\\?\\HID#VID_16C0&PID_05DF#8&20d8742f&0&0000#{4d1e55b2-f16f-11cf-88cb-001111000030}'
2026-02-19 16:01:03,427 [INFO] Relay 7 -> ON (Command: [0, 255, 7])
2026-02-19 16:01:04,559 [INFO] Relay 8 -> ON (Command: [0, 255, 8])
2026-02-19 16:01:34,928 [INFO] Relay 8 -> OFF (Command: [0, 253, 8])
2026-02-19 16:01:36,144 [INFO] Relay 7 -> OFF (Command: [0, 253, 7])
2026-02-19 16:01:38,487 [INFO] Relay connected via HID: b'\\\\?\\HID#VID_16C0&PID_05DF#8&20d8742f&0&0000#{4d1e55b2-f16f-11cf-88cb-001111000030}'
2026-02-23 15:49:41,512 [INFO] [INIT] relay / HID @ XFw/XEhJRCNWSURfMTZDMCZQSURfMDVERiM4JjIwZDg3NDJmJjAmMDAwMCN7NGQxZTU1YjItZjE2Zi0xMWNmLTg4Y2ItMDAxMTExMDAwMDMwfQ==
2026-02-23 15:50:20,335 [INFO] [INIT] relay / HID @ XFw/XEhJRCNWSURfMTZDMCZQSURfMDVERiM4JjIwZDg3NDJmJjAmMDAwMCN7NGQxZTU1YjItZjE2Zi0xMWNmLTg4Y2ItMDAxMTExMDAwMDMwfQ==
2026-02-23 15:50:23,525 [INFO] Relay connected via HID: b'\\\\?\\HID#VID_16C0&PID_05DF#8&20d8742f&0&0000#{4d1e55b2-f16f-11cf-88cb-001111000030}'
2026-02-23 15:50:28,638 [INFO] Relay 7 -> ON (Command: [0, 255, 7])
2026-02-23 15:50:29,783 [INFO] Relay 8 -> ON (Command: [0, 255, 8])
2026-02-23 15:51:00,257 [INFO] Relay 8 -> OFF (Command: [0, 253, 8])
2026-02-23 15:51:01,478 [INFO] Relay 7 -> OFF (Command: [0, 253, 7])
2026-02-23 15:51:03,650 [INFO] Relay connected via HID: b'\\\\?\\HID#VID_16C0&PID_05DF#8&20d8742f&0&0000#{4d1e55b2-f16f-11cf-88cb-001111000030}'
